DEBUG 2025-05-15 20:25:19.445 UTC: 	 CRAB Client version: v3.250409
DEBUG 2025-05-15 20:25:19.445 UTC: 	 Running on: Linux lxplus920.cern.ch 5.14.0-503.40.1.el9_5.x86_64 #1 SMP PREEMPT_DYNAMIC Thu Apr 24 08:27:29 EDT 2025 x86_64 x86_64 x86_64 GNU/Linux
DEBUG 2025-05-15 20:25:19.445 UTC: 	 Not using Singularity
DEBUG 2025-05-15 20:25:19.446 UTC: 	 Operating System: Red Hat Enterprise Linux 9.5 (Plow)
DEBUG 2025-05-15 20:25:19.446 UTC: 	 Executing command: 'submit'
DEBUG 2025-05-15 20:25:19.446 UTC: 	 Found CRAB cache file /afs/cern.ch/user/a/apuglia/.crab3
INFO 2025-05-15 20:25:19.446 UTC: 	 Will use CRAB configuration file crab_cfg.py
DEBUG 2025-05-15 20:25:19.446 UTC: 	 Loading CRAB configuration file.
DEBUG 2025-05-15 20:25:19.450 UTC: 	 Will use CRAB plugin ANALYSIS (i.e. will run an analysis job type).
DEBUG 2025-05-15 20:25:19.456 UTC: 	 Checking credentials
DEBUG 2025-05-15 20:25:19.456 UTC: 	 Found proxy file /tmp/x509up_u180940
DEBUG 2025-05-15 20:25:19.456 UTC: 	 Making sure it has proper VOMS extension
DEBUG 2025-05-15 20:25:19.456 UTC: 	 Executing command :
 voms-proxy-info --vo --file /tmp/x509up_u180940
DEBUG 2025-05-15 20:25:19.786 UTC: 	 output : cms

 error: 
 retcode : 0
DEBUG 2025-05-15 20:25:19.786 UTC: 	 Getting proxy life time left
DEBUG 2025-05-15 20:25:19.786 UTC: 	 Executing command :
 voms-proxy-info --actimeleft --timeleft --file /tmp/x509up_u180940
DEBUG 2025-05-15 20:25:20.122 UTC: 	 output : 690945
690945

 error: 
 retcode : 0
DEBUG 2025-05-15 20:25:20.122 UTC: 	 Proxy valid for 191:55:45 hours
DEBUG 2025-05-15 20:25:20.123 UTC: 	 Encoded data for curl request: subresource=delegatedn
DEBUG 2025-05-15 20:25:20.164 UTC: 	 Registering user credentials on myproxy for /DC=ch/DC=cern/OU=computers/CN=crab-(preprod|prod)-tw(01|02).cern.ch|/DC=ch/DC=cern/OU=computers/CN=crab-dev-tw(01|02|03|04).cern.ch|/DC=ch/DC=cern/OU=Organic Units/OU=Users/CN=cmscrab/CN=(817881|373708)/CN=Robot: cms crab|/DC=ch/DC=cern/OU=Organic Units/OU=Users/CN=crabint1/CN=373708/CN=Robot: CMS CRAB Integration 1
DEBUG 2025-05-15 20:25:20.164 UTC: 	 Executing command :
 voms-proxy-info --identity --file /tmp/x509up_u180940
DEBUG 2025-05-15 20:25:20.485 UTC: 	 output : /DC=ch/DC=cern/OU=Organic Units/OU=Users/CN=apuglia/CN=885270/CN=Andrea Camilla Puglia

 error: 
 retcode : 0
DEBUG 2025-05-15 20:25:20.486 UTC: 	 Getting myproxy life time left for bbb60dc5a44802d56653e3a555244abd1d126f21
DEBUG 2025-05-15 20:25:20.486 UTC: 	 Executing command :
 myproxy-info -s myproxy.cern.ch -l bbb60dc5a44802d56653e3a555244abd1d126f21
DEBUG 2025-05-15 20:25:20.807 UTC: 	 output : username: bbb60dc5a44802d56653e3a555244abd1d126f21
owner: /DC=ch/DC=cern/OU=Organic Units/OU=Users/CN=apuglia/CN=885270/CN=Andrea Camilla Puglia
  renewal policy: /DC=ch/DC=cern/OU=computers/CN=crab-(preprod|prod)-tw(01|02).cern.ch|/DC=ch/DC=cern/OU=computers/CN=crab-dev-tw(01|02|03|04).cern.ch|/DC=ch/DC=cern/OU=Organic Units/OU=Users/CN=cmscrab/CN=(817881|373708)/CN=Robot: cms crab|/DC=ch/DC=cern/OU=Organic Units/OU=Users/CN=crabint1/CN=373708/CN=Robot: CMS CRAB Integration 1
  trusted retrieval policy: /DC=ch/DC=cern/OU=computers/CN=crab-(preprod|prod)-tw(01|02).cern.ch|/DC=ch/DC=cern/OU=computers/CN=crab-dev-tw(01|02|03|04).cern.ch|/DC=ch/DC=cern/OU=Organic Units/OU=Users/CN=cmscrab/CN=(817881|373708)/CN=Robot: cms crab|/DC=ch/DC=cern/OU=Organic Units/OU=Users/CN=crabint1/CN=373708/CN=Robot: CMS CRAB Integration 1
  timeleft: 719:55:53  (30.0 days)

 error: 
 retcode : 0
DEBUG 2025-05-15 20:25:20.807 UTC: 	 Myproxy is valid: 2591700
DEBUG 2025-05-15 20:25:20.807 UTC: 	 Result of myproxy credential check:
  Credential exists on myproxy: username: bbb60dc5a44802d56653e3a555244abd1d126f21  - validity: 29 days, 23:55:00
DEBUG 2025-05-15 20:25:20.807 UTC: 	 Command use: submit
DEBUG 2025-05-15 20:25:20.807 UTC: 	 Options use: ['crab_cfg.py']
DEBUG 2025-05-15 20:25:20.807 UTC: 	 Encoded data for curl request: subresource=version
DEBUG 2025-05-15 20:25:20.842 UTC: 	 CRABClient version: v3.250409
DEBUG 2025-05-15 20:25:20.842 UTC: 	 Instance is prod
DEBUG 2025-05-15 20:25:20.842 UTC: 	 Server base url is cmsweb.cern.ch
DEBUG 2025-05-15 20:25:20.842 UTC: 	 Command api workflow
DEBUG 2025-05-15 20:25:20.842 UTC: 	 Started submission
DEBUG 2025-05-15 20:25:20.842 UTC: 	 Working on /afs/cern.ch/user/a/apuglia/CMSSW_14_1_7/src/PhysicsTools/NanoAODTools/crab/crab_TTTo2J1L1Nu_v6
DEBUG 2025-05-15 20:25:20.842 UTC: 	 Encoded data for curl request: subresource=backendurls
DEBUG 2025-05-15 20:25:20.901 UTC: 	 Loading required information from the environment
DEBUG 2025-05-15 20:25:20.901 UTC: 	 Found CMSSW_14_1_7 for el9_amd64_gcc12 with base /afs/cern.ch/user/a/apuglia/CMSSW_14_1_7
DEBUG 2025-05-15 20:25:20.901 UTC: 	 Loading required information from the environment
DEBUG 2025-05-15 20:25:20.901 UTC: 	 Found CMSSW_14_1_7 for el9_amd64_gcc12 with base /afs/cern.ch/user/a/apuglia/CMSSW_14_1_7
DEBUG 2025-05-15 20:25:20.901 UTC: 	 UNIQUE NAME: tarUUID 8ef1e1e6-5872-4130-bae1-c80c2b25259a 
DEBUG 2025-05-15 20:25:20.901 UTC: 	 self.config: from WMCore.Configuration import Configuration
config = Configuration()
config.section_('General')
config.General.requestName = 'TTTo2J1L1Nu_v6'
config.General.transferLogs = True
config.section_('JobType')
config.JobType.sendVenvFolder = False
config.JobType.maxJobRuntimeMin = 2700
config.JobType.pluginName = 'Analysis'
config.JobType.scriptExe = 'crab_script.sh'
config.JobType.inputFiles = ['crab_script_copy.py', '../scripts/keep_and_drop_jets.txt']
config.JobType.psetName = 'PSet.py'
config.section_('Data')
config.Data.inputDBS = 'global'
config.Data.allowNonValidInputDataset = True
config.Data.outputDatasetTag = 'TTTo2J1L1Nu'
config.Data.inputDataset = '/TTTo2J1L1Nu_CP5_13p6TeV_powheg-pythia8/Run3Winter22NanoAOD-122X_mcRun3_2021_realistic_v9-v1/NANOAODSIM'
config.Data.unitsPerJob = 1
config.Data.outLFNDirBase = '/store/user/apuglia'
config.Data.splitting = 'FileBased'
config.Data.publication = False
config.section_('Site')
config.Site.storageSite = 'T2_IT_Pisa'

DEBUG 2025-05-15 20:25:20.901 UTC: 	 self.config.JobType.psetName: PSet.py
INFO 2025-05-15 20:25:20.901 UTC: 	 Importing CMSSW configuration PSet.py
INFO 2025-05-15 20:25:20.979 UTC: 	 Finished importing CMSSW configuration PSet.py
DEBUG 2025-05-15 20:25:20.980 UTC: 	 Writing CMSSW configuration to /afs/cern.ch/user/a/apuglia/CMSSW_14_1_7/src/PhysicsTools/NanoAODTools/crab/crab_TTTo2J1L1Nu_v6/inputs/PSet.py
DEBUG 2025-05-15 20:25:20.987 UTC: 	 The following EDM output files will be collected: ['tree_hadd.root']
DEBUG 2025-05-15 20:25:20.987 UTC: 	 The following TFile output files will be collected: []
DEBUG 2025-05-15 20:25:20.987 UTC: 	 The following user output files (not listed as PoolOuputModule or TFileService in the CMSSW PSet) will be collected: 
DEBUG 2025-05-15 20:25:20.987 UTC: 	 Loading required information from the environment
DEBUG 2025-05-15 20:25:20.987 UTC: 	 Found CMSSW_14_1_7 for el9_amd64_gcc12 with base /afs/cern.ch/user/a/apuglia/CMSSW_14_1_7
DEBUG 2025-05-15 20:25:20.987 UTC: 	 Making tarball in /afs/cern.ch/user/a/apuglia/CMSSW_14_1_7/src/PhysicsTools/NanoAODTools/crab/crab_TTTo2J1L1Nu_v6/inputs/8ef1e1e6-5872-4130-bae1-c80c2b25259adefault.tgz
DEBUG 2025-05-15 20:25:20.988 UTC: 	 Checking directory /afs/cern.ch/user/a/apuglia/CMSSW_14_1_7/bin
DEBUG 2025-05-15 20:25:20.988 UTC: 	 Adding directory /afs/cern.ch/user/a/apuglia/CMSSW_14_1_7/bin to tarball
DEBUG 2025-05-15 20:25:20.991 UTC: 	 Checking directory /afs/cern.ch/user/a/apuglia/CMSSW_14_1_7/python
DEBUG 2025-05-15 20:25:20.991 UTC: 	 Adding directory /afs/cern.ch/user/a/apuglia/CMSSW_14_1_7/python to tarball
DEBUG 2025-05-15 20:25:21.001 UTC: 	 Checking directory /afs/cern.ch/user/a/apuglia/CMSSW_14_1_7/cfipython
DEBUG 2025-05-15 20:25:21.001 UTC: 	 Adding directory /afs/cern.ch/user/a/apuglia/CMSSW_14_1_7/cfipython to tarball
DEBUG 2025-05-15 20:25:21.003 UTC: 	 Checking directory /afs/cern.ch/user/a/apuglia/CMSSW_14_1_7/lib
DEBUG 2025-05-15 20:25:21.003 UTC: 	 Adding directory /afs/cern.ch/user/a/apuglia/CMSSW_14_1_7/lib to tarball
DEBUG 2025-05-15 20:25:21.006 UTC: 	 Checking directory /afs/cern.ch/user/a/apuglia/CMSSW_14_1_7/biglib
DEBUG 2025-05-15 20:25:21.006 UTC: 	 Adding directory /afs/cern.ch/user/a/apuglia/CMSSW_14_1_7/biglib to tarball
DEBUG 2025-05-15 20:25:21.008 UTC: 	 Checking directory /afs/cern.ch/user/a/apuglia/CMSSW_14_1_7/module
DEBUG 2025-05-15 20:25:21.008 UTC: 	 Checking directory /afs/cern.ch/user/a/apuglia/CMSSW_14_1_7/config/SCRAM/hooks
DEBUG 2025-05-15 20:25:21.008 UTC: 	 Adding directory /afs/cern.ch/user/a/apuglia/CMSSW_14_1_7/config/SCRAM/hooks to tarball
DEBUG 2025-05-15 20:25:21.344 UTC: 	 Adding directory /afs/cern.ch/user/a/apuglia/CMSSW_14_1_7/src/PhysicsTools/NanoAODTools/data to tarball
DEBUG 2025-05-15 20:25:28.945 UTC: 	 Adding directory /afs/cern.ch/user/a/apuglia/CMSSW_14_1_7/src/PhysicsTools/NanoAODTools/interface to tarball
DEBUG 2025-05-15 20:25:28.953 UTC: 	 Adding directory /afs/cern.ch/user/a/apuglia/CMSSW_14_1_7/src/PhysicsTools/NanoAODTools/python to tarball
DEBUG 2025-05-15 20:25:42.871 UTC: 	 Adding directory /afs/cern.ch/user/a/apuglia/CMSSW_14_1_7/src/PhysicsTools/NanoAODTools/python/postprocessing/data to tarball
DEBUG 2025-05-15 20:25:45.391 UTC: 	 Adding file crab_script_copy.py to tarball
DEBUG 2025-05-15 20:25:45.392 UTC: 	 Adding file ../scripts/keep_and_drop_jets.txt to tarball
DEBUG 2025-05-15 20:25:50.997 UTC: 	 Uploading archive /afs/cern.ch/user/a/apuglia/CMSSW_14_1_7/src/PhysicsTools/NanoAODTools/crab/crab_TTTo2J1L1Nu_v6/inputs/8ef1e1e6-5872-4130-bae1-c80c2b25259adefault.tgz (113 MB) to the CRAB cache. Using URI https://cmsweb.cern.ch/S3/crabcache_prod
DEBUG 2025-05-15 20:26:08.638 UTC: 	 Encoded data for curl request: subresource=upload&objecttype=sandbox&tarballname=a136dc9874b85a45651cfbda8a4ae3d75011793aadd99083299d5f1acc1cb188.tar.gz
DEBUG 2025-05-15 20:26:08.701 UTC: 	 Will execute:
curl -f -v -X POST  -H "User-Agent: CRAB" -F "key=apuglia/sandboxes/a136dc9874b85a45651cfbda8a4ae3d75011793aadd99083299d5f1acc1cb188.tar.gz" -F "AWSAccessKeyId=715203df6482458ba839e73e6dab634b" -F "policy=eyJleHBpcmF0aW9uIjogIjIwMjUtMDUtMTVUMjE6MjY6MDhaIiwgImNvbmRpdGlvbnMiOiBbeyJidWNrZXQiOiAiY3JhYmNhY2hlX3Byb2QifSwgeyJrZXkiOiAiYXB1Z2xpYS9zYW5kYm94ZXMvYTEzNmRjOTg3NGI4NWE0NTY1MWNmYmRhOGE0YWUzZDc1MDExNzkzYWFkZDk5MDgzMjk5ZDVmMWFjYzFjYjE4OC50YXIuZ3oifV19" -F "signature=D0nD/xBDpe5V56NBodzFr4N4S/w=" -F "file=@/afs/cern.ch/user/a/apuglia/CMSSW_14_1_7/src/PhysicsTools/NanoAODTools/crab/crab_TTTo2J1L1Nu_v6/inputs/8ef1e1e6-5872-4130-bae1-c80c2b25259adefault.tgz" "https://s3.cern.ch/crabcache_prod"
DEBUG 2025-05-15 20:26:10.761 UTC: 	 exitcode: 0
stdout: b''
DEBUG 2025-05-15 20:26:10.762 UTC: 	 upload to S3 of sandbox /afs/cern.ch/user/a/apuglia/CMSSW_14_1_7/src/PhysicsTools/NanoAODTools/crab/crab_TTTo2J1L1Nu_v6/inputs/8ef1e1e6-5872-4130-bae1-c80c2b25259adefault.tgz completed
DEBUG 2025-05-15 20:26:10.762 UTC: 	 make sure that object is ready for retrieve
DEBUG 2025-05-15 20:26:11.763 UTC: 	 Encoded data for curl request: subresource=download&objecttype=sandbox&tarballname=a136dc9874b85a45651cfbda8a4ae3d75011793aadd99083299d5f1acc1cb188.tar.gz&clientmethod=head_object
DEBUG 2025-05-15 20:26:11.804 UTC: 	 PreSignedUrl to download sandbox received OK
DEBUG 2025-05-15 20:26:11.807 UTC: 	 Will execute:
 curl -v -s -f -o /dev/null --head  "https://s3.cern.ch/crabcache_prod/apuglia/sandboxes/a136dc9874b85a45651cfbda8a4ae3d75011793aadd99083299d5f1acc1cb188.tar.gz?AWSAccessKeyId=715203df6482458ba839e73e6dab634b&Signature=F%2FbA3jX18X5bHWeyROIWY6BTOBs%3D&Expires=1747344371"
DEBUG 2025-05-15 20:26:11.842 UTC: 	 exitcode: 0
stdout: b''
DEBUG 2025-05-15 20:26:11.842 UTC: 	 sandbox /afs/cern.ch/user/a/apuglia/CMSSW_14_1_7/src/PhysicsTools/NanoAODTools/crab/crab_TTTo2J1L1Nu_v6/inputs/8ef1e1e6-5872-4130-bae1-c80c2b25259adefault.tgz successfully uploaded to S3
DEBUG 2025-05-15 20:26:11.842 UTC: 	 Loading required information from the environment
DEBUG 2025-05-15 20:26:11.843 UTC: 	 Found CMSSW_14_1_7 for el9_amd64_gcc12 with base /afs/cern.ch/user/a/apuglia/CMSSW_14_1_7
DEBUG 2025-05-15 20:26:11.843 UTC: 	 Making tarball in /afs/cern.ch/user/a/apuglia/CMSSW_14_1_7/src/PhysicsTools/NanoAODTools/crab/crab_TTTo2J1L1Nu_v6/inputs/debugFiles.tgz
DEBUG 2025-05-15 20:26:11.846 UTC: 	 Uploading archive /afs/cern.ch/user/a/apuglia/CMSSW_14_1_7/src/PhysicsTools/NanoAODTools/crab/crab_TTTo2J1L1Nu_v6/inputs/debugFiles.tgz (1 KB) to the CRAB cache. Using URI https://cmsweb.cern.ch/S3/crabcache_prod
DEBUG 2025-05-15 20:26:11.848 UTC: 	 Encoded data for curl request: subresource=upload&objecttype=sandbox&tarballname=b6e93168b3ef5093ee7afed4a7bda4c4468f47374663deba4a385580a185b294.tar.gz
DEBUG 2025-05-15 20:26:11.992 UTC: 	 Will execute:
curl -f -v -X POST  -H "User-Agent: CRAB" -F "key=apuglia/sandboxes/b6e93168b3ef5093ee7afed4a7bda4c4468f47374663deba4a385580a185b294.tar.gz" -F "AWSAccessKeyId=715203df6482458ba839e73e6dab634b" -F "policy=eyJleHBpcmF0aW9uIjogIjIwMjUtMDUtMTVUMjE6MjY6MTFaIiwgImNvbmRpdGlvbnMiOiBbeyJidWNrZXQiOiAiY3JhYmNhY2hlX3Byb2QifSwgeyJrZXkiOiAiYXB1Z2xpYS9zYW5kYm94ZXMvYjZlOTMxNjhiM2VmNTA5M2VlN2FmZWQ0YTdiZGE0YzQ0NjhmNDczNzQ2NjNkZWJhNGEzODU1ODBhMTg1YjI5NC50YXIuZ3oifV19" -F "signature=6MB4lIHJtxUTVdvw2mqSt65vWP0=" -F "file=@/afs/cern.ch/user/a/apuglia/CMSSW_14_1_7/src/PhysicsTools/NanoAODTools/crab/crab_TTTo2J1L1Nu_v6/inputs/debugFiles.tgz" "https://s3.cern.ch/crabcache_prod"
DEBUG 2025-05-15 20:26:12.040 UTC: 	 exitcode: 0
stdout: b''
DEBUG 2025-05-15 20:26:12.040 UTC: 	 upload to S3 of sandbox /afs/cern.ch/user/a/apuglia/CMSSW_14_1_7/src/PhysicsTools/NanoAODTools/crab/crab_TTTo2J1L1Nu_v6/inputs/debugFiles.tgz completed
DEBUG 2025-05-15 20:26:12.040 UTC: 	 make sure that object is ready for retrieve
DEBUG 2025-05-15 20:26:13.041 UTC: 	 Encoded data for curl request: subresource=download&objecttype=sandbox&tarballname=b6e93168b3ef5093ee7afed4a7bda4c4468f47374663deba4a385580a185b294.tar.gz&clientmethod=head_object
DEBUG 2025-05-15 20:26:13.081 UTC: 	 PreSignedUrl to download sandbox received OK
DEBUG 2025-05-15 20:26:13.084 UTC: 	 Will execute:
 curl -v -s -f -o /dev/null --head  "https://s3.cern.ch/crabcache_prod/apuglia/sandboxes/b6e93168b3ef5093ee7afed4a7bda4c4468f47374663deba4a385580a185b294.tar.gz?AWSAccessKeyId=715203df6482458ba839e73e6dab634b&Signature=obPSiAHNWdG7%2FVwJ5D9zBYwcHXE%3D&Expires=1747344373"
DEBUG 2025-05-15 20:26:13.872 UTC: 	 exitcode: 0
stdout: b''
DEBUG 2025-05-15 20:26:13.873 UTC: 	 sandbox /afs/cern.ch/user/a/apuglia/CMSSW_14_1_7/src/PhysicsTools/NanoAODTools/crab/crab_TTTo2J1L1Nu_v6/inputs/debugFiles.tgz successfully uploaded to S3
DEBUG 2025-05-15 20:26:13.873 UTC: 	 Result uploading input files: a136dc9874b85a45651cfbda8a4ae3d75011793aadd99083299d5f1acc1cb188.tar.gz 
DEBUG 2025-05-15 20:26:13.875 UTC: 	 submit() - self.configuration from WMCore.Configuration import Configuration
config = Configuration()
config.section_('General')
config.General.requestName = 'TTTo2J1L1Nu_v6'
config.General.transferLogs = True
config.section_('JobType')
config.JobType.sendVenvFolder = False
config.JobType.maxJobRuntimeMin = 2700
config.JobType.pluginName = 'Analysis'
config.JobType.scriptExe = 'crab_script.sh'
config.JobType.inputFiles = ['crab_script_copy.py', '../scripts/keep_and_drop_jets.txt']
config.JobType.psetName = 'PSet.py'
config.section_('Data')
config.Data.inputDBS = 'global'
config.Data.allowNonValidInputDataset = True
config.Data.outputDatasetTag = 'TTTo2J1L1Nu'
config.Data.inputDataset = '/TTTo2J1L1Nu_CP5_13p6TeV_powheg-pythia8/Run3Winter22NanoAOD-122X_mcRun3_2021_realistic_v9-v1/NANOAODSIM'
config.Data.unitsPerJob = 1
config.Data.outLFNDirBase = '/store/user/apuglia'
config.Data.splitting = 'FileBased'
config.Data.publication = False
config.section_('Site')
config.Site.storageSite = 'T2_IT_Pisa'

DEBUG 2025-05-15 20:26:13.875 UTC: 	 submit() - self.configreq {'dryrun': 0, 'workflow': 'crab_TTTo2J1L1Nu_v6', 'saveoutput': 1, 'savelogsflag': 1, 'inputdata': '/TTTo2J1L1Nu_CP5_13p6TeV_powheg-pythia8/Run3Winter22NanoAOD-122X_mcRun3_2021_realistic_v9-v1/NANOAODSIM', 'nonvaliddata': 1, 'userfiles': [], 'dbsurl': 'https://cmsweb.cern.ch/dbs/prod/global/DBSReader', 'useparent': 0, 'ignorelocality': 0, 'splitalgo': 'FileBased', 'algoargs': 1, 'totalunits': 0, 'lfn': '/store/user/apuglia', 'publication': 0, 'publishdbsurl': 'https://cmsweb.cern.ch/dbs/prod/phys03/DBSWriter', 'publishname2': 'TTTo2J1L1Nu', 'jobtype': 'Analysis', 'generator': 'pythia', 'addoutputfiles': [], 'maxjobruntime': 2700, 'numcores': 1, 'maxmemory': 2000, 'priority': 10, 'nonprodsw': 0, 'scriptexe': 'crab_script.sh', 'asyncdest': 'T2_IT_Pisa', 'requireaccelerator': 0, 'oneEventMode': 0, 'extrajdl': [], 'ignoreglobalblacklist': 0, 'partialdataset': 0, 'inputblocks': []}
DEBUG 2025-05-15 20:26:13.875 UTC: 	 submit() - jobconfig {'addoutputfiles': [], 'tfileoutfiles': [], 'edmoutfiles': ['tree_hadd.root'], 'jobarch': 'el9_amd64_gcc12', 'jobminuarch': 'any', 'jobsw': 'CMSSW_14_1_7', 'inputdata': '/TTTo2J1L1Nu_CP5_13p6TeV_powheg-pythia8/Run3Winter22NanoAOD-122X_mcRun3_2021_realistic_v9-v1/NANOAODSIM', 'cacheurl': 'https://cmsweb.cern.ch/S3/crabcache_prod', 'cachefilename': 'a136dc9874b85a45651cfbda8a4ae3d75011793aadd99083299d5f1acc1cb188.tar.gz', 'debugfilename': 'b6e93168b3ef5093ee7afed4a7bda4c4468f47374663deba4a385580a185b294.tar.gz', 'jobtype': 'Analysis'}
INFO 2025-05-15 20:26:13.875 UTC: 	 Sending the request to the server at cmsweb.cern.ch
DEBUG 2025-05-15 20:26:13.875 UTC: 	 Submitting {'dryrun': 0, 'workflow': 'crab_TTTo2J1L1Nu_v6', 'saveoutput': 1, 'savelogsflag': 1, 'inputdata': '/TTTo2J1L1Nu_CP5_13p6TeV_powheg-pythia8/Run3Winter22NanoAOD-122X_mcRun3_2021_realistic_v9-v1/NANOAODSIM', 'nonvaliddata': 1, 'userfiles': [], 'dbsurl': 'https://cmsweb.cern.ch/dbs/prod/global/DBSReader', 'useparent': 0, 'ignorelocality': 0, 'splitalgo': 'FileBased', 'algoargs': 1, 'totalunits': 0, 'lfn': '/store/user/apuglia', 'publication': 0, 'publishdbsurl': 'https://cmsweb.cern.ch/dbs/prod/phys03/DBSWriter', 'publishname2': 'TTTo2J1L1Nu', 'jobtype': 'Analysis', 'generator': 'pythia', 'addoutputfiles': [], 'maxjobruntime': 2700, 'numcores': 1, 'maxmemory': 2000, 'priority': 10, 'nonprodsw': 0, 'scriptexe': 'crab_script.sh', 'asyncdest': 'T2_IT_Pisa', 'requireaccelerator': 0, 'oneEventMode': 0, 'extrajdl': [], 'ignoreglobalblacklist': 0, 'partialdataset': 0, 'inputblocks': [], 'tfileoutfiles': [], 'edmoutfiles': ['tree_hadd.root'], 'jobarch': 'el9_amd64_gcc12', 'jobminuarch': 'any', 'jobsw': 'CMSSW_14_1_7', 'cacheurl': 'https://cmsweb.cern.ch/S3/crabcache_prod', 'cachefilename': 'a136dc9874b85a45651cfbda8a4ae3d75011793aadd99083299d5f1acc1cb188.tar.gz', 'debugfilename': 'b6e93168b3ef5093ee7afed4a7bda4c4468f47374663deba4a385580a185b294.tar.gz'} 
DEBUG 2025-05-15 20:26:13.875 UTC: 	 Encoded data for curl request: dryrun=0&workflow=crab_TTTo2J1L1Nu_v6&saveoutput=1&savelogsflag=1&inputdata=%2FTTTo2J1L1Nu_CP5_13p6TeV_powheg-pythia8%2FRun3Winter22NanoAOD-122X_mcRun3_2021_realistic_v9-v1%2FNANOAODSIM&nonvaliddata=1&dbsurl=https%3A%2F%2Fcmsweb.cern.ch%2Fdbs%2Fprod%2Fglobal%2FDBSReader&useparent=0&ignorelocality=0&splitalgo=FileBased&algoargs=1&totalunits=0&lfn=%2Fstore%2Fuser%2Fapuglia&publication=0&publishdbsurl=https%3A%2F%2Fcmsweb.cern.ch%2Fdbs%2Fprod%2Fphys03%2FDBSWriter&publishname2=TTTo2J1L1Nu&jobtype=Analysis&generator=pythia&maxjobruntime=2700&numcores=1&maxmemory=2000&priority=10&nonprodsw=0&scriptexe=crab_script.sh&asyncdest=T2_IT_Pisa&requireaccelerator=0&oneEventMode=0&ignoreglobalblacklist=0&partialdataset=0&jobarch=el9_amd64_gcc12&jobminuarch=any&jobsw=CMSSW_14_1_7&cacheurl=https%3A%2F%2Fcmsweb.cern.ch%2FS3%2Fcrabcache_prod&cachefilename=a136dc9874b85a45651cfbda8a4ae3d75011793aadd99083299d5f1acc1cb188.tar.gz&debugfilename=b6e93168b3ef5093ee7afed4a7bda4c4468f47374663deba4a385580a185b294.tar.gz&edmoutfiles=tree_hadd.root
DEBUG 2025-05-15 20:26:14.205 UTC: 	 Result: {'result': [{'RequestName': '250515_202613:apuglia_crab_TTTo2J1L1Nu_v6'}]}
INFO 2025-05-15 20:26:14.214 UTC: 	 Success: Your task has been delivered to the prod CRAB3 server.
INFO 2025-05-15 20:26:14.215 UTC: 	 Task name: 250515_202613:apuglia_crab_TTTo2J1L1Nu_v6
INFO 2025-05-15 20:26:14.215 UTC: 	 Project dir: ./crab_TTTo2J1L1Nu_v6
INFO 2025-05-15 20:26:14.215 UTC: 	 Please use ' crab status -d ./crab_TTTo2J1L1Nu_v6 ' to check how the submission process proceeds.
DEBUG 2025-05-15 20:26:14.215 UTC: 	 About to return
INFO 2025-05-15 20:26:14.217 UTC: 	 Log file is /afs/cern.ch/user/a/apuglia/CMSSW_14_1_7/src/PhysicsTools/NanoAODTools/crab/crab_TTTo2J1L1Nu_v6/crab.log
DEBUG 2025-05-16 08:41:06.549 UTC: 	 CRAB Client version: v3.250409
DEBUG 2025-05-16 08:41:06.549 UTC: 	 Running on: Linux lxplus941.cern.ch 5.14.0-503.35.1.el9_5.x86_64 #1 SMP PREEMPT_DYNAMIC Mon Mar 24 11:15:27 EDT 2025 x86_64 x86_64 x86_64 GNU/Linux
DEBUG 2025-05-16 08:41:06.549 UTC: 	 Not using Singularity
DEBUG 2025-05-16 08:41:06.549 UTC: 	 Operating System: Red Hat Enterprise Linux 9.5 (Plow)
DEBUG 2025-05-16 08:41:06.549 UTC: 	 Executing command: 'status'
DEBUG 2025-05-16 08:41:06.549 UTC: 	 Found CRAB cache file /afs/cern.ch/user/a/apuglia/.crab3
DEBUG 2025-05-16 08:41:06.590 UTC: 	 Checking credentials
DEBUG 2025-05-16 08:41:06.734 UTC: 	 Found proxy file /tmp/x509up_u180940
DEBUG 2025-05-16 08:41:06.735 UTC: 	 Making sure it has proper VOMS extension
DEBUG 2025-05-16 08:41:06.735 UTC: 	 Executing command :
 voms-proxy-info --vo --file /tmp/x509up_u180940
DEBUG 2025-05-16 08:41:07.136 UTC: 	 output : cms

 error: 
 retcode : 0
DEBUG 2025-05-16 08:41:07.137 UTC: 	 Getting proxy life time left
DEBUG 2025-05-16 08:41:07.137 UTC: 	 Executing command :
 voms-proxy-info --actimeleft --timeleft --file /tmp/x509up_u180940
DEBUG 2025-05-16 08:41:07.512 UTC: 	 output : 626241
626241

 error: 
 retcode : 0
DEBUG 2025-05-16 08:41:07.512 UTC: 	 Proxy valid for 173:57:21 hours
DEBUG 2025-05-16 08:41:07.513 UTC: 	 Encoded data for curl request: subresource=delegatedn
DEBUG 2025-05-16 08:41:07.627 UTC: 	 Registering user credentials on myproxy for /DC=ch/DC=cern/OU=computers/CN=crab-(preprod|prod)-tw(01|02).cern.ch|/DC=ch/DC=cern/OU=computers/CN=crab-dev-tw(01|02|03|04).cern.ch|/DC=ch/DC=cern/OU=Organic Units/OU=Users/CN=cmscrab/CN=(817881|373708)/CN=Robot: cms crab|/DC=ch/DC=cern/OU=Organic Units/OU=Users/CN=crabint1/CN=373708/CN=Robot: CMS CRAB Integration 1
DEBUG 2025-05-16 08:41:07.627 UTC: 	 Executing command :
 voms-proxy-info --identity --file /tmp/x509up_u180940
DEBUG 2025-05-16 08:41:07.999 UTC: 	 output : /DC=ch/DC=cern/OU=Organic Units/OU=Users/CN=apuglia/CN=885270/CN=Andrea Camilla Puglia

 error: 
 retcode : 0
DEBUG 2025-05-16 08:41:07.999 UTC: 	 Getting myproxy life time left for bbb60dc5a44802d56653e3a555244abd1d126f21
DEBUG 2025-05-16 08:41:07.999 UTC: 	 Executing command :
 myproxy-info -s myproxy.cern.ch -l bbb60dc5a44802d56653e3a555244abd1d126f21
DEBUG 2025-05-16 08:41:08.342 UTC: 	 output : username: bbb60dc5a44802d56653e3a555244abd1d126f21
owner: /DC=ch/DC=cern/OU=Organic Units/OU=Users/CN=apuglia/CN=885270/CN=Andrea Camilla Puglia
  renewal policy: /DC=ch/DC=cern/OU=computers/CN=crab-(preprod|prod)-tw(01|02).cern.ch|/DC=ch/DC=cern/OU=computers/CN=crab-dev-tw(01|02|03|04).cern.ch|/DC=ch/DC=cern/OU=Organic Units/OU=Users/CN=cmscrab/CN=(817881|373708)/CN=Robot: cms crab|/DC=ch/DC=cern/OU=Organic Units/OU=Users/CN=crabint1/CN=373708/CN=Robot: CMS CRAB Integration 1
  trusted retrieval policy: /DC=ch/DC=cern/OU=computers/CN=crab-(preprod|prod)-tw(01|02).cern.ch|/DC=ch/DC=cern/OU=computers/CN=crab-dev-tw(01|02|03|04).cern.ch|/DC=ch/DC=cern/OU=Organic Units/OU=Users/CN=cmscrab/CN=(817881|373708)/CN=Robot: cms crab|/DC=ch/DC=cern/OU=Organic Units/OU=Users/CN=crabint1/CN=373708/CN=Robot: CMS CRAB Integration 1
  timeleft: 707:40:05  (29.5 days)

 error: 
 retcode : 0
DEBUG 2025-05-16 08:41:08.342 UTC: 	 Myproxy is valid: 2547600
DEBUG 2025-05-16 08:41:08.342 UTC: 	 Result of myproxy credential check:
  Credential exists on myproxy: username: bbb60dc5a44802d56653e3a555244abd1d126f21  - validity: 29 days, 11:40:00
DEBUG 2025-05-16 08:41:08.342 UTC: 	 Retrieving username ...
DEBUG 2025-05-16 08:41:08.342 UTC: 	 Retrieving username from CRIC...
DEBUG 2025-05-16 08:41:09.054 UTC: 	 username is apuglia
INFO 2025-05-16 08:41:09.920 UTC: 	 Rucio client intialized for account apuglia
DEBUG 2025-05-16 08:41:09.920 UTC: 	 Command use: status
DEBUG 2025-05-16 08:41:09.920 UTC: 	 Options use: ['-d', './crab_TTTo2J1L1Nu_v6']
DEBUG 2025-05-16 08:41:09.920 UTC: 	 Encoded data for curl request: subresource=version
DEBUG 2025-05-16 08:41:09.958 UTC: 	 CRABClient version: v3.250409
DEBUG 2025-05-16 08:41:09.958 UTC: 	 Instance is prod
DEBUG 2025-05-16 08:41:09.958 UTC: 	 Server base url is cmsweb.cern.ch
DEBUG 2025-05-16 08:41:09.958 UTC: 	 Command api workflow
DEBUG 2025-05-16 08:41:09.959 UTC: 	 Encoded data for curl request: subresource=search&workflow=250515_202613%3Aapuglia_crab_TTTo2J1L1Nu_v6
DEBUG 2025-05-16 08:41:10.011 UTC: 	 Got information from server oracle database: {'desc': {'columns': ['tm_taskname', 'tm_activity', 'tm_task_status', 'tm_task_command', 'tm_start_time', 'tm_start_injection', 'tm_end_injection', 'tm_task_failure', 'tm_job_sw', 'tm_job_arch', 'tm_input_dataset', 'tm_nonvalid_input_dataset', 'tm_use_parent', 'tm_site_whitelist', 'tm_site_blacklist', 'tm_split_algo', 'tm_split_args', 'tm_user_sandbox', 'tm_cache_url', 'tm_username', 'tm_user_dn', 'tm_user_vo', 'tm_user_role', 'tm_user_group', 'tm_publish_name', 'tm_publish_groupname', 'tm_asyncdest', 'tm_dbs_url', 'tm_publish_dbs_url', 'tm_publication', 'tm_outfiles', 'tm_tfile_outfiles', 'tm_edm_outfiles', 'tm_job_type', 'tm_generator', 'tm_events_per_lumi', 'tm_arguments', 'tm_save_logs', 'tw_name', 'tm_user_infiles', 'tm_maxjobruntime', 'tm_numcores', 'tm_maxmemory', 'tm_priority', 'tm_output_dataset', 'tm_task_warnings', 'tm_user_webdir', 'tm_scriptexe', 'tm_scriptargs', 'tm_extrajdl', 'tm_collector', 'tm_schedd', 'tm_dry_run', 'tm_user_files', 'tm_transfer_outputs', 'tm_output_lfn', 'tm_ignore_locality', 'tm_fail_limit', 'tm_one_event_mode', 'tm_secondary_input_dataset', 'tm_primary_dataset', 'tm_last_publication', 'tm_debug_files', 'clusterid', 'tm_ignore_global_blacklist', 'tm_submitter_ip_addr', 'tm_totalunits', 'tm_ddm_reqid', 'tm_user_config', 'tm_transfer_container', 'tm_transfer_rule', 'tm_publish_rule', 'tm_multipub_rule', 'tm_job_min_microarch', 'tm_dagman_status', 'tm_num_jobs', 'tm_uploaded']}, 'result': ['250515_202613:apuglia_crab_TTTo2J1L1Nu_v6', 'None', 'SUBMITTED', 'SUBMIT', '2025-05-15 20:26:14.198840', 'None', '2025-05-15 20:26:56.553791', 'None', 'CMSSW_14_1_7', 'el9_amd64_gcc12', '/TTTo2J1L1Nu_CP5_13p6TeV_powheg-pythia8/Run3Winter22NanoAOD-122X_mcRun3_2021_realistic_v9-v1/NANOAODSIM', 'T', '0', '[]', '[]', 'FileBased', "{'halt_job_on_file_boundaries': False, 'splitOnRun': False, 'files_per_job': 1, 'runs': [], 'lumis': []}", 'a136dc9874b85a45651cfbda8a4ae3d75011793aadd99083299d5f1acc1cb188.tar.gz', 'https://cmsweb.cern.ch/S3/crabcache_prod', 'apuglia', '/DC=ch/DC=cern/OU=Organic Units/OU=Users/CN=apuglia/CN=885270/CN=Andrea Camilla Puglia', 'cms', 'None', 'None', 'TTTo2J1L1Nu-00000000000000000000000000000000', 'F', 'T2_IT_Pisa', 'https://cmsweb.cern.ch/dbs/prod/global/DBSReader', 'https://cmsweb.cern.ch/dbs/prod/phys03/DBSWriter', 'F', '[]', '[]', "['tree_hadd.root']", 'Analysis', 'pythia', 'None', '{}', 'T', 'crab-prod-tw01', '[]', '2700', '1', '2000', '10', 'None', '[]', 'http://vocms0137.cern.ch/mon/apuglia/250515_202613:apuglia_crab_TTTo2J1L1Nu_v6', 'crab_script.sh', '[]', '[]', 'cmsgwms-collector-global.cern.ch:9620,cmsgwms-collector-global.fnal.gov:9620', 'crab3@vocms0137.cern.ch', 'F', '[]', 'T', '/store/user/apuglia', 'F', 'None', 'F', 'None', 'TTTo2J1L1Nu_CP5_13p6TeV_powheg-pythia8', 'None', 'b6e93168b3ef5093ee7afed4a7bda4c4468f47374663deba4a385580a185b294.tar.gz', '122606576', 'F', '188.184.75.82', '0.0', 'None', '{"partialdataset": false, "requireaccelerator": false, "acceleratorparams": null, "inputblocks": null}', 'None', 'None', 'None', 'None', 'any', 'FAILED', '68', 'F']}
INFO 2025-05-16 08:41:10.012 UTC: 	 CRAB project directory:		/afs/cern.ch/user/a/apuglia/CMSSW_14_1_7/src/PhysicsTools/NanoAODTools/crab/crab_TTTo2J1L1Nu_v6
INFO 2025-05-16 08:41:10.012 UTC: 	 Task name:			250515_202613:apuglia_crab_TTTo2J1L1Nu_v6
INFO 2025-05-16 08:41:10.012 UTC: 	 Grid scheduler - Task Worker:	crab3@vocms0137.cern.ch - crab-prod-tw01
INFO 2025-05-16 08:41:10.012 UTC: 	 Status on the CRAB server:	SUBMITTED
INFO 2025-05-16 08:41:10.013 UTC: 	 Task URL to use for HELP:	https://cmsweb.cern.ch/crabserver/ui/task/250515_202613%3Aapuglia_crab_TTTo2J1L1Nu_v6
INFO 2025-05-16 08:41:10.020 UTC: 	 Dashboard monitoring URL:	https://monit-grafana.cern.ch/d/cmsTMDetail/cms-task-monitoring-task-view?orgId=11&var-user=apuglia&var-task=250515_202613%3Aapuglia_crab_TTTo2J1L1Nu_v6&from=1747337174000&to=now
DEBUG 2025-05-16 08:41:10.021 UTC: 	 The CRAB server submitted your task to the Grid scheduler (cluster ID: 122606576)
DEBUG 2025-05-16 08:41:10.021 UTC: 	 Webdir is located at http://vocms0137.cern.ch/mon/apuglia/250515_202613:apuglia_crab_TTTo2J1L1Nu_v6
DEBUG 2025-05-16 08:41:10.021 UTC: 	 Encoded data for curl request: subresource=webdirprx&workflow=250515_202613%3Aapuglia_crab_TTTo2J1L1Nu_v6
DEBUG 2025-05-16 08:41:10.058 UTC: 	 Proxied webdir is located at https://cmsweb.cern.ch:8443/scheddmon/0137/apuglia/250515_202613:apuglia_crab_TTTo2J1L1Nu_v6
DEBUG 2025-05-16 08:41:10.058 UTC: 	 Retrieving 'status_cache' file from https://cmsweb.cern.ch:8443/scheddmon/0137/apuglia/250515_202613:apuglia_crab_TTTo2J1L1Nu_v6/status_cache.pkl
DEBUG 2025-05-16 08:41:10.058 UTC: 	 Will execute:
curl -sS --capath /etc/grid-security/certificates --cert /tmp/x509up_u180940 --key /tmp/x509up_u180940 -o /tmp/crab_status-cache-dtra4hzt.pkl -w %"{http_code}" "https://cmsweb.cern.ch:8443/scheddmon/0137/apuglia/250515_202613:apuglia_crab_TTTo2J1L1Nu_v6/status_cache.pkl"
DEBUG 2025-05-16 08:41:10.058 UTC: 	 Executing command :
 curl -sS --capath /etc/grid-security/certificates --cert /tmp/x509up_u180940 --key /tmp/x509up_u180940 -o /tmp/crab_status-cache-dtra4hzt.pkl -w %"{http_code}" "https://cmsweb.cern.ch:8443/scheddmon/0137/apuglia/250515_202613:apuglia_crab_TTTo2J1L1Nu_v6/status_cache.pkl"
DEBUG 2025-05-16 08:41:10.090 UTC: 	 output : 200
 error: 
 retcode : 0
DEBUG 2025-05-16 08:41:10.090 UTC: 	 exitcode: 0
stdout: 200
stderr: 
error details: 
DEBUG 2025-05-16 08:41:10.092 UTC: 	 Got information from status cache file: {'2': {'Retries': 2, 'Restarts': 0, 'SiteHistory': ['Unknown', 'T2_US_Florida', 'T2_US_Florida', 'T2_US_Wisconsin', 'T2_US_Wisconsin', 'T2_US_Wisconsin', 'T2_US_Wisconsin'], 'ResidentSetSize': [127596, 43236, 89200], 'SubmitTimes': [1747340886.0, 1747341236.0, 1747341562.0], 'StartTimes': [1747341106.0, 1747341350.0, 1747341614.0], 'EndTimes': [1747341170.0, 1747341435.0, 1747341679.0], 'TotalUserCpuTimeHistory': [0, 20, 8], 'TotalSysCpuTimeHistory': [0, 0, 0], 'WallDurations': [64.0, 0, 85.0, 197.3893666267395, 197.3893666267395, 65.0, 233.75851798057556], 'JobIds': ['122606604.0', '122606892.0', '122607260.0'], 'State': 'failed', 'RecordedSite': True, 'Error': [50115, 'BadFWJRXML', {}]}, '12': {'Retries': 2, 'Restarts': 0, 'SiteHistory': ['Unknown', 'T1_US_FNAL', 'T1_US_FNAL', 'T1_FR_CCIN2P3', 'T1_FR_CCIN2P3', 'T2_US_Florida', 'T2_US_Florida'], 'ResidentSetSize': [51780, 65076, 101012], 'SubmitTimes': [1747340886.0, 1747341175.0, 1747341415.0], 'StartTimes': [1747341042.0, 1747341222.0, 1747341427.0], 'EndTimes': [1747341108.0, 1747341284.0, 1747341491.0], 'TotalUserCpuTimeHistory': [8, 0, 6], 'TotalSysCpuTimeHistory': [1, 0, 0], 'WallDurations': [66.0, 9.0, 24.99375009536743, 24.99375009536743, 62.0, 64.0, 120.3893666267395], 'JobIds': ['122606605.0', '122606806.0', '122607033.0'], 'State': 'failed', 'RecordedSite': True}, '8': {'Retries': 2, 'Restarts': 0, 'SiteHistory': ['Unknown', 'T1_FR_CCIN2P3', 'T1_FR_CCIN2P3', 'T2_US_Wisconsin', 'T2_US_Wisconsin', 'T2_US_Wisconsin', 'T2_US_Wisconsin'], 'ResidentSetSize': [82144, 57208, 43392], 'SubmitTimes': [1747340886.0, 1747341160.0, 1747341360.0], 'StartTimes': [1747341031.0, 1747341173.0, 1747341385.0], 'EndTimes': [1747341092.0, 1747341236.0, 1747341448.0], 'TotalUserCpuTimeHistory': [2, 2, 7], 'TotalSysCpuTimeHistory': [0, 0, 0], 'WallDurations': [61.0, 63.0, 73.99375009536743, 73.99375009536743, 73.99375009536743, 63.0, 162.3893666267395], 'JobIds': ['122606606.0', '122606788.0', '122606986.0'], 'State': 'failed', 'RecordedSite': True, 'Error': [50115, 'BadFWJRXML', {}]}, '10': {'Retries': 2, 'Restarts': 0, 'SiteHistory': ['Unknown', 'T1_US_FNAL', 'T1_US_FNAL', 'T2_US_Florida', 'T2_US_Florida', 'T2_US_Florida', 'T2_US_Florida'], 'ResidentSetSize': [104288, 85712, 87540], 'SubmitTimes': [1747340886.0, 1747341196.0, 1747341547.0], 'StartTimes': [1747341042.0, 1747341354.0, 1747341612.0], 'EndTimes': [1747341126.0, 1747341417.0, 1747341675.0], 'TotalUserCpuTimeHistory': [18, 4, 8], 'TotalSysCpuTimeHistory': [0, 0, 0], 'WallDurations': [84.0, 0, 63.0, 0, 63.0, 235.75851798057556, 235.75851798057556], 'JobIds': ['122606607.0', '122606848.0', '122607242.0'], 'State': 'failed', 'RecordedSite': True, 'Error': [50115, 'BadFWJRXML', {}]}, '3': {'Retries': 2, 'Restarts': 0, 'SiteHistory': ['Unknown', 'T2_US_Wisconsin', 'T2_US_Wisconsin', 'T2_US_Wisconsin', 'T2_US_Wisconsin', 'T2_US_Wisconsin', 'T2_US_Wisconsin'], 'ResidentSetSize': [45676, 263580, 134516], 'SubmitTimes': [1747340886.0, 1747341305.0, 1747341597.0], 'StartTimes': [1747341107.0, 1747341352.0, 1747341615.0], 'EndTimes': [1747341237.0, 1747341468.0, 1747341703.0], 'TotalUserCpuTimeHistory': [22, 16, 26], 'TotalSysCpuTimeHistory': [0, 0, 1], 'WallDurations': [130.0, 139.99375009536743, 139.99375009536743, 116.0, 195.3893666267395, 88.0, 232.75851798057556], 'JobIds': ['122606608.0', '122606944.0', '122607287.0'], 'State': 'failed', 'RecordedSite': True, 'Error': [50115, 'BadFWJRXML', {}]}, '9': {'Retries': 2, 'Restarts': 0, 'SiteHistory': ['Unknown', 'T1_US_FNAL', 'T1_US_FNAL', 'T2_US_Florida', 'T2_US_Florida', 'T2_US_Florida', 'T2_US_Florida'], 'ResidentSetSize': [97132, 19372, 87488], 'SubmitTimes': [1747340886.0, 1747341196.0, 1747341547.0], 'StartTimes': [1747341043.0, 1747341356.0, 1747341618.0], 'EndTimes': [1747341128.0, 1747341419.0, 1747341682.0], 'TotalUserCpuTimeHistory': [7, 2, 6], 'TotalSysCpuTimeHistory': [1, 0, 0], 'WallDurations': [85.0, 0, 63.0, 191.3893666267395, 191.3893666267395, 64.0, 229.75851798057556], 'JobIds': ['122606609.0', '122606849.0', '122607244.0'], 'State': 'failed', 'RecordedSite': True, 'Error': [50115, 'BadFWJRXML', {}]}, '4': {'Retries': 2, 'Restarts': 0, 'SiteHistory': ['Unknown', 'T2_US_Wisconsin', 'T2_US_Wisconsin', 'T2_BR_SPRACE', 'T2_BR_SPRACE', 'T2_US_Wisconsin', 'T2_US_Wisconsin'], 'ResidentSetSize': [44664, 297880, 45240], 'SubmitTimes': [1747340886.0, 1747341335.0, 1747341735.0], 'StartTimes': [1747341200.0, 1747341422.0, 1747341759.0], 'EndTimes': [1747341264.0, 1747341602.0, 1747341822.0], 'TotalUserCpuTimeHistory': [14, 9, 4], 'TotalSysCpuTimeHistory': [0, 0, 0], 'WallDurations': [8.0, 46.99375009536743, 64.0, 9.0, 180.0, 63.0, 88.75851798057556], 'JobIds': ['122606610.0', '122606976.0', '122607376.0'], 'State': 'failed', 'RecordedSite': True}, '11': {'Retries': 2, 'Restarts': 0, 'SiteHistory': ['Unknown', 'T1_US_FNAL', 'T1_US_FNAL', 'T1_US_FNAL', 'T1_US_FNAL', 'T1_US_FNAL', 'T1_US_FNAL'], 'ResidentSetSize': [163772, 94644, 85460], 'SubmitTimes': [1747340886.0, 1747341196.0, 1747341620.0], 'StartTimes': [1747341048.0, 1747341349.0, 1747341661.0], 'EndTimes': [1747341127.0, 1747341490.0, 1747341744.0], 'TotalUserCpuTimeHistory': [16, 15, 26], 'TotalSysCpuTimeHistory': [3, 1, 3], 'WallDurations': [79.0, 0, 141.0, 198.3893666267395, 198.3893666267395, 83.0, 186.75851798057556], 'JobIds': ['122606611.0', '122606846.0', '122607306.0'], 'State': 'failed', 'RecordedSite': True}, '7': {'Retries': 2, 'Restarts': 0, 'SiteHistory': ['Unknown', 'T1_FR_CCIN2P3', 'T1_FR_CCIN2P3', 'T2_US_Caltech', 'T2_US_Caltech', 'T1_FR_CCIN2P3', 'T1_FR_CCIN2P3'], 'ResidentSetSize': [89184, 147204, 80640], 'SubmitTimes': [1747340886.0, 1747341226.0, 1747341465.0], 'StartTimes': [1747341095.0, 1747341244.0, 1747341474.0], 'EndTimes': [1747341157.0, 1747341337.0, 1747341537.0], 'TotalUserCpuTimeHistory': [3, 1, 12], 'TotalSysCpuTimeHistory': [0, 0, 0], 'WallDurations': [62.0, 0, 2.9937500953674316, 2.9937500953674316, 93.0, 63.0, 73.3893666267395], 'JobIds': ['122606612.0', '122606883.0', '122607085.0'], 'State': 'failed', 'RecordedSite': True}, '13': {'Retries': 2, 'Restarts': 0, 'SiteHistory': ['Unknown', 'T1_US_FNAL', 'T1_US_FNAL', 'T1_US_FNAL', 'T1_US_FNAL', 'T1_US_FNAL', 'T1_US_FNAL'], 'ResidentSetSize': [119228, 83624, 46648], 'SubmitTimes': [1747340886.0, 1747341186.0, 1747341495.0], 'StartTimes': [1747341043.0, 1747341302.0, 1747341544.0], 'EndTimes': [1747341114.0, 1747341366.0, 1747341652.0], 'TotalUserCpuTimeHistory': [5, 3, 27], 'TotalSysCpuTimeHistory': [0, 0, 1], 'WallDurations': [71.0, 0, 64.0, 0, 3.389366626739502, 3.389366626739502, 108.0], 'JobIds': ['122606613.0', '122606826.0', '122607136.0'], 'State': 'failed', 'RecordedSite': True, 'Error': [50115, 'BadFWJRXML', {}]}, '5': {'Retries': 2, 'Restarts': 0, 'SiteHistory': ['Unknown', 'T2_BE_IIHE', 'T2_BE_IIHE', 'T2_US_Wisconsin', 'T2_US_Wisconsin', 'T2_US_Wisconsin', 'T2_US_Wisconsin'], 'ResidentSetSize': [241516, 105452, 116024], 'SubmitTimes': [1747340886.0, 1747341335.0, 1747341572.0], 'StartTimes': [1747341153.0, 1747341353.0, 1747341615.0], 'EndTimes': [1747341262.0, 1747341440.0, 1747341681.0], 'TotalUserCpuTimeHistory': [21, 30, 21], 'TotalSysCpuTimeHistory': [2, 1, 1], 'WallDurations': [9.0, 93.99375009536743, 109.0, 87.0, 194.3893666267395, 66.0, 232.75851798057556], 'JobIds': ['122606614.0', '122606975.0', '122607269.0'], 'State': 'failed', 'RecordedSite': True, 'Error': [50115, 'BadFWJRXML', {}]}, '1': {'Retries': 2, 'Restarts': 0, 'SiteHistory': ['Unknown', 'T1_FR_CCIN2P3', 'T1_FR_CCIN2P3', 'T1_FR_CCIN2P3', 'T1_FR_CCIN2P3', 'T1_FR_CCIN2P3', 'T1_FR_CCIN2P3'], 'ResidentSetSize': [83880, 46412, 123096], 'SubmitTimes': [1747340886.0, 1747341542.0, 1747341971.0], 'StartTimes': [1747341411.0, 1747341784.0, 1747342033.0], 'EndTimes': [1747341472.0, 1747341846.0, 1747342110.0], 'TotalUserCpuTimeHistory': [12, 1, 27], 'TotalSysCpuTimeHistory': [0, 0, 0], 'WallDurations': [61.0, 0, 62.0, 63.75851798057556, 63.75851798057556, 77.0, 115.09202146530151], 'JobIds': ['122606615.0', '122607237.0', '122607500.0'], 'State': 'failed', 'RecordedSite': True}, '6': {'Retries': 2, 'Restarts': 0, 'SiteHistory': ['Unknown', 'T2_US_Wisconsin', 'T2_US_Wisconsin', 'T2_US_Wisconsin', 'T2_US_Wisconsin', 'T2_US_Wisconsin', 'T2_US_Wisconsin'], 'ResidentSetSize': [136912, 134048, 546948], 'SubmitTimes': [1747340886.0, 1747341282.0, 1747341567.0], 'StartTimes': [1747341103.0, 1747341352.0, 1747341616.0], 'EndTimes': [1747341215.0, 1747341440.0, 1747341689.0], 'TotalUserCpuTimeHistory': [20, 31, 11], 'TotalSysCpuTimeHistory': [0, 2, 0], 'WallDurations': [112.0, 143.99375009536743, 143.99375009536743, 88.0, 195.3893666267395, 73.0, 231.75851798057556], 'JobIds': ['122606616.0', '122606924.0', '122607267.0'], 'State': 'failed', 'RecordedSite': True, 'Error': [50115, 'BadFWJRXML', {}]}, '15': {'Retries': 2, 'Restarts': 0, 'SiteHistory': ['Unknown', 'T1_US_FNAL', 'T1_US_FNAL', 'T1_FR_CCIN2P3', 'T1_FR_CCIN2P3', 'T1_US_FNAL', 'T1_US_FNAL'], 'ResidentSetSize': [206704, 80732, 92524], 'SubmitTimes': [1747340886.0, 1747341175.0, 1747341475.0], 'StartTimes': [1747341043.0, 1747341285.0, 1747341501.0], 'EndTimes': [1747341108.0, 1747341346.0, 1747341629.0], 'TotalUserCpuTimeHistory': [0, 2, 1], 'TotalSysCpuTimeHistory': [0, 0, 0], 'WallDurations': [65.0, 0, 61.0, 9.0, 46.3893666267395, 46.3893666267395, 128.0], 'JobIds': ['122606617.0', '122606808.0', '122607091.0'], 'State': 'failed', 'RecordedSite': True, 'Error': [50115, 'BadFWJRXML', {}]}, '14': {'Retries': 2, 'Restarts': 0, 'SiteHistory': ['Unknown', 'T2_US_Florida', 'T2_US_Florida', 'T2_US_Florida', 'T2_US_Florida', 'T1_US_FNAL', 'T1_US_FNAL'], 'ResidentSetSize': [88048, 44100, 476756], 'SubmitTimes': [1747340886.0, 1747341236.0, 1747341547.0], 'StartTimes': [1747341104.0, 1747341356.0, 1747341612.0], 'EndTimes': [1747341168.0, 1747341419.0, 1747341696.0], 'TotalUserCpuTimeHistory': [0, 2, 1], 'TotalSysCpuTimeHistory': [0, 0, 0], 'WallDurations': [64.0, 0, 63.0, 0, 84.0, 235.75851798057556, 235.75851798057556], 'JobIds': ['122606618.0', '122606891.0', '122607241.0'], 'State': 'failed', 'RecordedSite': True, 'Error': [50115, 'BadFWJRXML', {}]}, '17': {'Retries': 2, 'Restarts': 0, 'SiteHistory': ['Unknown', 'T1_US_FNAL', 'T1_US_FNAL', 'T1_ES_PIC', 'T1_ES_PIC', 'T1_US_FNAL', 'T1_US_FNAL'], 'ResidentSetSize': [166672, 86356, 132088], 'SubmitTimes': [1747340886.0, 1747341221.0, 1747341496.0], 'StartTimes': [1747341044.0, 1747341297.0, 1747341544.0], 'EndTimes': [1747341152.0, 1747341369.0, 1747341654.0], 'TotalUserCpuTimeHistory': [10, 26, 17], 'TotalSysCpuTimeHistory': [0, 2, 0], 'WallDurations': [108.0, 0, 72.0, 0, 3.389366626739502, 3.389366626739502, 110.0], 'JobIds': ['122606619.0', '122606879.0', '122607139.0'], 'State': 'failed', 'RecordedSite': True, 'Error': [50115, 'BadFWJRXML', {}]}, '16': {'Retries': 2, 'Restarts': 0, 'SiteHistory': ['Unknown', 'T1_ES_PIC', 'T1_ES_PIC', 'T1_US_FNAL', 'T1_US_FNAL', 'T1_US_FNAL', 'T1_US_FNAL'], 'ResidentSetSize': [80588, 58628, 85612], 'SubmitTimes': [1747340886.0, 1747341375.0, 1747341597.0], 'StartTimes': [1747341036.0, 1747341399.0, 1747341622.0], 'EndTimes': [1747341305.0, 1747341466.0, 1747341693.0], 'TotalUserCpuTimeHistory': [1, 6, 9], 'TotalSysCpuTimeHistory': [0, 1, 0], 'WallDurations': [8.0, 210.99375009536743, 269.0, 67.0, 148.3893666267395, 71.0, 225.75851798057556], 'JobIds': ['122606620.0', '122606992.0', '122607288.0'], 'State': 'failed', 'RecordedSite': True, 'Error': [50115, 'BadFWJRXML', {}]}, '20': {'Retries': 2, 'Restarts': 0, 'SiteHistory': ['Unknown', 'T1_US_FNAL', 'T1_US_FNAL', 'T1_ES_PIC', 'T1_ES_PIC', 'T1_US_FNAL', 'T1_US_FNAL'], 'ResidentSetSize': [165620, 50452, 69332], 'SubmitTimes': [1747340887.0, 1747341196.0, 1747341609.0], 'StartTimes': [1747341043.0, 1747341388.0, 1747341648.0], 'EndTimes': [1747341129.0, 1747341477.0, 1747341743.0], 'TotalUserCpuTimeHistory': [22, 15, 16], 'TotalSysCpuTimeHistory': [0, 1, 3], 'WallDurations': [86.0, 0, 89.0, 159.3893666267395, 159.3893666267395, 95.0, 199.75851798057556], 'JobIds': ['122606621.0', '122606845.0', '122607295.0'], 'State': 'failed', 'RecordedSite': True}, '18': {'Retries': 2, 'Restarts': 0, 'SiteHistory': ['Unknown', 'T1_ES_PIC', 'T1_ES_PIC', 'T1_ES_PIC', 'T1_ES_PIC', 'T1_US_FNAL', 'T1_US_FNAL'], 'ResidentSetSize': [390740, 123192, 202968], 'SubmitTimes': [1747340887.0, 1747341196.0, 1747341490.0], 'StartTimes': [1747341036.0, 1747341295.0, 1747341542.0], 'EndTimes': [1747341126.0, 1747341362.0, 1747341657.0], 'TotalUserCpuTimeHistory': [5, 12, 31], 'TotalSysCpuTimeHistory': [0, 0, 1], 'WallDurations': [90.0, 0, 67.0, 0, 5.389366626739502, 5.389366626739502, 115.0], 'JobIds': ['122606622.0', '122606847.0', '122607122.0'], 'State': 'failed', 'RecordedSite': True, 'Error': [50115, 'BadFWJRXML', {}]}, '19': {'Retries': 2, 'Restarts': 0, 'SiteHistory': ['Unknown', 'T1_US_FNAL', 'T1_US_FNAL', 'T1_US_FNAL', 'T1_US_FNAL', 'T1_US_FNAL', 'T1_US_FNAL'], 'ResidentSetSize': [527116, 83564, 125972], 'SubmitTimes': [1747340887.0, 1747341390.0, 1747341625.0], 'StartTimes': [1747341048.0, 1747341407.0, 1747341662.0], 'EndTimes': [1747341322.0, 1747341496.0, 1747341762.0], 'TotalUserCpuTimeHistory': [35, 0, 14], 'TotalSysCpuTimeHistory': [5, 0, 0], 'WallDurations': [10.0, 198.99375009536743, 274.0, 89.0, 140.3893666267395, 100.0, 185.75851798057556], 'JobIds': ['122606623.0', '122607018.0', '122607313.0'], 'State': 'failed', 'RecordedSite': True}, '30': {'Retries': 2, 'Restarts': 0, 'SiteHistory': ['Unknown', 'T1_ES_PIC', 'T1_ES_PIC', 'T1_ES_PIC', 'T1_ES_PIC', 'T2_US_Wisconsin', 'T2_US_Wisconsin'], 'ResidentSetSize': [320208, 94856, 87344], 'SubmitTimes': [1747340887.0, 1747341460.0, 1747341791.0], 'StartTimes': [1747341035.0, 1747341572.0, 1747341830.0], 'EndTimes': [1747341391.0, 1747341662.0, 1747341893.0], 'TotalUserCpuTimeHistory': [7, 19, 6], 'TotalSysCpuTimeHistory': [0, 2, 0], 'WallDurations': [8.0, 211.99375009536743, 356.0, 90.0, 9.0, 17.75851798057556, 63.0], 'JobIds': ['122606624.0', '122607083.0', '122607397.0'], 'State': 'failed', 'RecordedSite': True, 'Error': [50115, 'BadFWJRXML', {}]}, '22': {'Retries': 2, 'Restarts': 0, 'SiteHistory': ['Unknown', 'T1_US_FNAL', 'T1_US_FNAL', 'T1_ES_PIC', 'T1_ES_PIC', 'T1_US_FNAL', 'T1_US_FNAL'], 'ResidentSetSize': [89188, 101684, 107384], 'SubmitTimes': [1747340887.0, 1747341191.0, 1747341495.0], 'StartTimes': [1747341043.0, 1747341296.0, 1747341545.0], 'EndTimes': [1747341124.0, 1747341369.0, 1747341654.0], 'TotalUserCpuTimeHistory': [3, 5, 26], 'TotalSysCpuTimeHistory': [0, 0, 1], 'WallDurations': [81.0, 0, 73.0, 0, 2.389366626739502, 2.389366626739502, 109.0], 'JobIds': ['122606625.0', '122606836.0', '122607137.0'], 'State': 'failed', 'RecordedSite': True, 'Error': [50115, 'BadFWJRXML', {}]}, '23': {'Retries': 2, 'Restarts': 0, 'SiteHistory': ['Unknown', 'T1_US_FNAL', 'T1_US_FNAL', 'T1_ES_PIC', 'T1_ES_PIC', 'T1_US_FNAL', 'T1_US_FNAL'], 'ResidentSetSize': [90976, 86800, 317600], 'SubmitTimes': [1747340887.0, 1747341201.0, 1747341485.0], 'StartTimes': [1747341045.0, 1747341293.0, 1747341508.0], 'EndTimes': [1747341133.0, 1747341356.0, 1747341600.0], 'TotalUserCpuTimeHistory': [4, 19, 8], 'TotalSysCpuTimeHistory': [0, 0, 0], 'WallDurations': [88.0, 0, 63.0, 8.0, 39.3893666267395, 39.3893666267395, 92.0], 'JobIds': ['122606626.0', '122606863.0', '122607108.0'], 'State': 'failed', 'RecordedSite': True, 'Error': [50115, 'BadFWJRXML', {}]}, '32': {'Retries': 2, 'Restarts': 0, 'SiteHistory': ['Unknown', 'T2_US_Nebraska', 'T2_US_Nebraska', 'T2_US_Nebraska', 'T2_US_Nebraska', 'T1_FR_CCIN2P3', 'T1_FR_CCIN2P3'], 'ResidentSetSize': [215536, 50224, 56188], 'SubmitTimes': [1747340887.0, 1747341614.0, 1747341836.0], 'StartTimes': [1747341471.0, 1747341642.0, 1747341847.0], 'EndTimes': [1747341543.0, 1747341705.0, 1747341909.0], 'TotalUserCpuTimeHistory': [22, 17, 1], 'TotalSysCpuTimeHistory': [0, 0, 0], 'WallDurations': [0, 72.0, 76.3893666267395, 63.0, 0, 62.0, 301.0920214653015], 'JobIds': ['122606627.0', '122607299.0', '122607418.0'], 'State': 'failed', 'RecordedSite': True, 'Error': [50115, 'BadFWJRXML', {}]}, '35': {'Retries': 2, 'Restarts': 0, 'SiteHistory': ['Unknown', 'T2_US_Nebraska', 'T2_US_Nebraska', 'T2_US_Wisconsin', 'T2_US_Wisconsin', 'T2_US_Wisconsin', 'T2_US_Wisconsin'], 'ResidentSetSize': [136904, 88040, 87620], 'SubmitTimes': [1747340887.0, 1747341620.0, 1747341881.0], 'StartTimes': [1747341475.0, 1747341689.0, 1747341901.0], 'EndTimes': [1747341552.0, 1747341751.0, 1747341964.0], 'TotalUserCpuTimeHistory': [1, 5, 8], 'TotalSysCpuTimeHistory': [0, 0, 0], 'WallDurations': [0, 9.0, 77.0, 62.0, 158.75851798057556, 63.0, 247.0920214653015], 'JobIds': ['122606628.0', '122607308.0', '122607448.0'], 'State': 'failed', 'RecordedSite': True, 'Error': [50115, 'BadFWJRXML', {}]}, '27': {'Retries': 2, 'Restarts': 0, 'SiteHistory': ['Unknown', 'T2_US_Nebraska', 'T2_US_Nebraska', 'T2_US_Nebraska', 'T2_US_Nebraska', 'T1_FR_CCIN2P3', 'T1_FR_CCIN2P3'], 'ResidentSetSize': [397592, 120832, 53092], 'SubmitTimes': [1747340887.0, 1747341614.0, 1747341906.0], 'StartTimes': [1747341456.0, 1747341716.0, 1747341912.0], 'EndTimes': [1747341545.0, 1747341779.0, 1747341972.0], 'TotalUserCpuTimeHistory': [12, 20, 11], 'TotalSysCpuTimeHistory': [1, 0, 1], 'WallDurations': [0, 89.0, 91.3893666267395, 63.0, 131.75851798057556, 60.0, 236.0920214653015], 'JobIds': ['122606629.0', '122607300.0', '122607462.0'], 'State': 'failed', 'RecordedSite': True, 'Error': [50115, 'BadFWJRXML', {}]}, '24': {'Retries': 2, 'Restarts': 0, 'SiteHistory': ['Unknown', 'T1_US_FNAL', 'T1_US_FNAL', 'T1_ES_PIC', 'T1_ES_PIC', 'T1_US_FNAL', 'T1_US_FNAL'], 'ResidentSetSize': [398276, 193956, 59484], 'SubmitTimes': [1747340887.0, 1747341231.0, 1747341592.0], 'StartTimes': [1747341042.0, 1747341384.0, 1747341623.0], 'EndTimes': [1747341161.0, 1747341464.0, 1747341689.0], 'TotalUserCpuTimeHistory': [16, 12, 9], 'TotalSysCpuTimeHistory': [0, 0, 1], 'WallDurations': [119.0, 0, 80.0, 163.3893666267395, 163.3893666267395, 66.0, 224.75851798057556], 'JobIds': ['122606630.0', '122606888.0', '122607283.0'], 'State': 'failed', 'RecordedSite': True, 'Error': [50115, 'BadFWJRXML', {}]}, '39': {'Retries': 2, 'Restarts': 0, 'SiteHistory': ['Unknown', 'T2_US_Wisconsin', 'T2_US_Wisconsin', 'T2_US_MIT', 'T2_US_MIT', 'T2_US_MIT', 'T2_US_MIT'], 'ResidentSetSize': [136952, 68016, 42948], 'SubmitTimes': [1747340887.0, 1747341282.0, 1747341562.0], 'StartTimes': [1747341105.0, 1747341350.0, 1747341609.0], 'EndTimes': [1747341216.0, 1747341413.0, 1747341671.0], 'TotalUserCpuTimeHistory': [34, 10, 16], 'TotalSysCpuTimeHistory': [2, 1, 0], 'WallDurations': [111.0, 141.99375009536743, 141.99375009536743, 63.0, 197.3893666267395, 62.0, 238.75851798057556], 'JobIds': ['122606631.0', '122606923.0', '122607263.0'], 'State': 'failed', 'RecordedSite': True, 'Error': [50115, 'BadFWJRXML', {}]}, '26': {'Retries': 2, 'Restarts': 0, 'SiteHistory': ['Unknown', 'T2_US_Nebraska', 'T2_US_Nebraska', 'T2_US_Nebraska', 'T2_US_Nebraska', 'T2_US_Nebraska', 'T2_US_Nebraska'], 'ResidentSetSize': [468452, 76032, 485916], 'SubmitTimes': [1747340887.0, 1747341300.0, 1747341547.0], 'StartTimes': [1747341110.0, 1747341356.0, 1747341977.0], 'EndTimes': [1747341234.0, 1747341419.0, 1747342054.0], 'TotalUserCpuTimeHistory': [15, 20, 24], 'TotalSysCpuTimeHistory': [0, 0, 0], 'WallDurations': [124.0, 136.99375009536743, 136.99375009536743, 63.0, 0, 77.0, 171.0920214653015], 'JobIds': ['122606632.0', '122606939.0', '122607240.0'], 'State': 'failed', 'RecordedSite': True, 'Error': [50115, 'BadFWJRXML', {}]}, '25': {'Retries': 2, 'Restarts': 0, 'SiteHistory': ['Unknown', 'T2_US_Wisconsin', 'T2_US_Wisconsin', 'T2_US_Wisconsin', 'T2_US_Wisconsin', 'T2_US_Wisconsin', 'T2_US_Wisconsin'], 'ResidentSetSize': [85932, 87668, 383156], 'SubmitTimes': [1747340887.0, 1747341231.0, 1747341435.0], 'StartTimes': [1747341102.0, 1747341244.0, 1747341445.0], 'EndTimes': [1747341165.0, 1747341307.0, 1747341516.0], 'TotalUserCpuTimeHistory': [4, 5, 23], 'TotalSysCpuTimeHistory': [0, 0, 1], 'WallDurations': [63.0, 0, 2.9937500953674316, 2.9937500953674316, 63.0, 71.0, 102.3893666267395], 'JobIds': ['122606633.0', '122606889.0', '122607066.0'], 'State': 'failed', 'RecordedSite': True}, '31': {'Retries': 2, 'Restarts': 0, 'SiteHistory': ['Unknown', 'T2_US_Nebraska', 'T2_US_Nebraska', 'T2_US_Wisconsin', 'T2_US_Wisconsin', 'T2_US_Nebraska', 'T2_US_Nebraska'], 'ResidentSetSize': [82720, 108620, 47640], 'SubmitTimes': [1747340887.0, 1747341262.0, 1747341542.0], 'StartTimes': [1747341107.0, 1747341350.0, 1747341571.0], 'EndTimes': [1747341195.0, 1747341415.0, 1747341634.0], 'TotalUserCpuTimeHistory': [15, 19, 9], 'TotalSysCpuTimeHistory': [1, 0, 0], 'WallDurations': [88.0, 139.99375009536743, 139.99375009536743, 65.0, 63.0, 276.75851798057556, 276.75851798057556], 'JobIds': ['122606634.0', '122606912.0', '122607236.0'], 'State': 'failed', 'RecordedSite': True, 'Error': [50115, 'BadFWJRXML', {}]}, '29': {'Retries': 2, 'Restarts': 0, 'SiteHistory': ['Unknown', 'T2_US_Wisconsin', 'T2_US_Wisconsin', 'T2_US_Wisconsin', 'T2_US_Wisconsin', 'T2_US_Wisconsin', 'T2_US_Wisconsin'], 'ResidentSetSize': [140540, 361176, 133092], 'SubmitTimes': [1747340887.0, 1747341277.0, 1747341567.0], 'StartTimes': [1747341104.0, 1747341359.0, 1747341616.0], 'EndTimes': [1747341210.0, 1747341437.0, 1747341703.0], 'TotalUserCpuTimeHistory': [29, 1, 25], 'TotalSysCpuTimeHistory': [0, 0, 1], 'WallDurations': [106.0, 142.99375009536743, 142.99375009536743, 78.0, 188.3893666267395, 87.0, 231.75851798057556], 'JobIds': ['122606635.0', '122606918.0', '122607268.0'], 'State': 'failed', 'RecordedSite': True, 'Error': [50115, 'BadFWJRXML', {}]}, '34': {'Retries': 2, 'Restarts': 0, 'SiteHistory': ['Unknown', 'T2_US_Nebraska', 'T2_US_Nebraska', 'T2_US_Wisconsin', 'T2_US_Wisconsin', 'T2_US_Nebraska', 'T2_US_Nebraska'], 'ResidentSetSize': [45004, 86004, 117164], 'SubmitTimes': [1747340887.0, 1747341236.0, 1747341465.0], 'StartTimes': [1747341105.0, 1747341272.0, 1747341500.0], 'EndTimes': [1747341169.0, 1747341336.0, 1747341563.0], 'TotalUserCpuTimeHistory': [20, 5, 28], 'TotalSysCpuTimeHistory': [0, 0, 0], 'WallDurations': [64.0, 0, 64.0, 9.0, 47.3893666267395, 47.3893666267395, 63.0], 'JobIds': ['122606636.0', '122606893.0', '122607086.0'], 'State': 'failed', 'RecordedSite': True, 'Error': [50115, 'BadFWJRXML', {}]}, '38': {'Retries': 2, 'Restarts': 0, 'SiteHistory': ['Unknown', 'T2_US_Caltech', 'T2_US_Caltech', 'T2_US_Wisconsin', 'T2_US_Wisconsin', 'T2_US_Caltech', 'T2_US_Caltech'], 'ResidentSetSize': [103944, 554240, 243872], 'SubmitTimes': [1747340887.0, 1747341267.0, 1747341572.0], 'StartTimes': [1747341110.0, 1747341352.0, 1747341624.0], 'EndTimes': [1747341198.0, 1747341443.0, 1747341709.0], 'TotalUserCpuTimeHistory': [2, 27, 18], 'TotalSysCpuTimeHistory': [0, 1, 0], 'WallDurations': [88.0, 136.99375009536743, 136.99375009536743, 91.0, 195.3893666267395, 85.0, 223.75851798057556], 'JobIds': ['122606637.0', '122606914.0', '122607270.0'], 'State': 'failed', 'RecordedSite': True, 'Error': [50115, 'BadFWJRXML', {}]}, '42': {'Retries': 2, 'Restarts': 0, 'SiteHistory': ['Unknown', 'T2_US_Wisconsin', 'T2_US_Wisconsin', 'T2_US_Wisconsin', 'T2_US_Wisconsin', 'T2_US_Wisconsin', 'T2_US_Wisconsin'], 'ResidentSetSize': [76724, 266708, 549604], 'SubmitTimes': [1747340887.0, 1747341277.0, 1747341562.0], 'StartTimes': [1747341103.0, 1747341352.0, 1747341615.0], 'EndTimes': [1747341208.0, 1747341435.0, 1747341702.0], 'TotalUserCpuTimeHistory': [14, 2, 11], 'TotalSysCpuTimeHistory': [0, 0, 0], 'WallDurations': [105.0, 143.99375009536743, 143.99375009536743, 83.0, 195.3893666267395, 87.0, 232.75851798057556], 'JobIds': ['122606638.0', '122606919.0', '122607258.0'], 'State': 'failed', 'RecordedSite': True, 'Error': [50115, 'BadFWJRXML', {}]}, '37': {'Retries': 2, 'Restarts': 0, 'SiteHistory': ['Unknown', 'T2_US_Caltech', 'T2_US_Caltech', 'T2_IT_Pisa', 'T2_IT_Pisa', 'T2_US_Wisconsin', 'T2_US_Wisconsin'], 'ResidentSetSize': [176556, 128364, 84456], 'SubmitTimes': [1747340887.0, 1747341360.0, 1747341670.0], 'StartTimes': [1747341156.0, 1747341392.0, 1747341685.0], 'EndTimes': [1747341291.0, 1747341538.0, 1747341756.0], 'TotalUserCpuTimeHistory': [18, 36, 28], 'TotalSysCpuTimeHistory': [0, 0, 1], 'WallDurations': [9.0, 90.99375009536743, 135.0, 146.0, 155.3893666267395, 71.0, 162.75851798057556], 'JobIds': ['122606639.0', '122606985.0', '122607345.0'], 'State': 'failed', 'RecordedSite': True}, '28': {'Retries': 2, 'Restarts': 0, 'SiteHistory': ['Unknown', 'T2_US_Caltech', 'T2_US_Caltech', 'T2_US_Wisconsin', 'T2_US_Wisconsin', 'T2_US_Wisconsin', 'T2_US_Wisconsin'], 'ResidentSetSize': [103312, 85992, 95164], 'SubmitTimes': [1747340887.0, 1747341305.0, 1747341542.0], 'StartTimes': [1747341108.0, 1747341352.0, 1747341605.0], 'EndTimes': [1747341238.0, 1747341415.0, 1747341674.0], 'TotalUserCpuTimeHistory': [12, 5, 23], 'TotalSysCpuTimeHistory': [0, 0, 1], 'WallDurations': [130.0, 138.99375009536743, 138.99375009536743, 63.0, 69.0, 242.75851798057556, 242.75851798057556], 'JobIds': ['122606640.0', '122606945.0', '122607235.0'], 'State': 'failed', 'RecordedSite': True, 'Error': [50115, 'BadFWJRXML', {}]}, '33': {'Retries': 2, 'Restarts': 0, 'SiteHistory': ['Unknown', 'T2_US_Caltech', 'T2_US_Caltech', 'T2_US_Nebraska', 'T2_US_Nebraska', 'T2_US_Nebraska', 'T2_US_Nebraska'], 'ResidentSetSize': [326996, 79024, 50880], 'SubmitTimes': [1747340887.0, 1747341300.0, 1747341547.0], 'StartTimes': [1747341106.0, 1747341353.0, 1747341615.0], 'EndTimes': [1747341232.0, 1747341417.0, 1747341680.0], 'TotalUserCpuTimeHistory': [14, 14, 3], 'TotalSysCpuTimeHistory': [0, 0, 0], 'WallDurations': [126.0, 140.99375009536743, 140.99375009536743, 64.0, 194.3893666267395, 65.0, 232.75851798057556], 'JobIds': ['122606641.0', '122606937.0', '122607245.0'], 'State': 'failed', 'RecordedSite': True, 'Error': [50115, 'BadFWJRXML', {}]}, '36': {'Retries': 2, 'Restarts': 0, 'SiteHistory': ['Unknown', 'T2_US_Caltech', 'T2_US_Caltech', 'T2_US_Caltech', 'T2_US_Caltech', 'T2_US_Wisconsin', 'T2_US_Wisconsin'], 'ResidentSetSize': [331632, 341472, 110608], 'SubmitTimes': [1747340888.0, 1747341290.0, 1747341592.0], 'StartTimes': [1747341107.0, 1747341359.0, 1747341614.0], 'EndTimes': [1747341219.0, 1747341462.0, 1747341688.0], 'TotalUserCpuTimeHistory': [15, 9, 10], 'TotalSysCpuTimeHistory': [0, 0, 0], 'WallDurations': [112.0, 139.99375009536743, 139.99375009536743, 103.0, 188.3893666267395, 74.0, 233.75851798057556], 'JobIds': ['122606642.0', '122606926.0', '122607284.0'], 'State': 'failed', 'RecordedSite': True, 'Error': [50115, 'BadFWJRXML', {}]}, '55': {'Retries': 2, 'Restarts': 0, 'SiteHistory': ['Unknown', 'T1_US_FNAL', 'T1_US_FNAL', 'T1_FR_CCIN2P3', 'T1_FR_CCIN2P3', 'T2_US_Nebraska', 'T2_US_Nebraska'], 'ResidentSetSize': [102368, 84060, 98168], 'SubmitTimes': [1747340888.0, 1747341211.0, 1747341537.0], 'StartTimes': [1747341043.0, 1747341347.0, 1747341939.0], 'EndTimes': [1747341143.0, 1747341408.0, 1747342001.0], 'TotalUserCpuTimeHistory': [28, 7, 11], 'TotalSysCpuTimeHistory': [1, 0, 0], 'WallDurations': [100.0, 0, 61.0, 0, 200.3893666267395, 62.0, 209.0920214653015], 'JobIds': ['122606643.0', '122606873.0', '122607227.0'], 'State': 'failed', 'RecordedSite': True, 'Error': [50115, 'BadFWJRXML', {}]}, '43': {'Retries': 2, 'Restarts': 0, 'SiteHistory': ['Unknown', 'T2_US_Caltech', 'T2_US_Caltech', 'T2_US_Caltech', 'T2_US_Caltech', 'T2_US_Caltech', 'T2_US_Caltech'], 'ResidentSetSize': [109704, 124616, 134372], 'SubmitTimes': [1747340888.0, 1747341262.0, 1747341592.0], 'StartTimes': [1747341108.0, 1747341350.0, 1747341617.0], 'EndTimes': [1747341196.0, 1747341461.0, 1747341696.0], 'TotalUserCpuTimeHistory': [20, 25, 21], 'TotalSysCpuTimeHistory': [0, 0, 0], 'WallDurations': [88.0, 138.99375009536743, 138.99375009536743, 111.0, 197.3893666267395, 79.0, 230.75851798057556], 'JobIds': ['122606644.0', '122606911.0', '122607282.0'], 'State': 'failed', 'RecordedSite': True, 'Error': [50115, 'BadFWJRXML', {}]}, '44': {'Retries': 2, 'Restarts': 0, 'SiteHistory': ['Unknown', 'T2_US_Wisconsin', 'T2_US_Wisconsin', 'T2_US_Wisconsin', 'T2_US_Wisconsin', 'T2_US_Wisconsin', 'T2_US_Wisconsin'], 'ResidentSetSize': [208156, 60692, 306220], 'SubmitTimes': [1747340888.0, 1747341246.0, 1747341507.0], 'StartTimes': [1747341104.0, 1747341315.0, 1747341525.0], 'EndTimes': [1747341180.0, 1747341377.0, 1747341595.0], 'TotalUserCpuTimeHistory': [16, 4, 18], 'TotalSysCpuTimeHistory': [0, 0, 0], 'WallDurations': [76.0, 0, 62.0, 9.0, 22.389366626739502, 22.389366626739502, 70.0], 'JobIds': ['122606645.0', '122606898.0', '122607192.0'], 'State': 'failed', 'RecordedSite': True, 'Error': [50115, 'BadFWJRXML', {}]}, '47': {'Retries': 2, 'Restarts': 0, 'SiteHistory': ['Unknown', 'T1_US_FNAL', 'T1_US_FNAL', 'T2_US_Nebraska', 'T2_US_Nebraska', 'T2_US_Nebraska', 'T2_US_Nebraska'], 'ResidentSetSize': [137344, 105916, 135632], 'SubmitTimes': [1747340888.0, 1747341221.0, 1747341557.0], 'StartTimes': [1747341045.0, 1747341354.0, 1747341992.0], 'EndTimes': [1747341154.0, 1747341428.0, 1747342071.0], 'TotalUserCpuTimeHistory': [0, 16, 29], 'TotalSysCpuTimeHistory': [0, 0, 1], 'WallDurations': [109.0, 0, 74.0, 193.3893666267395, 193.3893666267395, 79.0, 156.0920214653015], 'JobIds': ['122606646.0', '122606880.0', '122607252.0'], 'State': 'failed', 'RecordedSite': True, 'Error': [50115, 'BadFWJRXML', {}]}, '49': {'Retries': 2, 'Restarts': 0, 'SiteHistory': ['Unknown', 'T1_US_FNAL', 'T1_US_FNAL', 'T1_US_FNAL', 'T1_US_FNAL', 'T2_US_Nebraska', 'T2_US_Nebraska'], 'ResidentSetSize': [94076, 295104, 128136], 'SubmitTimes': [1747340888.0, 1747341175.0, 1747341537.0], 'StartTimes': [1747341042.0, 1747341315.0, 1747341909.0], 'EndTimes': [1747341105.0, 1747341408.0, 1747341977.0], 'TotalUserCpuTimeHistory': [0, 7, 1], 'TotalSysCpuTimeHistory': [0, 1, 0], 'WallDurations': [63.0, 0, 93.0, 0, 232.3893666267395, 68.0, 239.0920214653015], 'JobIds': ['122606647.0', '122606811.0', '122607228.0'], 'State': 'failed', 'RecordedSite': True, 'Error': [50115, 'BadFWJRXML', {}]}, '48': {'Retries': 2, 'Restarts': 0, 'SiteHistory': ['Unknown', 'T1_US_FNAL', 'T1_US_FNAL', 'T2_US_Nebraska', 'T2_US_Nebraska', 'T1_US_FNAL', 'T1_US_FNAL'], 'ResidentSetSize': [137372, 131020, 93972], 'SubmitTimes': [1747340888.0, 1747341175.0, 1747341801.0], 'StartTimes': [1747341042.0, 1747341601.0, 1747341823.0], 'EndTimes': [1747341106.0, 1747341671.0, 1747342316.0], 'TotalUserCpuTimeHistory': [5, 10, 306.0], 'TotalSysCpuTimeHistory': [0, 0, 10.0], 'WallDurations': [64.0, 0, 204.99375009536743, 70.0, 9.0, 24.75851798057556, 493.0], 'JobIds': ['122606648.0', '122606807.0', '122607400.0'], 'State': 'failed', 'RecordedSite': True, 'Error': [50115, 'BadFWJRXML', {}]}, '54': {'Retries': 2, 'Restarts': 0, 'SiteHistory': ['Unknown', 'T1_US_FNAL', 'T1_US_FNAL', 'T2_US_Nebraska', 'T2_US_Nebraska', 'T1_FR_CCIN2P3', 'T1_FR_CCIN2P3'], 'ResidentSetSize': [106392, 147936, 71720], 'SubmitTimes': [1747340888.0, 1747341201.0, 1747341946.0], 'StartTimes': [1747341041.0, 1747341729.0, 1747341975.0], 'EndTimes': [1747341134.0, 1747341819.0, 1747342036.0], 'TotalUserCpuTimeHistory': [8, 3, 13], 'TotalSysCpuTimeHistory': [1, 0, 1], 'WallDurations': [93.0, 0, 205.99375009536743, 90.0, 118.75851798057556, 61.0, 173.0920214653015], 'JobIds': ['122606649.0', '122606864.0', '122607492.0'], 'State': 'failed', 'RecordedSite': True, 'Error': [50115, 'BadFWJRXML', {}]}, '59': {'Retries': 2, 'Restarts': 0, 'SiteHistory': ['Unknown', 'T1_US_FNAL', 'T1_US_FNAL', 'T2_US_Nebraska', 'T2_US_Nebraska', 'T2_US_Nebraska', 'T2_US_Nebraska'], 'ResidentSetSize': [211504, 145048, 297480], 'SubmitTimes': [1747340888.0, 1747341206.0, 1747341542.0], 'StartTimes': [1747341041.0, 1747341352.0, 1747341916.0], 'EndTimes': [1747341135.0, 1747341414.0, 1747341981.0], 'TotalUserCpuTimeHistory': [13, 13, 11], 'TotalSysCpuTimeHistory': [2, 0, 0], 'WallDurations': [94.0, 0, 62.0, 0, 195.3893666267395, 65.0, 232.0920214653015], 'JobIds': ['122606650.0', '122606872.0', '122607234.0'], 'State': 'failed', 'RecordedSite': True, 'Error': [50115, 'BadFWJRXML', {}]}, '41': {'Retries': 2, 'Restarts': 0, 'SiteHistory': ['Unknown', 'T2_US_Wisconsin', 'T2_US_Wisconsin', 'T2_US_Wisconsin', 'T2_US_Wisconsin', 'T2_US_Wisconsin', 'T2_US_Wisconsin'], 'ResidentSetSize': [308396, 101144, 84388], 'SubmitTimes': [1747340888.0, 1747341282.0, 1747341552.0], 'StartTimes': [1747341104.0, 1747341352.0, 1747341615.0], 'EndTimes': [1747341213.0, 1747341423.0, 1747341698.0], 'TotalUserCpuTimeHistory': [29, 25, 28], 'TotalSysCpuTimeHistory': [1, 1, 0], 'WallDurations': [109.0, 142.99375009536743, 142.99375009536743, 71.0, 195.3893666267395, 83.0, 232.75851798057556], 'JobIds': ['122606651.0', '122606925.0', '122607248.0'], 'State': 'failed', 'RecordedSite': True, 'Error': [50115, 'BadFWJRXML', {}]}, '53': {'Retries': 2, 'Restarts': 0, 'SiteHistory': ['Unknown', 'T1_US_FNAL', 'T1_US_FNAL', 'T2_US_Nebraska', 'T2_US_Nebraska', 'T1_US_FNAL', 'T1_US_FNAL'], 'ResidentSetSize': [198420, 264668, 140276], 'SubmitTimes': [1747340888.0, 1747341221.0, 1747341645.0], 'StartTimes': [1747341042.0, 1747341409.0, 1747341666.0], 'EndTimes': [1747341151.0, 1747341514.0, 1747341763.0], 'TotalUserCpuTimeHistory': [7, 25, 25], 'TotalSysCpuTimeHistory': [0, 0, 0], 'WallDurations': [109.0, 0, 105.0, 138.3893666267395, 138.3893666267395, 97.0, 181.75851798057556], 'JobIds': ['122606652.0', '122606878.0', '122607328.0'], 'State': 'failed', 'RecordedSite': True}, '50': {'Retries': 2, 'Restarts': 0, 'SiteHistory': ['Unknown', 'T1_US_FNAL', 'T1_US_FNAL', 'T1_US_FNAL', 'T1_US_FNAL', 'T2_US_Nebraska', 'T2_US_Nebraska'], 'ResidentSetSize': [454292, 511312, 100788], 'SubmitTimes': [1747340888.0, 1747341196.0, 1747341592.0], 'StartTimes': [1747341044.0, 1747341303.0, 1747341993.0], 'EndTimes': [1747341128.0, 1747341462.0, 1747342070.0], 'TotalUserCpuTimeHistory': [31, 12, 1], 'TotalSysCpuTimeHistory': [1, 1, 0], 'WallDurations': [84.0, 0, 159.0, 244.3893666267395, 244.3893666267395, 77.0, 155.0920214653015], 'JobIds': ['122606653.0', '122606844.0', '122607281.0'], 'State': 'failed', 'RecordedSite': True, 'Error': [50115, 'BadFWJRXML', {}]}, '46': {'Retries': 2, 'Restarts': 0, 'SiteHistory': ['Unknown', 'T1_US_FNAL', 'T1_US_FNAL', 'T2_US_Nebraska', 'T2_US_Nebraska', 'T1_US_FNAL', 'T1_US_FNAL'], 'ResidentSetSize': [92584, 118316, 167660], 'SubmitTimes': [1747340888.0, 1747341175.0, 1747341502.0], 'StartTimes': [1747341043.0, 1747341296.0, 1747341547.0], 'EndTimes': [1747341106.0, 1747341372.0, 1747341651.0], 'TotalUserCpuTimeHistory': [7, 1, 15], 'TotalSysCpuTimeHistory': [1, 0, 3], 'WallDurations': [63.0, 0, 76.0, 0, 0.38936662673950195, 0.38936662673950195, 104.0], 'JobIds': ['122606654.0', '122606809.0', '122607169.0'], 'State': 'failed', 'RecordedSite': True, 'Error': [50115, 'BadFWJRXML', {}]}, '51': {'Retries': 2, 'Restarts': 0, 'SiteHistory': ['Unknown', 'T1_US_FNAL', 'T1_US_FNAL', 'T2_US_Nebraska', 'T2_US_Nebraska', 'T1_IT_CNAF', 'T1_IT_CNAF'], 'ResidentSetSize': [292516, 371872, 302360], 'SubmitTimes': [1747340888.0, 1747341241.0, 1747342001.0], 'StartTimes': [1747341041.0, 1747341765.0, 1747342048.0], 'EndTimes': [1747341171.0, 1747341875.0, 1747342180.0], 'TotalUserCpuTimeHistory': [13, 17, 24], 'TotalSysCpuTimeHistory': [0, 1, 6], 'WallDurations': [130.0, 0, 205.99375009536743, 9.0, 110.0, 9.0, 132.0], 'JobIds': ['122606655.0', '122606895.0', '122607514.0'], 'State': 'failed', 'RecordedSite': True, 'Error': [50115, 'BadFWJRXML', {}]}, '58': {'Retries': 2, 'Restarts': 0, 'SiteHistory': ['Unknown', 'T1_US_FNAL', 'T1_US_FNAL', 'T2_US_Nebraska', 'T2_US_Nebraska', 'T2_US_Nebraska', 'T2_US_Nebraska'], 'ResidentSetSize': [87312, 106212, 142980], 'SubmitTimes': [1747340888.0, 1747341231.0, 1747341552.0], 'StartTimes': [1747341041.0, 1747341350.0, 1747341970.0], 'EndTimes': [1747341161.0, 1747341422.0, 1747342055.0], 'TotalUserCpuTimeHistory': [32, 17, 1], 'TotalSysCpuTimeHistory': [1, 0, 0], 'WallDurations': [120.0, 0, 72.0, 197.3893666267395, 197.3893666267395, 85.0, 178.0920214653015], 'JobIds': ['122606656.0', '122606887.0', '122607247.0'], 'State': 'failed', 'RecordedSite': True, 'Error': [50115, 'BadFWJRXML', {}]}, '57': {'Retries': 2, 'Restarts': 0, 'SiteHistory': ['Unknown', 'T1_US_FNAL', 'T1_US_FNAL', 'T2_US_Nebraska', 'T2_US_Nebraska', 'T2_US_Nebraska', 'T2_US_Nebraska'], 'ResidentSetSize': [197452, 554460, 103584], 'SubmitTimes': [1747340888.0, 1747341201.0, 1747341577.0], 'StartTimes': [1747341044.0, 1747341354.0, 1747341615.0], 'EndTimes': [1747341134.0, 1747341447.0, 1747341683.0], 'TotalUserCpuTimeHistory': [19, 5, 28], 'TotalSysCpuTimeHistory': [0, 0, 0], 'WallDurations': [90.0, 0, 93.0, 193.3893666267395, 193.3893666267395, 68.0, 232.75851798057556], 'JobIds': ['122606657.0', '122606862.0', '122607274.0'], 'State': 'failed', 'RecordedSite': True, 'Error': [50115, 'BadFWJRXML', {}]}, '56': {'Retries': 2, 'Restarts': 0, 'SiteHistory': ['Unknown', 'T1_US_FNAL', 'T1_US_FNAL', 'T1_US_FNAL', 'T1_US_FNAL', 'T1_US_FNAL', 'T1_US_FNAL'], 'ResidentSetSize': [444592, 228200, 263956], 'SubmitTimes': [1747340888.0, 1747341181.0, 1747341597.0], 'StartTimes': [1747341044.0, 1747341305.0, 1747341643.0], 'EndTimes': [1747341109.0, 1747341467.0, 1747341811.0], 'TotalUserCpuTimeHistory': [1, 25, 23], 'TotalSysCpuTimeHistory': [0, 1, 2], 'WallDurations': [65.0, 0, 162.0, 242.3893666267395, 242.3893666267395, 168.0, 204.75851798057556], 'JobIds': ['122606658.0', '122606818.0', '122607289.0'], 'State': 'failed', 'RecordedSite': True}, '40': {'Retries': 2, 'Restarts': 0, 'SiteHistory': ['Unknown', 'T2_US_Wisconsin', 'T2_US_Wisconsin', 'T2_US_Caltech', 'T2_US_Caltech', 'T2_US_Caltech', 'T2_US_Caltech'], 'ResidentSetSize': [221540, 146928, 136276], 'SubmitTimes': [1747340888.0, 1747341256.0, 1747341572.0], 'StartTimes': [1747341107.0, 1747341341.0, 1747341639.0], 'EndTimes': [1747341189.0, 1747341444.0, 1747341718.0], 'TotalUserCpuTimeHistory': [12, 31, 27], 'TotalSysCpuTimeHistory': [0, 0, 0], 'WallDurations': [82.0, 139.99375009536743, 139.99375009536743, 103.0, 206.3893666267395, 79.0, 208.75851798057556], 'JobIds': ['122606659.0', '122606909.0', '122607271.0'], 'State': 'failed', 'RecordedSite': True, 'Error': [50115, 'BadFWJRXML', {}]}, '52': {'Retries': 2, 'Restarts': 0, 'SiteHistory': ['Unknown', 'T1_US_FNAL', 'T1_US_FNAL', 'T2_US_Nebraska', 'T2_US_Nebraska', 'T2_US_Nebraska', 'T2_US_Nebraska'], 'ResidentSetSize': [63436, 76452, 75424], 'SubmitTimes': [1747340888.0, 1747341175.0, 1747341415.0], 'StartTimes': [1747341042.0, 1747341206.0, 1747341426.0], 'EndTimes': [1747341105.0, 1747341283.0, 1747341489.0], 'TotalUserCpuTimeHistory': [7, 1, 0], 'TotalSysCpuTimeHistory': [1, 0, 0], 'WallDurations': [63.0, 10.0, 40.99375009536743, 40.99375009536743, 77.0, 63.0, 121.3893666267395], 'JobIds': ['122606660.0', '122606805.0', '122607034.0'], 'State': 'failed', 'RecordedSite': True}, '61': {'Retries': 2, 'Restarts': 0, 'SiteHistory': ['Unknown', 'T1_US_FNAL', 'T1_US_FNAL', 'T1_US_FNAL', 'T1_US_FNAL', 'T1_US_FNAL', 'T1_US_FNAL'], 'ResidentSetSize': [191880, 132956, 116124], 'SubmitTimes': [1747340888.0, 1747341181.0, 1747341527.0], 'StartTimes': [1747341042.0, 1747341303.0, 1747341543.0], 'EndTimes': [1747341113.0, 1747341396.0, 1747341637.0], 'TotalUserCpuTimeHistory': [4, 3, 9], 'TotalSysCpuTimeHistory': [0, 0, 0], 'WallDurations': [71.0, 0, 93.0, 0, 4.389366626739502, 4.389366626739502, 94.0], 'JobIds': ['122606661.0', '122606817.0', '122607221.0'], 'State': 'failed', 'RecordedSite': True, 'Error': [50115, 'BadFWJRXML', {}]}, '45': {'Retries': 2, 'Restarts': 0, 'SiteHistory': ['Unknown', 'T2_US_Caltech', 'T2_US_Caltech', 'T2_US_Wisconsin', 'T2_US_Wisconsin', 'T2_US_Caltech', 'T2_US_Caltech'], 'ResidentSetSize': [551688, 213996, 102864], 'SubmitTimes': [1747340888.0, 1747341305.0, 1747341577.0], 'StartTimes': [1747341110.0, 1747341352.0, 1747341622.0], 'EndTimes': [1747341237.0, 1747341448.0, 1747341686.0], 'TotalUserCpuTimeHistory': [16, 21, 2], 'TotalSysCpuTimeHistory': [0, 0, 0], 'WallDurations': [127.0, 136.99375009536743, 136.99375009536743, 96.0, 195.3893666267395, 64.0, 225.75851798057556], 'JobIds': ['122606662.0', '122606943.0', '122607275.0'], 'State': 'failed', 'RecordedSite': True, 'Error': [50115, 'BadFWJRXML', {}]}, '21': {'Retries': 2, 'Restarts': 0, 'SiteHistory': ['Unknown', 'T1_US_FNAL', 'T1_US_FNAL', 'T1_ES_PIC', 'T1_ES_PIC', 'T1_US_FNAL', 'T1_US_FNAL'], 'ResidentSetSize': [81788, 542644, 97524], 'SubmitTimes': [1747340888.0, 1747341175.0, 1747341501.0], 'StartTimes': [1747341043.0, 1747341296.0, 1747341542.0], 'EndTimes': [1747341106.0, 1747341368.0, 1747341611.0], 'TotalUserCpuTimeHistory': [0, 20, 5], 'TotalSysCpuTimeHistory': [0, 1, 0], 'WallDurations': [63.0, 0, 72.0, 0, 5.389366626739502, 5.389366626739502, 69.0], 'JobIds': ['122606663.0', '122606812.0', '122607168.0'], 'State': 'failed', 'RecordedSite': True, 'Error': [50115, 'BadFWJRXML', {}]}, '67': {'Retries': 2, 'Restarts': 0, 'SiteHistory': ['Unknown', 'T2_US_Caltech', 'T2_US_Caltech', 'T2_US_Caltech', 'T2_US_Caltech', 'T2_US_Wisconsin', 'T2_US_Wisconsin'], 'ResidentSetSize': [325332, 104400, 98860], 'SubmitTimes': [1747340888.0, 1747341300.0, 1747341572.0], 'StartTimes': [1747341112.0, 1747341358.0, 1747341616.0], 'EndTimes': [1747341232.0, 1747341444.0, 1747341704.0], 'TotalUserCpuTimeHistory': [10, 26, 12], 'TotalSysCpuTimeHistory': [0, 0, 1], 'WallDurations': [120.0, 134.99375009536743, 134.99375009536743, 86.0, 189.3893666267395, 88.0, 231.75851798057556], 'JobIds': ['122606664.0', '122606938.0', '122607272.0'], 'State': 'failed', 'RecordedSite': True, 'Error': [50115, 'BadFWJRXML', {}]}, '63': {'Retries': 2, 'Restarts': 0, 'SiteHistory': ['Unknown', 'T1_US_FNAL', 'T1_US_FNAL', 'T1_US_FNAL', 'T1_US_FNAL', 'T2_US_Nebraska', 'T2_US_Nebraska'], 'ResidentSetSize': [503500, 45148, 104592], 'SubmitTimes': [1747340888.0, 1747341175.0, 1747341495.0], 'StartTimes': [1747341042.0, 1747341304.0, 1747341873.0], 'EndTimes': [1747341105.0, 1747341367.0, 1747341945.0], 'TotalUserCpuTimeHistory': [13, 2, 25], 'TotalSysCpuTimeHistory': [0, 0, 0], 'WallDurations': [63.0, 0, 63.0, 0, 243.3893666267395, 72.0, 275.0920214653015], 'JobIds': ['122606665.0', '122606810.0', '122607138.0'], 'State': 'failed', 'RecordedSite': True, 'Error': [50115, 'BadFWJRXML', {}]}, '66': {'Retries': 2, 'Restarts': 0, 'SiteHistory': ['Unknown', 'T2_US_Caltech', 'T2_US_Caltech', 'T2_US_Wisconsin', 'T2_US_Wisconsin', 'T2_US_Caltech', 'T2_US_Caltech'], 'ResidentSetSize': [104612, 82152, 203584], 'SubmitTimes': [1747340888.0, 1747341305.0, 1747341557.0], 'StartTimes': [1747341108.0, 1747341352.0, 1747341618.0], 'EndTimes': [1747341238.0, 1747341427.0, 1747341741.0], 'TotalUserCpuTimeHistory': [28, 25, 28], 'TotalSysCpuTimeHistory': [0, 1, 0], 'WallDurations': [130.0, 138.99375009536743, 138.99375009536743, 75.0, 195.3893666267395, 123.0, 229.75851798057556], 'JobIds': ['122606666.0', '122606946.0', '122607250.0'], 'State': 'failed', 'RecordedSite': True}, '64': {'Retries': 2, 'Restarts': 0, 'SiteHistory': ['Unknown', 'T1_US_FNAL', 'T1_US_FNAL', 'T1_US_FNAL', 'T1_US_FNAL', 'T2_US_Nebraska', 'T2_US_Nebraska'], 'ResidentSetSize': [129248, 108916, 136956], 'SubmitTimes': [1747340888.0, 1747341186.0, 1747341547.0], 'StartTimes': [1747341043.0, 1747341301.0, 1747342037.0], 'EndTimes': [1747341115.0, 1747341415.0, 1747342125.0], 'TotalUserCpuTimeHistory': [2, 19, 4], 'TotalSysCpuTimeHistory': [0, 3, 0], 'WallDurations': [72.0, 0, 114.0, 246.3893666267395, 246.3893666267395, 88.0, 111.09202146530151], 'JobIds': ['122606667.0', '122606825.0', '122607243.0'], 'State': 'failed', 'RecordedSite': True}, '65': {'Retries': 2, 'Restarts': 0, 'SiteHistory': ['Unknown', 'T1_FR_CCIN2P3', 'T1_FR_CCIN2P3', 'T2_US_MIT', 'T2_US_MIT', 'T2_US_MIT', 'T2_US_MIT'], 'ResidentSetSize': [250704, 219100, 97228], 'SubmitTimes': [1747340888.0, 1747341295.0, 1747341562.0], 'StartTimes': [1747341159.0, 1747341349.0, 1747341609.0], 'EndTimes': [1747341221.0, 1747341432.0, 1747341682.0], 'TotalUserCpuTimeHistory': [12, 5, 13], 'TotalSysCpuTimeHistory': [1, 0, 0], 'WallDurations': [62.0, 87.99375009536743, 87.99375009536743, 83.0, 198.3893666267395, 73.0, 238.75851798057556], 'JobIds': ['122606668.0', '122606932.0', '122607262.0'], 'State': 'failed', 'RecordedSite': True, 'Error': [50115, 'BadFWJRXML', {}]}, '60': {'Retries': 2, 'Restarts': 0, 'SiteHistory': ['Unknown', 'T1_US_FNAL', 'T1_US_FNAL', 'T1_US_FNAL', 'T1_US_FNAL', 'T1_US_FNAL', 'T1_US_FNAL'], 'ResidentSetSize': [146324, 125972, 89544], 'SubmitTimes': [1747340888.0, 1747341191.0, 1747341517.0], 'StartTimes': [1747341044.0, 1747341305.0, 1747341543.0], 'EndTimes': [1747341122.0, 1747341386.0, 1747341610.0], 'TotalUserCpuTimeHistory': [14, 5, 10], 'TotalSysCpuTimeHistory': [0, 0, 0], 'WallDurations': [78.0, 0, 81.0, 0, 4.389366626739502, 4.389366626739502, 67.0], 'JobIds': ['122606669.0', '122606835.0', '122607210.0'], 'State': 'failed', 'RecordedSite': True, 'Error': [50115, 'BadFWJRXML', {}]}, '68': {'Retries': 2, 'Restarts': 0, 'SiteHistory': ['Unknown', 'T2_US_Caltech', 'T2_US_Caltech', 'T2_US_MIT', 'T2_US_MIT', 'T2_US_MIT', 'T2_US_MIT'], 'ResidentSetSize': [129372, 11772, 27196], 'SubmitTimes': [1747340888.0, 1747341267.0, 1747341557.0], 'StartTimes': [1747341116.0, 1747341348.0, 1747341609.0], 'EndTimes': [1747341197.0, 1747341426.0, 1747341672.0], 'TotalUserCpuTimeHistory': [27, 13, 15], 'TotalSysCpuTimeHistory': [0, 0, 0], 'WallDurations': [81.0, 130.99375009536743, 130.99375009536743, 78.0, 199.3893666267395, 63.0, 238.75851798057556], 'JobIds': ['122606670.0', '122606913.0', '122607251.0'], 'State': 'failed', 'RecordedSite': True, 'Error': [50115, 'BadFWJRXML', {}]}, '62': {'Retries': 2, 'Restarts': 0, 'SiteHistory': ['Unknown', 'T1_US_FNAL', 'T1_US_FNAL', 'T2_US_Nebraska', 'T2_US_Nebraska', 'T2_US_Nebraska', 'T2_US_Nebraska'], 'ResidentSetSize': [93612, 153096, 496092], 'SubmitTimes': [1747340888.0, 1747341216.0, 1747341981.0], 'StartTimes': [1747341043.0, 1747341764.0, 1747342277.0], 'EndTimes': [1747341147.0, 1747341856.0, 1747342341.0], 'TotalUserCpuTimeHistory': [30, 17, 2.0], 'TotalSysCpuTimeHistory': [1, 1, 0.0], 'WallDurations': [104.0, 0, 203.99375009536743, 9.0, 92.0, 64.0, 171.40470910072327], 'JobIds': ['122606671.0', '122606876.0', '122607503.0'], 'State': 'failed', 'RecordedSite': True, 'Error': [50115, 'BadFWJRXML', {}]}}
INFO 2025-05-16 08:41:10.092 UTC: 	 Status on the scheduler:	FAILED
INFO 2025-05-16 08:41:10.092 UTC: 	 
Jobs status:                    failed       		100.0% (68/68)
INFO 2025-05-16 08:41:10.093 UTC: 	 
No publication information (publication has been disabled in the CRAB configuration file)
INFO 2025-05-16 08:41:10.093 UTC: 	 
Error Summary: (use crab status --verboseErrors for details about the errors)

54 jobs failed with exit code 50115

Could not find exit code details for 14 jobs.

Have a look at https://twiki.cern.ch/twiki/bin/viewauth/CMSPublic/JobExitCodes for a description of the exit codes.
INFO 2025-05-16 08:41:10.094 UTC: 	 
Warning: the max jobs runtime is less than 30% of the task requested value (2700 min), please consider to request a lower value for failed jobs (allowed through crab resubmit) and/or improve the jobs splitting (e.g. config.Data.splitting = 'Automatic') in a new task.
INFO 2025-05-16 08:41:10.095 UTC: 	 
Warning: the average jobs CPU efficiency is less than 50%, please consider to improve the jobs splitting (e.g. config.Data.splitting = 'Automatic') in a new task
INFO 2025-05-16 08:41:10.095 UTC: 	 
Summary of run jobs:
 * Memory: 44MB min, 536MB max, 147MB ave
 * Runtime: 0:01:03 min, 0:08:13 max, 0:03:05 ave
 * CPU eff: 0% min, 64% max, 10% ave
 * Waste: 9:48:26 (74% of total)

INFO 2025-05-16 08:41:10.100 UTC: 	 Log file is /afs/cern.ch/user/a/apuglia/CMSSW_14_1_7/src/PhysicsTools/NanoAODTools/crab/crab_TTTo2J1L1Nu_v6/crab.log
