DEBUG 2025-03-14 16:02:28.577 UTC: 	 CRAB Client version: v3.250217
DEBUG 2025-03-14 16:02:28.577 UTC: 	 Running on: Linux lxplus925.cern.ch 5.14.0-503.19.1.el9_5.x86_64 #1 SMP PREEMPT_DYNAMIC Fri Dec 6 15:53:53 EST 2024 x86_64 x86_64 x86_64 GNU/Linux
DEBUG 2025-03-14 16:02:28.577 UTC: 	 Not using Singularity
DEBUG 2025-03-14 16:02:28.577 UTC: 	 Operating System: Red Hat Enterprise Linux 9.5 (Plow)
DEBUG 2025-03-14 16:02:28.577 UTC: 	 Executing command: 'submit'
DEBUG 2025-03-14 16:02:28.577 UTC: 	 Found CRAB cache file /afs/cern.ch/user/a/apuglia/.crab3
INFO 2025-03-14 16:02:28.578 UTC: 	 Will use CRAB configuration file crab_cfg.py
DEBUG 2025-03-14 16:02:28.578 UTC: 	 Loading CRAB configuration file.
DEBUG 2025-03-14 16:02:28.853 UTC: 	 Will use CRAB plugin ANALYSIS (i.e. will run an analysis job type).
DEBUG 2025-03-14 16:02:28.864 UTC: 	 Checking credentials
DEBUG 2025-03-14 16:02:28.864 UTC: 	 Found proxy file /tmp/x509up_u180940
DEBUG 2025-03-14 16:02:28.864 UTC: 	 Making sure it has proper VOMS extension
DEBUG 2025-03-14 16:02:28.864 UTC: 	 Executing command :
 voms-proxy-info --vo --file /tmp/x509up_u180940
DEBUG 2025-03-14 16:02:29.360 UTC: 	 output : cms

 error: 
 retcode : 0
DEBUG 2025-03-14 16:02:29.360 UTC: 	 Getting proxy life time left
DEBUG 2025-03-14 16:02:29.360 UTC: 	 Executing command :
 voms-proxy-info --actimeleft --timeleft --file /tmp/x509up_u180940
DEBUG 2025-03-14 16:02:29.825 UTC: 	 output : 685565
685565

 error: 
 retcode : 0
DEBUG 2025-03-14 16:02:29.825 UTC: 	 Proxy valid for 190:26:05 hours
DEBUG 2025-03-14 16:02:29.826 UTC: 	 Encoded data for curl request: subresource=delegatedn
DEBUG 2025-03-14 16:02:29.902 UTC: 	 Registering user credentials on myproxy for /DC=ch/DC=cern/OU=computers/CN=crab-(preprod|prod)-tw(01|02).cern.ch|/DC=ch/DC=cern/OU=computers/CN=crab-dev-tw(01|02|03|04).cern.ch|/DC=ch/DC=cern/OU=Organic Units/OU=Users/CN=cmscrab/CN=(817881|373708)/CN=Robot: cms crab|/DC=ch/DC=cern/OU=Organic Units/OU=Users/CN=crabint1/CN=373708/CN=Robot: CMS CRAB Integration 1
DEBUG 2025-03-14 16:02:29.903 UTC: 	 Executing command :
 voms-proxy-info --identity --file /tmp/x509up_u180940
DEBUG 2025-03-14 16:02:30.459 UTC: 	 output : /DC=ch/DC=cern/OU=Organic Units/OU=Users/CN=apuglia/CN=885270/CN=Andrea Camilla Puglia

 error: 
 retcode : 0
DEBUG 2025-03-14 16:02:30.459 UTC: 	 Getting myproxy life time left for bbb60dc5a44802d56653e3a555244abd1d126f21
DEBUG 2025-03-14 16:02:30.459 UTC: 	 Executing command :
 myproxy-info -s myproxy.cern.ch -l bbb60dc5a44802d56653e3a555244abd1d126f21
DEBUG 2025-03-14 16:02:30.793 UTC: 	 output : username: bbb60dc5a44802d56653e3a555244abd1d126f21
owner: /DC=ch/DC=cern/OU=Organic Units/OU=Users/CN=apuglia/CN=885270/CN=Andrea Camilla Puglia
  renewal policy: /DC=ch/DC=cern/OU=computers/CN=crab-(preprod|prod)-tw(01|02).cern.ch|/DC=ch/DC=cern/OU=computers/CN=crab-dev-tw(01|02|03|04).cern.ch|/DC=ch/DC=cern/OU=Organic Units/OU=Users/CN=cmscrab/CN=(817881|373708)/CN=Robot: cms crab|/DC=ch/DC=cern/OU=Organic Units/OU=Users/CN=crabint1/CN=373708/CN=Robot: CMS CRAB Integration 1
  trusted retrieval policy: /DC=ch/DC=cern/OU=computers/CN=crab-(preprod|prod)-tw(01|02).cern.ch|/DC=ch/DC=cern/OU=computers/CN=crab-dev-tw(01|02|03|04).cern.ch|/DC=ch/DC=cern/OU=Organic Units/OU=Users/CN=cmscrab/CN=(817881|373708)/CN=Robot: cms crab|/DC=ch/DC=cern/OU=Organic Units/OU=Users/CN=crabint1/CN=373708/CN=Robot: CMS CRAB Integration 1
  timeleft: 702:31:37  (29.3 days)

 error: 
 retcode : 0
DEBUG 2025-03-14 16:02:30.793 UTC: 	 Myproxy is valid: 2529060
DEBUG 2025-03-14 16:02:30.793 UTC: 	 Result of myproxy credential check:
  Credential exists on myproxy: username: bbb60dc5a44802d56653e3a555244abd1d126f21  - validity: 29 days, 6:31:00
DEBUG 2025-03-14 16:02:30.793 UTC: 	 Command use: submit
DEBUG 2025-03-14 16:02:30.793 UTC: 	 Options use: ['crab_cfg.py']
DEBUG 2025-03-14 16:02:30.793 UTC: 	 Encoded data for curl request: subresource=version
DEBUG 2025-03-14 16:02:30.838 UTC: 	 CRABClient version: v3.250217
DEBUG 2025-03-14 16:02:30.838 UTC: 	 Instance is prod
DEBUG 2025-03-14 16:02:30.838 UTC: 	 Server base url is cmsweb.cern.ch
DEBUG 2025-03-14 16:02:30.839 UTC: 	 Command api workflow
DEBUG 2025-03-14 16:02:30.839 UTC: 	 Started submission
DEBUG 2025-03-14 16:02:30.839 UTC: 	 Working on /eos/home-a/apuglia/SWAN_projects/thesis/CMSSW_14_1_7/src/PhysicsTools/NanoAODTools/crab/crab_TTTo2J1L1Nu_v5
DEBUG 2025-03-14 16:02:30.839 UTC: 	 Encoded data for curl request: subresource=backendurls
DEBUG 2025-03-14 16:02:30.919 UTC: 	 Loading required information from the environment
DEBUG 2025-03-14 16:02:30.920 UTC: 	 Found CMSSW_14_1_7 for el9_amd64_gcc12 with base /eos/home-a/apuglia/SWAN_projects/thesis/CMSSW_14_1_7
DEBUG 2025-03-14 16:02:30.920 UTC: 	 Loading required information from the environment
DEBUG 2025-03-14 16:02:30.920 UTC: 	 Found CMSSW_14_1_7 for el9_amd64_gcc12 with base /eos/home-a/apuglia/SWAN_projects/thesis/CMSSW_14_1_7
DEBUG 2025-03-14 16:02:30.920 UTC: 	 UNIQUE NAME: tarUUID d6ff1f81-c963-47e6-9045-bd0137d11276 
DEBUG 2025-03-14 16:02:30.920 UTC: 	 self.config: from WMCore.Configuration import Configuration
config = Configuration()
config.section_('General')
config.General.transferLogs = True
config.General.requestName = 'TTTo2J1L1Nu_v5'
config.section_('JobType')
config.JobType.inputFiles = ['crab_script_copy.py', '../scripts/keep_and_drop.txt']
config.JobType.maxJobRuntimeMin = 2700
config.JobType.pluginName = 'Analysis'
config.JobType.scriptExe = 'crab_script.sh'
config.JobType.sendVenvFolder = False
config.JobType.psetName = 'PSet.py'
config.section_('Data')
config.Data.allowNonValidInputDataset = True
config.Data.unitsPerJob = 1
config.Data.outputDatasetTag = 'TTTo2J1L1Nu'
config.Data.outLFNDirBase = '/store/user/apuglia'
config.Data.splitting = 'FileBased'
config.Data.inputDBS = 'global'
config.Data.inputDataset = '/TTTo2J1L1Nu_CP5_13p6TeV_powheg-pythia8/Run3Winter22NanoAOD-122X_mcRun3_2021_realistic_v9-v1/NANOAODSIM'
config.Data.publication = False
config.section_('Site')
config.Site.storageSite = 'T2_IT_Pisa'

DEBUG 2025-03-14 16:02:30.920 UTC: 	 self.config.JobType.psetName: PSet.py
INFO 2025-03-14 16:02:30.920 UTC: 	 Importing CMSSW configuration PSet.py
INFO 2025-03-14 16:02:31.009 UTC: 	 Finished importing CMSSW configuration PSet.py
DEBUG 2025-03-14 16:02:31.009 UTC: 	 Writing CMSSW configuration to /eos/home-a/apuglia/SWAN_projects/thesis/CMSSW_14_1_7/src/PhysicsTools/NanoAODTools/crab/crab_TTTo2J1L1Nu_v5/inputs/PSet.py
DEBUG 2025-03-14 16:02:31.161 UTC: 	 The following EDM output files will be collected: ['tree_hadd.root']
DEBUG 2025-03-14 16:02:31.162 UTC: 	 The following TFile output files will be collected: []
DEBUG 2025-03-14 16:02:31.162 UTC: 	 The following user output files (not listed as PoolOuputModule or TFileService in the CMSSW PSet) will be collected: 
DEBUG 2025-03-14 16:02:31.162 UTC: 	 Loading required information from the environment
DEBUG 2025-03-14 16:02:31.162 UTC: 	 Found CMSSW_14_1_7 for el9_amd64_gcc12 with base /eos/home-a/apuglia/SWAN_projects/thesis/CMSSW_14_1_7
DEBUG 2025-03-14 16:02:31.162 UTC: 	 Making tarball in /eos/home-a/apuglia/SWAN_projects/thesis/CMSSW_14_1_7/src/PhysicsTools/NanoAODTools/crab/crab_TTTo2J1L1Nu_v5/inputs/d6ff1f81-c963-47e6-9045-bd0137d11276default.tgz
DEBUG 2025-03-14 16:02:31.177 UTC: 	 Checking directory /eos/home-a/apuglia/SWAN_projects/thesis/CMSSW_14_1_7/bin
DEBUG 2025-03-14 16:02:31.177 UTC: 	 Adding directory /eos/home-a/apuglia/SWAN_projects/thesis/CMSSW_14_1_7/bin to tarball
DEBUG 2025-03-14 16:02:31.189 UTC: 	 Checking directory /eos/home-a/apuglia/SWAN_projects/thesis/CMSSW_14_1_7/python
DEBUG 2025-03-14 16:02:31.189 UTC: 	 Adding directory /eos/home-a/apuglia/SWAN_projects/thesis/CMSSW_14_1_7/python to tarball
DEBUG 2025-03-14 16:02:31.512 UTC: 	 Checking directory /eos/home-a/apuglia/SWAN_projects/thesis/CMSSW_14_1_7/cfipython
DEBUG 2025-03-14 16:02:31.513 UTC: 	 Adding directory /eos/home-a/apuglia/SWAN_projects/thesis/CMSSW_14_1_7/cfipython to tarball
DEBUG 2025-03-14 16:02:31.520 UTC: 	 Checking directory /eos/home-a/apuglia/SWAN_projects/thesis/CMSSW_14_1_7/lib
DEBUG 2025-03-14 16:02:31.520 UTC: 	 Adding directory /eos/home-a/apuglia/SWAN_projects/thesis/CMSSW_14_1_7/lib to tarball
DEBUG 2025-03-14 16:02:31.530 UTC: 	 Checking directory /eos/home-a/apuglia/SWAN_projects/thesis/CMSSW_14_1_7/biglib
DEBUG 2025-03-14 16:02:31.530 UTC: 	 Adding directory /eos/home-a/apuglia/SWAN_projects/thesis/CMSSW_14_1_7/biglib to tarball
DEBUG 2025-03-14 16:02:31.535 UTC: 	 Checking directory /eos/home-a/apuglia/SWAN_projects/thesis/CMSSW_14_1_7/module
DEBUG 2025-03-14 16:02:31.535 UTC: 	 Checking directory /eos/home-a/apuglia/SWAN_projects/thesis/CMSSW_14_1_7/config/SCRAM/hooks
DEBUG 2025-03-14 16:02:31.535 UTC: 	 Adding directory /eos/home-a/apuglia/SWAN_projects/thesis/CMSSW_14_1_7/config/SCRAM/hooks to tarball
DEBUG 2025-03-14 16:02:31.638 UTC: 	 Adding directory /eos/home-a/apuglia/SWAN_projects/thesis/CMSSW_14_1_7/src/PhysicsTools/NanoAODTools/data to tarball
DEBUG 2025-03-14 16:02:40.041 UTC: 	 Adding directory /eos/home-a/apuglia/SWAN_projects/thesis/CMSSW_14_1_7/src/PhysicsTools/NanoAODTools/interface to tarball
DEBUG 2025-03-14 16:02:40.063 UTC: 	 Adding directory /eos/home-a/apuglia/SWAN_projects/thesis/CMSSW_14_1_7/src/PhysicsTools/NanoAODTools/python to tarball
DEBUG 2025-03-14 16:02:42.367 UTC: 	 Adding directory /eos/home-a/apuglia/SWAN_projects/thesis/CMSSW_14_1_7/src/PhysicsTools/NanoAODTools/python/postprocessing/data to tarball
DEBUG 2025-03-14 16:02:43.898 UTC: 	 Adding file crab_script_copy.py to tarball
DEBUG 2025-03-14 16:02:43.917 UTC: 	 Adding file ../scripts/keep_and_drop.txt to tarball
DEBUG 2025-03-14 16:02:44.016 UTC: 	 Uploading archive /eos/home-a/apuglia/SWAN_projects/thesis/CMSSW_14_1_7/src/PhysicsTools/NanoAODTools/crab/crab_TTTo2J1L1Nu_v5/inputs/d6ff1f81-c963-47e6-9045-bd0137d11276default.tgz (83 MB) to the CRAB cache. Using URI https://cmsweb.cern.ch/S3/crabcache_prod
DEBUG 2025-03-14 16:02:55.613 UTC: 	 Encoded data for curl request: subresource=upload&objecttype=sandbox&tarballname=78940b8d324f37312c46abf47aa0641a20b246f7b4ff5ba424a4f1a6c7d69a0b.tar.gz
DEBUG 2025-03-14 16:02:55.670 UTC: 	 Will execute:
curl -f -v -X POST  -H "User-Agent: CRAB" -F "key=apuglia/sandboxes/78940b8d324f37312c46abf47aa0641a20b246f7b4ff5ba424a4f1a6c7d69a0b.tar.gz" -F "AWSAccessKeyId=715203df6482458ba839e73e6dab634b" -F "policy=eyJleHBpcmF0aW9uIjogIjIwMjUtMDMtMTRUMTc6MDI6NTVaIiwgImNvbmRpdGlvbnMiOiBbeyJidWNrZXQiOiAiY3JhYmNhY2hlX3Byb2QifSwgeyJrZXkiOiAiYXB1Z2xpYS9zYW5kYm94ZXMvNzg5NDBiOGQzMjRmMzczMTJjNDZhYmY0N2FhMDY0MWEyMGIyNDZmN2I0ZmY1YmE0MjRhNGYxYTZjN2Q2OWEwYi50YXIuZ3oifV19" -F "signature=I2eGcd2doAZmP870Mr5w3YS7tMI=" -F "file=@/eos/home-a/apuglia/SWAN_projects/thesis/CMSSW_14_1_7/src/PhysicsTools/NanoAODTools/crab/crab_TTTo2J1L1Nu_v5/inputs/d6ff1f81-c963-47e6-9045-bd0137d11276default.tgz" "https://s3.cern.ch/crabcache_prod"
DEBUG 2025-03-14 16:02:58.888 UTC: 	 exitcode: 0
stdout: b''
DEBUG 2025-03-14 16:02:58.889 UTC: 	 upload to S3 of sandbox /eos/home-a/apuglia/SWAN_projects/thesis/CMSSW_14_1_7/src/PhysicsTools/NanoAODTools/crab/crab_TTTo2J1L1Nu_v5/inputs/d6ff1f81-c963-47e6-9045-bd0137d11276default.tgz completed
DEBUG 2025-03-14 16:02:58.889 UTC: 	 make sure that object is ready for retrieve
DEBUG 2025-03-14 16:02:59.890 UTC: 	 Encoded data for curl request: subresource=download&objecttype=sandbox&tarballname=78940b8d324f37312c46abf47aa0641a20b246f7b4ff5ba424a4f1a6c7d69a0b.tar.gz&clientmethod=head_object
DEBUG 2025-03-14 16:02:59.950 UTC: 	 PreSignedUrl to download sandbox received OK
DEBUG 2025-03-14 16:02:59.953 UTC: 	 Will execute:
 curl -v -s -f -o /dev/null --head  "https://s3.cern.ch/crabcache_prod/apuglia/sandboxes/78940b8d324f37312c46abf47aa0641a20b246f7b4ff5ba424a4f1a6c7d69a0b.tar.gz?AWSAccessKeyId=715203df6482458ba839e73e6dab634b&Signature=%2Bzxx0q37TO845BSffzSFY4OJiQM%3D&Expires=1741971779"
DEBUG 2025-03-14 16:02:59.985 UTC: 	 exitcode: 0
stdout: b''
DEBUG 2025-03-14 16:02:59.985 UTC: 	 sandbox /eos/home-a/apuglia/SWAN_projects/thesis/CMSSW_14_1_7/src/PhysicsTools/NanoAODTools/crab/crab_TTTo2J1L1Nu_v5/inputs/d6ff1f81-c963-47e6-9045-bd0137d11276default.tgz successfully uploaded to S3
DEBUG 2025-03-14 16:02:59.986 UTC: 	 Loading required information from the environment
DEBUG 2025-03-14 16:02:59.986 UTC: 	 Found CMSSW_14_1_7 for el9_amd64_gcc12 with base /eos/home-a/apuglia/SWAN_projects/thesis/CMSSW_14_1_7
DEBUG 2025-03-14 16:02:59.986 UTC: 	 Making tarball in /eos/home-a/apuglia/SWAN_projects/thesis/CMSSW_14_1_7/src/PhysicsTools/NanoAODTools/crab/crab_TTTo2J1L1Nu_v5/inputs/debugFiles.tgz
DEBUG 2025-03-14 16:03:00.028 UTC: 	 Uploading archive /eos/home-a/apuglia/SWAN_projects/thesis/CMSSW_14_1_7/src/PhysicsTools/NanoAODTools/crab/crab_TTTo2J1L1Nu_v5/inputs/debugFiles.tgz (1 KB) to the CRAB cache. Using URI https://cmsweb.cern.ch/S3/crabcache_prod
DEBUG 2025-03-14 16:03:00.035 UTC: 	 Encoded data for curl request: subresource=upload&objecttype=sandbox&tarballname=27033cb62197c9ff42875a8bd36dedeb282e4939d42b4c4142e7a4a67deb9906.tar.gz
DEBUG 2025-03-14 16:03:00.154 UTC: 	 Will execute:
curl -f -v -X POST  -H "User-Agent: CRAB" -F "key=apuglia/sandboxes/27033cb62197c9ff42875a8bd36dedeb282e4939d42b4c4142e7a4a67deb9906.tar.gz" -F "AWSAccessKeyId=715203df6482458ba839e73e6dab634b" -F "policy=eyJleHBpcmF0aW9uIjogIjIwMjUtMDMtMTRUMTc6MDM6MDBaIiwgImNvbmRpdGlvbnMiOiBbeyJidWNrZXQiOiAiY3JhYmNhY2hlX3Byb2QifSwgeyJrZXkiOiAiYXB1Z2xpYS9zYW5kYm94ZXMvMjcwMzNjYjYyMTk3YzlmZjQyODc1YThiZDM2ZGVkZWIyODJlNDkzOWQ0MmI0YzQxNDJlN2E0YTY3ZGViOTkwNi50YXIuZ3oifV19" -F "signature=ICD2hpoyycCr6SdpYnY8iXDhexs=" -F "file=@/eos/home-a/apuglia/SWAN_projects/thesis/CMSSW_14_1_7/src/PhysicsTools/NanoAODTools/crab/crab_TTTo2J1L1Nu_v5/inputs/debugFiles.tgz" "https://s3.cern.ch/crabcache_prod"
DEBUG 2025-03-14 16:03:00.238 UTC: 	 exitcode: 0
stdout: b''
DEBUG 2025-03-14 16:03:00.238 UTC: 	 upload to S3 of sandbox /eos/home-a/apuglia/SWAN_projects/thesis/CMSSW_14_1_7/src/PhysicsTools/NanoAODTools/crab/crab_TTTo2J1L1Nu_v5/inputs/debugFiles.tgz completed
DEBUG 2025-03-14 16:03:00.238 UTC: 	 make sure that object is ready for retrieve
DEBUG 2025-03-14 16:03:01.239 UTC: 	 Encoded data for curl request: subresource=download&objecttype=sandbox&tarballname=27033cb62197c9ff42875a8bd36dedeb282e4939d42b4c4142e7a4a67deb9906.tar.gz&clientmethod=head_object
DEBUG 2025-03-14 16:03:01.287 UTC: 	 PreSignedUrl to download sandbox received OK
DEBUG 2025-03-14 16:03:01.289 UTC: 	 Will execute:
 curl -v -s -f -o /dev/null --head  "https://s3.cern.ch/crabcache_prod/apuglia/sandboxes/27033cb62197c9ff42875a8bd36dedeb282e4939d42b4c4142e7a4a67deb9906.tar.gz?AWSAccessKeyId=715203df6482458ba839e73e6dab634b&Signature=XBePwyK0G94OO1sfoQfMhqr6Icg%3D&Expires=1741971781"
DEBUG 2025-03-14 16:03:01.325 UTC: 	 exitcode: 0
stdout: b''
DEBUG 2025-03-14 16:03:01.325 UTC: 	 sandbox /eos/home-a/apuglia/SWAN_projects/thesis/CMSSW_14_1_7/src/PhysicsTools/NanoAODTools/crab/crab_TTTo2J1L1Nu_v5/inputs/debugFiles.tgz successfully uploaded to S3
DEBUG 2025-03-14 16:03:01.325 UTC: 	 Result uploading input files: 78940b8d324f37312c46abf47aa0641a20b246f7b4ff5ba424a4f1a6c7d69a0b.tar.gz 
DEBUG 2025-03-14 16:03:01.326 UTC: 	 submit() - self.configuration from WMCore.Configuration import Configuration
config = Configuration()
config.section_('General')
config.General.transferLogs = True
config.General.requestName = 'TTTo2J1L1Nu_v5'
config.section_('JobType')
config.JobType.inputFiles = ['crab_script_copy.py', '../scripts/keep_and_drop.txt']
config.JobType.maxJobRuntimeMin = 2700
config.JobType.pluginName = 'Analysis'
config.JobType.scriptExe = 'crab_script.sh'
config.JobType.sendVenvFolder = False
config.JobType.psetName = 'PSet.py'
config.section_('Data')
config.Data.allowNonValidInputDataset = True
config.Data.unitsPerJob = 1
config.Data.outputDatasetTag = 'TTTo2J1L1Nu'
config.Data.outLFNDirBase = '/store/user/apuglia'
config.Data.splitting = 'FileBased'
config.Data.inputDBS = 'global'
config.Data.inputDataset = '/TTTo2J1L1Nu_CP5_13p6TeV_powheg-pythia8/Run3Winter22NanoAOD-122X_mcRun3_2021_realistic_v9-v1/NANOAODSIM'
config.Data.publication = False
config.section_('Site')
config.Site.storageSite = 'T2_IT_Pisa'

DEBUG 2025-03-14 16:03:01.326 UTC: 	 submit() - self.configreq {'dryrun': 0, 'workflow': 'crab_TTTo2J1L1Nu_v5', 'saveoutput': 1, 'savelogsflag': 1, 'inputdata': '/TTTo2J1L1Nu_CP5_13p6TeV_powheg-pythia8/Run3Winter22NanoAOD-122X_mcRun3_2021_realistic_v9-v1/NANOAODSIM', 'nonvaliddata': 1, 'userfiles': [], 'dbsurl': 'https://cmsweb.cern.ch/dbs/prod/global/DBSReader', 'useparent': 0, 'ignorelocality': 0, 'splitalgo': 'FileBased', 'algoargs': 1, 'totalunits': 0, 'lfn': '/store/user/apuglia', 'publication': 0, 'publishdbsurl': 'https://cmsweb.cern.ch/dbs/prod/phys03/DBSWriter', 'publishname2': 'TTTo2J1L1Nu', 'jobtype': 'Analysis', 'generator': 'pythia', 'addoutputfiles': [], 'maxjobruntime': 2700, 'numcores': 1, 'maxmemory': 2000, 'priority': 10, 'nonprodsw': 0, 'scriptexe': 'crab_script.sh', 'asyncdest': 'T2_IT_Pisa', 'requireaccelerator': 0, 'oneEventMode': 0, 'extrajdl': [], 'ignoreglobalblacklist': 0, 'partialdataset': 0, 'inputblocks': []}
DEBUG 2025-03-14 16:03:01.326 UTC: 	 submit() - jobconfig {'addoutputfiles': [], 'tfileoutfiles': [], 'edmoutfiles': ['tree_hadd.root'], 'jobarch': 'el9_amd64_gcc12', 'jobminuarch': 'any', 'jobsw': 'CMSSW_14_1_7', 'inputdata': '/TTTo2J1L1Nu_CP5_13p6TeV_powheg-pythia8/Run3Winter22NanoAOD-122X_mcRun3_2021_realistic_v9-v1/NANOAODSIM', 'cacheurl': 'https://cmsweb.cern.ch/S3/crabcache_prod', 'cachefilename': '78940b8d324f37312c46abf47aa0641a20b246f7b4ff5ba424a4f1a6c7d69a0b.tar.gz', 'debugfilename': '27033cb62197c9ff42875a8bd36dedeb282e4939d42b4c4142e7a4a67deb9906.tar.gz', 'jobtype': 'Analysis'}
INFO 2025-03-14 16:03:01.326 UTC: 	 Sending the request to the server at cmsweb.cern.ch
DEBUG 2025-03-14 16:03:01.326 UTC: 	 Submitting {'dryrun': 0, 'workflow': 'crab_TTTo2J1L1Nu_v5', 'saveoutput': 1, 'savelogsflag': 1, 'inputdata': '/TTTo2J1L1Nu_CP5_13p6TeV_powheg-pythia8/Run3Winter22NanoAOD-122X_mcRun3_2021_realistic_v9-v1/NANOAODSIM', 'nonvaliddata': 1, 'userfiles': [], 'dbsurl': 'https://cmsweb.cern.ch/dbs/prod/global/DBSReader', 'useparent': 0, 'ignorelocality': 0, 'splitalgo': 'FileBased', 'algoargs': 1, 'totalunits': 0, 'lfn': '/store/user/apuglia', 'publication': 0, 'publishdbsurl': 'https://cmsweb.cern.ch/dbs/prod/phys03/DBSWriter', 'publishname2': 'TTTo2J1L1Nu', 'jobtype': 'Analysis', 'generator': 'pythia', 'addoutputfiles': [], 'maxjobruntime': 2700, 'numcores': 1, 'maxmemory': 2000, 'priority': 10, 'nonprodsw': 0, 'scriptexe': 'crab_script.sh', 'asyncdest': 'T2_IT_Pisa', 'requireaccelerator': 0, 'oneEventMode': 0, 'extrajdl': [], 'ignoreglobalblacklist': 0, 'partialdataset': 0, 'inputblocks': [], 'tfileoutfiles': [], 'edmoutfiles': ['tree_hadd.root'], 'jobarch': 'el9_amd64_gcc12', 'jobminuarch': 'any', 'jobsw': 'CMSSW_14_1_7', 'cacheurl': 'https://cmsweb.cern.ch/S3/crabcache_prod', 'cachefilename': '78940b8d324f37312c46abf47aa0641a20b246f7b4ff5ba424a4f1a6c7d69a0b.tar.gz', 'debugfilename': '27033cb62197c9ff42875a8bd36dedeb282e4939d42b4c4142e7a4a67deb9906.tar.gz'} 
DEBUG 2025-03-14 16:03:01.326 UTC: 	 Encoded data for curl request: dryrun=0&workflow=crab_TTTo2J1L1Nu_v5&saveoutput=1&savelogsflag=1&inputdata=%2FTTTo2J1L1Nu_CP5_13p6TeV_powheg-pythia8%2FRun3Winter22NanoAOD-122X_mcRun3_2021_realistic_v9-v1%2FNANOAODSIM&nonvaliddata=1&dbsurl=https%3A%2F%2Fcmsweb.cern.ch%2Fdbs%2Fprod%2Fglobal%2FDBSReader&useparent=0&ignorelocality=0&splitalgo=FileBased&algoargs=1&totalunits=0&lfn=%2Fstore%2Fuser%2Fapuglia&publication=0&publishdbsurl=https%3A%2F%2Fcmsweb.cern.ch%2Fdbs%2Fprod%2Fphys03%2FDBSWriter&publishname2=TTTo2J1L1Nu&jobtype=Analysis&generator=pythia&maxjobruntime=2700&numcores=1&maxmemory=2000&priority=10&nonprodsw=0&scriptexe=crab_script.sh&asyncdest=T2_IT_Pisa&requireaccelerator=0&oneEventMode=0&ignoreglobalblacklist=0&partialdataset=0&jobarch=el9_amd64_gcc12&jobminuarch=any&jobsw=CMSSW_14_1_7&cacheurl=https%3A%2F%2Fcmsweb.cern.ch%2FS3%2Fcrabcache_prod&cachefilename=78940b8d324f37312c46abf47aa0641a20b246f7b4ff5ba424a4f1a6c7d69a0b.tar.gz&debugfilename=27033cb62197c9ff42875a8bd36dedeb282e4939d42b4c4142e7a4a67deb9906.tar.gz&edmoutfiles=tree_hadd.root
DEBUG 2025-03-14 16:03:01.735 UTC: 	 Result: {'result': [{'RequestName': '250314_160301:apuglia_crab_TTTo2J1L1Nu_v5'}]}
INFO 2025-03-14 16:03:01.996 UTC: 	 Success: Your task has been delivered to the prod CRAB3 server.
INFO 2025-03-14 16:03:01.996 UTC: 	 Task name: 250314_160301:apuglia_crab_TTTo2J1L1Nu_v5
INFO 2025-03-14 16:03:01.996 UTC: 	 Project dir: ./crab_TTTo2J1L1Nu_v5
INFO 2025-03-14 16:03:01.996 UTC: 	 Please use ' crab status -d ./crab_TTTo2J1L1Nu_v5 ' to check how the submission process proceeds.
DEBUG 2025-03-14 16:03:01.996 UTC: 	 About to return
INFO 2025-03-14 16:03:02.021 UTC: 	 Log file is /eos/home-a/apuglia/SWAN_projects/thesis/CMSSW_14_1_7/src/PhysicsTools/NanoAODTools/crab/crab_TTTo2J1L1Nu_v5/crab.log
DEBUG 2025-03-14 16:15:00.982 UTC: 	 CRAB Client version: v3.250217
DEBUG 2025-03-14 16:15:00.982 UTC: 	 Running on: Linux lxplus925.cern.ch 5.14.0-503.19.1.el9_5.x86_64 #1 SMP PREEMPT_DYNAMIC Fri Dec 6 15:53:53 EST 2024 x86_64 x86_64 x86_64 GNU/Linux
DEBUG 2025-03-14 16:15:00.982 UTC: 	 Not using Singularity
DEBUG 2025-03-14 16:15:00.982 UTC: 	 Operating System: Red Hat Enterprise Linux 9.5 (Plow)
DEBUG 2025-03-14 16:15:00.982 UTC: 	 Executing command: 'status'
DEBUG 2025-03-14 16:15:00.982 UTC: 	 Found CRAB cache file /afs/cern.ch/user/a/apuglia/.crab3
DEBUG 2025-03-14 16:15:01.024 UTC: 	 Checking credentials
DEBUG 2025-03-14 16:15:01.024 UTC: 	 Found proxy file /tmp/x509up_u180940
DEBUG 2025-03-14 16:15:01.024 UTC: 	 Making sure it has proper VOMS extension
DEBUG 2025-03-14 16:15:01.024 UTC: 	 Executing command :
 voms-proxy-info --vo --file /tmp/x509up_u180940
DEBUG 2025-03-14 16:15:02.590 UTC: 	 output : cms

 error: 
 retcode : 0
DEBUG 2025-03-14 16:15:02.590 UTC: 	 Getting proxy life time left
DEBUG 2025-03-14 16:15:02.590 UTC: 	 Executing command :
 voms-proxy-info --actimeleft --timeleft --file /tmp/x509up_u180940
DEBUG 2025-03-14 16:15:02.967 UTC: 	 output : 684812
684812

 error: 
 retcode : 0
DEBUG 2025-03-14 16:15:02.967 UTC: 	 Proxy valid for 190:13:32 hours
DEBUG 2025-03-14 16:15:02.967 UTC: 	 Encoded data for curl request: subresource=delegatedn
DEBUG 2025-03-14 16:15:03.046 UTC: 	 Registering user credentials on myproxy for /DC=ch/DC=cern/OU=computers/CN=crab-(preprod|prod)-tw(01|02).cern.ch|/DC=ch/DC=cern/OU=computers/CN=crab-dev-tw(01|02|03|04).cern.ch|/DC=ch/DC=cern/OU=Organic Units/OU=Users/CN=cmscrab/CN=(817881|373708)/CN=Robot: cms crab|/DC=ch/DC=cern/OU=Organic Units/OU=Users/CN=crabint1/CN=373708/CN=Robot: CMS CRAB Integration 1
DEBUG 2025-03-14 16:15:03.046 UTC: 	 Executing command :
 voms-proxy-info --identity --file /tmp/x509up_u180940
DEBUG 2025-03-14 16:15:03.470 UTC: 	 output : /DC=ch/DC=cern/OU=Organic Units/OU=Users/CN=apuglia/CN=885270/CN=Andrea Camilla Puglia

 error: 
 retcode : 0
DEBUG 2025-03-14 16:15:03.470 UTC: 	 Getting myproxy life time left for bbb60dc5a44802d56653e3a555244abd1d126f21
DEBUG 2025-03-14 16:15:03.470 UTC: 	 Executing command :
 myproxy-info -s myproxy.cern.ch -l bbb60dc5a44802d56653e3a555244abd1d126f21
DEBUG 2025-03-14 16:15:06.247 UTC: 	 output : username: bbb60dc5a44802d56653e3a555244abd1d126f21
owner: /DC=ch/DC=cern/OU=Organic Units/OU=Users/CN=apuglia/CN=885270/CN=Andrea Camilla Puglia
  renewal policy: /DC=ch/DC=cern/OU=computers/CN=crab-(preprod|prod)-tw(01|02).cern.ch|/DC=ch/DC=cern/OU=computers/CN=crab-dev-tw(01|02|03|04).cern.ch|/DC=ch/DC=cern/OU=Organic Units/OU=Users/CN=cmscrab/CN=(817881|373708)/CN=Robot: cms crab|/DC=ch/DC=cern/OU=Organic Units/OU=Users/CN=crabint1/CN=373708/CN=Robot: CMS CRAB Integration 1
  trusted retrieval policy: /DC=ch/DC=cern/OU=computers/CN=crab-(preprod|prod)-tw(01|02).cern.ch|/DC=ch/DC=cern/OU=computers/CN=crab-dev-tw(01|02|03|04).cern.ch|/DC=ch/DC=cern/OU=Organic Units/OU=Users/CN=cmscrab/CN=(817881|373708)/CN=Robot: cms crab|/DC=ch/DC=cern/OU=Organic Units/OU=Users/CN=crabint1/CN=373708/CN=Robot: CMS CRAB Integration 1
  timeleft: 702:19:01  (29.3 days)

 error: 
 retcode : 0
DEBUG 2025-03-14 16:15:06.247 UTC: 	 Myproxy is valid: 2528340
DEBUG 2025-03-14 16:15:06.248 UTC: 	 Result of myproxy credential check:
  Credential exists on myproxy: username: bbb60dc5a44802d56653e3a555244abd1d126f21  - validity: 29 days, 6:19:00
DEBUG 2025-03-14 16:15:06.248 UTC: 	 Retrieving username ...
DEBUG 2025-03-14 16:15:06.248 UTC: 	 Retrieving username from CRIC...
DEBUG 2025-03-14 16:15:06.899 UTC: 	 username is apuglia
INFO 2025-03-14 16:15:07.449 UTC: 	 Rucio client intialized for account apuglia
DEBUG 2025-03-14 16:15:07.451 UTC: 	 Command use: status
DEBUG 2025-03-14 16:15:07.451 UTC: 	 Options use: ['-d', './crab_TTTo2J1L1Nu_v5']
DEBUG 2025-03-14 16:15:07.451 UTC: 	 Encoded data for curl request: subresource=version
DEBUG 2025-03-14 16:15:07.508 UTC: 	 CRABClient version: v3.250217
DEBUG 2025-03-14 16:15:07.508 UTC: 	 Instance is prod
DEBUG 2025-03-14 16:15:07.508 UTC: 	 Server base url is cmsweb.cern.ch
DEBUG 2025-03-14 16:15:07.508 UTC: 	 Command api workflow
DEBUG 2025-03-14 16:15:07.508 UTC: 	 Encoded data for curl request: subresource=search&workflow=250314_160301%3Aapuglia_crab_TTTo2J1L1Nu_v5
DEBUG 2025-03-14 16:15:07.563 UTC: 	 Got information from server oracle database: {'desc': {'columns': ['tm_taskname', 'tm_activity', 'tm_task_status', 'tm_task_command', 'tm_start_time', 'tm_start_injection', 'tm_end_injection', 'tm_task_failure', 'tm_job_sw', 'tm_job_arch', 'tm_input_dataset', 'tm_nonvalid_input_dataset', 'tm_use_parent', 'tm_site_whitelist', 'tm_site_blacklist', 'tm_split_algo', 'tm_split_args', 'tm_user_sandbox', 'tm_cache_url', 'tm_username', 'tm_user_dn', 'tm_user_vo', 'tm_user_role', 'tm_user_group', 'tm_publish_name', 'tm_publish_groupname', 'tm_asyncdest', 'tm_dbs_url', 'tm_publish_dbs_url', 'tm_publication', 'tm_outfiles', 'tm_tfile_outfiles', 'tm_edm_outfiles', 'tm_job_type', 'tm_generator', 'tm_events_per_lumi', 'tm_arguments', 'tm_save_logs', 'tw_name', 'tm_user_infiles', 'tm_maxjobruntime', 'tm_numcores', 'tm_maxmemory', 'tm_priority', 'tm_output_dataset', 'tm_task_warnings', 'tm_user_webdir', 'tm_scriptexe', 'tm_scriptargs', 'tm_extrajdl', 'tm_collector', 'tm_schedd', 'tm_dry_run', 'tm_user_files', 'tm_transfer_outputs', 'tm_output_lfn', 'tm_ignore_locality', 'tm_fail_limit', 'tm_one_event_mode', 'tm_secondary_input_dataset', 'tm_primary_dataset', 'tm_last_publication', 'tm_debug_files', 'clusterid', 'tm_ignore_global_blacklist', 'tm_submitter_ip_addr', 'tm_totalunits', 'tm_ddm_reqid', 'tm_user_config', 'tm_transfer_container', 'tm_transfer_rule', 'tm_publish_rule', 'tm_multipub_rule', 'tm_job_min_microarch']}, 'result': ['250314_160301:apuglia_crab_TTTo2J1L1Nu_v5', 'None', 'SUBMITTED', 'SUBMIT', '2025-03-14 16:03:01.727624', 'None', '2025-03-14 16:04:13.028108', 'None', 'CMSSW_14_1_7', 'el9_amd64_gcc12', '/TTTo2J1L1Nu_CP5_13p6TeV_powheg-pythia8/Run3Winter22NanoAOD-122X_mcRun3_2021_realistic_v9-v1/NANOAODSIM', 'T', '0', '[]', '[]', 'FileBased', "{'halt_job_on_file_boundaries': False, 'splitOnRun': False, 'files_per_job': 1, 'runs': [], 'lumis': []}", '78940b8d324f37312c46abf47aa0641a20b246f7b4ff5ba424a4f1a6c7d69a0b.tar.gz', 'https://cmsweb.cern.ch/S3/crabcache_prod', 'apuglia', '/DC=ch/DC=cern/OU=Organic Units/OU=Users/CN=apuglia/CN=885270/CN=Andrea Camilla Puglia', 'cms', 'None', 'None', 'TTTo2J1L1Nu-00000000000000000000000000000000', 'F', 'T2_IT_Pisa', 'https://cmsweb.cern.ch/dbs/prod/global/DBSReader', 'https://cmsweb.cern.ch/dbs/prod/phys03/DBSWriter', 'F', '[]', '[]', "['tree_hadd.root']", 'Analysis', 'pythia', 'None', '{}', 'T', 'crab-prod-tw01', '[]', '2700', '1', '2000', '10', 'None', '[]', 'http://vocms0119.cern.ch/mon/apuglia/250314_160301:apuglia_crab_TTTo2J1L1Nu_v5', 'crab_script.sh', '[]', '[]', 'cmsgwms-collector-global.cern.ch:9620,cmsgwms-collector-global.fnal.gov:9620', 'crab3@vocms0119.cern.ch', 'F', '[]', 'T', '/store/user/apuglia', 'F', 'None', 'F', 'None', 'TTTo2J1L1Nu_CP5_13p6TeV_powheg-pythia8', 'None', '27033cb62197c9ff42875a8bd36dedeb282e4939d42b4c4142e7a4a67deb9906.tar.gz', '119333784', 'F', '188.184.73.32', '0.0', 'None', '{"partialdataset": false, "requireaccelerator": false, "acceleratorparams": null, "inputblocks": null}', 'None', 'None', 'None', 'None', 'any']}
INFO 2025-03-14 16:15:07.563 UTC: 	 CRAB project directory:		/eos/home-a/apuglia/SWAN_projects/thesis/CMSSW_14_1_7/src/PhysicsTools/NanoAODTools/crab/crab_TTTo2J1L1Nu_v5
INFO 2025-03-14 16:15:07.563 UTC: 	 Task name:			250314_160301:apuglia_crab_TTTo2J1L1Nu_v5
INFO 2025-03-14 16:15:07.563 UTC: 	 Grid scheduler - Task Worker:	crab3@vocms0119.cern.ch - crab-prod-tw01
INFO 2025-03-14 16:15:07.563 UTC: 	 Status on the CRAB server:	SUBMITTED
INFO 2025-03-14 16:15:07.563 UTC: 	 Task URL to use for HELP:	https://cmsweb.cern.ch/crabserver/ui/task/250314_160301%3Aapuglia_crab_TTTo2J1L1Nu_v5
INFO 2025-03-14 16:15:07.569 UTC: 	 Dashboard monitoring URL:	https://monit-grafana.cern.ch/d/cmsTMDetail/cms-task-monitoring-task-view?orgId=11&var-user=apuglia&var-task=250314_160301%3Aapuglia_crab_TTTo2J1L1Nu_v5&from=1741964581000&to=now
DEBUG 2025-03-14 16:15:07.569 UTC: 	 The CRAB server submitted your task to the Grid scheduler (cluster ID: 119333784)
DEBUG 2025-03-14 16:15:07.569 UTC: 	 Webdir is located at http://vocms0119.cern.ch/mon/apuglia/250314_160301:apuglia_crab_TTTo2J1L1Nu_v5
DEBUG 2025-03-14 16:15:07.569 UTC: 	 Encoded data for curl request: subresource=webdirprx&workflow=250314_160301%3Aapuglia_crab_TTTo2J1L1Nu_v5
DEBUG 2025-03-14 16:15:07.611 UTC: 	 Proxied webdir is located at https://cmsweb.cern.ch:8443/scheddmon/0119/apuglia/250314_160301:apuglia_crab_TTTo2J1L1Nu_v5
DEBUG 2025-03-14 16:15:07.632 UTC: 	 Retrieving 'status_cache' file from https://cmsweb.cern.ch:8443/scheddmon/0119/apuglia/250314_160301:apuglia_crab_TTTo2J1L1Nu_v5/status_cache.pkl
DEBUG 2025-03-14 16:15:07.632 UTC: 	 Will execute:
curl -sS --capath /etc/grid-security/certificates --cert /tmp/x509up_u180940 --key /tmp/x509up_u180940 -o /tmp/crab_status-cache-iwhvrib9.pkl -w %"{http_code}" "https://cmsweb.cern.ch:8443/scheddmon/0119/apuglia/250314_160301:apuglia_crab_TTTo2J1L1Nu_v5/status_cache.pkl"
DEBUG 2025-03-14 16:15:07.632 UTC: 	 Executing command :
 curl -sS --capath /etc/grid-security/certificates --cert /tmp/x509up_u180940 --key /tmp/x509up_u180940 -o /tmp/crab_status-cache-iwhvrib9.pkl -w %"{http_code}" "https://cmsweb.cern.ch:8443/scheddmon/0119/apuglia/250314_160301:apuglia_crab_TTTo2J1L1Nu_v5/status_cache.pkl"
DEBUG 2025-03-14 16:15:07.700 UTC: 	 output : 200
 error: 
 retcode : 0
DEBUG 2025-03-14 16:15:07.700 UTC: 	 exitcode: 0
stdout: 200
stderr: 
error details: 
DEBUG 2025-03-14 16:15:07.701 UTC: 	 Got information from status cache file: {'8': {'Retries': 1, 'Restarts': 0, 'SiteHistory': ['Unknown', 'T1_FR_CCIN2P3', 'T1_FR_CCIN2P3', 'T1_UK_RAL', 'T1_UK_RAL'], 'ResidentSetSize': [76300, 70764], 'SubmitTimes': [1741968317.0, 1741968550.0], 'StartTimes': [1741968424.0, 1741968558.0], 'EndTimes': [1741968485.0, 1741968620.0], 'TotalUserCpuTimeHistory': [13, 5], 'TotalSysCpuTimeHistory': [0, 0], 'WallDurations': [61.0, 62.0, 119.54048299789429, 119.54048299789429, 119.54048299789429], 'JobIds': ['119333790.0', '119333883.0'], 'State': 'cooloff', 'RecordedSite': True}, '6': {'Retries': 1, 'Restarts': 0, 'SiteHistory': ['Unknown', 'T1_IT_CNAF', 'T1_IT_CNAF', 'T1_UK_RAL', 'T1_UK_RAL'], 'ResidentSetSize': [50304, 49708], 'SubmitTimes': [1741968317.0, 1741968550.0], 'StartTimes': [1741968423.0, 1741968558.0], 'EndTimes': [1741968483.0, 1741968620.0], 'TotalUserCpuTimeHistory': [11, 4], 'TotalSysCpuTimeHistory': [0, 0], 'WallDurations': [60.0, 62.0, 119.54048299789429, 119.54048299789429, 119.54048299789429], 'JobIds': ['119333791.0', '119333879.0'], 'State': 'cooloff', 'RecordedSite': True}, '5': {'Retries': 0, 'Restarts': 0, 'SiteHistory': ['Unknown', 'T1_UK_RAL', 'T1_UK_RAL'], 'ResidentSetSize': [70600], 'SubmitTimes': [1741968317.0], 'StartTimes': [1741968553.0], 'EndTimes': [1741968615.0], 'TotalUserCpuTimeHistory': [10], 'TotalSysCpuTimeHistory': [0], 'WallDurations': [62.0, 124.54048299789429, 124.54048299789429], 'JobIds': ['119333792.0'], 'State': 'cooloff', 'RecordedSite': True}, '10': {'Retries': 1, 'Restarts': 0, 'SiteHistory': ['Unknown', 'T1_IT_CNAF', 'T1_IT_CNAF'], 'ResidentSetSize': [137884, 0], 'SubmitTimes': [1741968317.0, 1741968572.0], 'StartTimes': [1741968424.0], 'EndTimes': [1741968500.0], 'TotalUserCpuTimeHistory': [12, 0.0], 'TotalSysCpuTimeHistory': [0, 0.0], 'WallDurations': [76.0, 0, 253.5404829978943], 'JobIds': ['119333793.0', '119333906.0'], 'State': 'idle', 'RecordedSite': False}, '14': {'Retries': 1, 'Restarts': 0, 'SiteHistory': ['Unknown', 'T1_IT_CNAF', 'T1_IT_CNAF', 'T1_FR_CCIN2P3', 'T1_FR_CCIN2P3'], 'ResidentSetSize': [91400, 71344], 'SubmitTimes': [1741968317.0, 1741968556.0], 'StartTimes': [1741968424.0, 1741968612.0], 'EndTimes': [1741968486.0, 1741968673.0], 'TotalUserCpuTimeHistory': [4, 5], 'TotalSysCpuTimeHistory': [0, 0], 'WallDurations': [62.0, 61.0, 65.54048299789429, 65.54048299789429, 65.54048299789429], 'JobIds': ['119333794.0', '119333890.0'], 'State': 'cooloff', 'RecordedSite': True}, '2': {'Retries': 1, 'Restarts': 0, 'SiteHistory': ['Unknown', 'T1_IT_CNAF', 'T1_IT_CNAF'], 'ResidentSetSize': [58612, 0], 'SubmitTimes': [1741968317.0, 1741968618.0], 'StartTimes': [1741968487.0], 'EndTimes': [1741968549.0], 'TotalUserCpuTimeHistory': [8, 0.0], 'TotalSysCpuTimeHistory': [0, 0.0], 'WallDurations': [62.0, 0, 190.5404829978943], 'JobIds': ['119333795.0', '119333924.0'], 'State': 'idle', 'RecordedSite': False}, '7': {'Retries': 1, 'Restarts': 0, 'SiteHistory': ['Unknown', 'T1_FR_CCIN2P3', 'T1_FR_CCIN2P3', 'T1_UK_RAL', 'T1_UK_RAL'], 'ResidentSetSize': [90476, 72532], 'SubmitTimes': [1741968317.0, 1741968550.0], 'StartTimes': [1741968421.0, 1741968558.0], 'EndTimes': [1741968481.0, 1741968620.0], 'TotalUserCpuTimeHistory': [2, 7], 'TotalSysCpuTimeHistory': [0, 0], 'WallDurations': [60.0, 62.0, 119.54048299789429, 119.54048299789429, 119.54048299789429], 'JobIds': ['119333796.0', '119333881.0'], 'State': 'cooloff', 'RecordedSite': True}, '3': {'Retries': 0, 'Restarts': 0, 'SiteHistory': ['Unknown', 'T2_IT_Pisa', 'T2_IT_Pisa'], 'ResidentSetSize': [52092], 'SubmitTimes': [1741968317.0], 'StartTimes': [1741968552.0], 'EndTimes': [], 'TotalUserCpuTimeHistory': [0.0], 'TotalSysCpuTimeHistory': [0.0], 'WallDurations': [8.0, 125.54048299789429, 125.54048299789429], 'JobIds': ['119333797.0'], 'State': 'running', 'RecordedSite': True}, '4': {'Retries': 0, 'Restarts': 0, 'SiteHistory': ['Unknown', 'T2_IT_Pisa', 'T2_IT_Pisa'], 'ResidentSetSize': [48860], 'SubmitTimes': [1741968317.0], 'StartTimes': [1741968559.0], 'EndTimes': [1741968629.0], 'TotalUserCpuTimeHistory': [6], 'TotalSysCpuTimeHistory': [0], 'WallDurations': [70.0, 118.54048299789429, 118.54048299789429], 'JobIds': ['119333798.0'], 'State': 'cooloff', 'RecordedSite': True}, '9': {'Retries': 1, 'Restarts': 0, 'SiteHistory': ['Unknown', 'T1_FR_CCIN2P3', 'T1_FR_CCIN2P3', 'T1_UK_RAL', 'T1_UK_RAL'], 'ResidentSetSize': [81212, 49632], 'SubmitTimes': [1741968322.0, 1741968550.0], 'StartTimes': [1741968420.0, 1741968558.0], 'EndTimes': [1741968482.0, 1741968620.0], 'TotalUserCpuTimeHistory': [1, 1], 'TotalSysCpuTimeHistory': [0, 0], 'WallDurations': [62.0, 62.0, 119.54048299789429, 119.54048299789429, 119.54048299789429], 'JobIds': ['119333799.0', '119333882.0'], 'State': 'cooloff', 'RecordedSite': True}, '1': {'Retries': 1, 'Restarts': 0, 'SiteHistory': ['Unknown', 'T1_IT_CNAF', 'T1_IT_CNAF'], 'ResidentSetSize': [60948, 0], 'SubmitTimes': [1741968322.0, 1741968623.0], 'StartTimes': [1741968489.0], 'EndTimes': [1741968551.0], 'TotalUserCpuTimeHistory': [4, 0.0], 'TotalSysCpuTimeHistory': [0, 0.0], 'WallDurations': [62.0, 0, 188.5404829978943], 'JobIds': ['119333800.0', '119333929.0'], 'State': 'idle', 'RecordedSite': False}, '11': {'Retries': 1, 'Restarts': 0, 'SiteHistory': ['Unknown', 'T1_IT_CNAF', 'T1_IT_CNAF'], 'ResidentSetSize': [202204, 0], 'SubmitTimes': [1741968322.0, 1741968573.0], 'StartTimes': [1741968428.0], 'EndTimes': [1741968500.0], 'TotalUserCpuTimeHistory': [10, 0.0], 'TotalSysCpuTimeHistory': [0, 0.0], 'WallDurations': [72.0, 0, 249.5404829978943], 'JobIds': ['119333801.0', '119333909.0'], 'State': 'idle', 'RecordedSite': False}, '12': {'Retries': 1, 'Restarts': 0, 'SiteHistory': ['Unknown', 'T1_IT_CNAF', 'T1_IT_CNAF', 'T1_UK_RAL', 'T1_UK_RAL'], 'ResidentSetSize': [90548, 60068], 'SubmitTimes': [1741968322.0, 1741968550.0], 'StartTimes': [1741968423.0, 1741968558.0], 'EndTimes': [1741968485.0, 1741968620.0], 'TotalUserCpuTimeHistory': [9, 7], 'TotalSysCpuTimeHistory': [0, 0], 'WallDurations': [62.0, 62.0, 119.54048299789429, 119.54048299789429, 119.54048299789429], 'JobIds': ['119333802.0', '119333880.0'], 'State': 'cooloff', 'RecordedSite': True}, '13': {'Retries': 1, 'Restarts': 0, 'SiteHistory': ['Unknown', 'T1_IT_CNAF', 'T1_IT_CNAF', 'T1_UK_RAL', 'T1_UK_RAL'], 'ResidentSetSize': [105656, 40040], 'SubmitTimes': [1741968322.0, 1741968562.0], 'StartTimes': [1741968424.0, 1741968622.0], 'EndTimes': [1741968492.0], 'TotalUserCpuTimeHistory': [4, 0.0], 'TotalSysCpuTimeHistory': [0, 0.0], 'WallDurations': [68.0, 9.0, 55.54048299789429, 55.54048299789429, 55.54048299789429], 'JobIds': ['119333803.0', '119333897.0'], 'State': 'running', 'RecordedSite': True}, '15': {'Retries': 1, 'Restarts': 0, 'SiteHistory': ['Unknown', 'T1_IT_CNAF', 'T1_IT_CNAF'], 'ResidentSetSize': [153972, 0], 'SubmitTimes': [1741968322.0, 1741968593.0], 'StartTimes': [1741968423.0], 'EndTimes': [1741968523.0], 'TotalUserCpuTimeHistory': [25, 0.0], 'TotalSysCpuTimeHistory': [1, 0.0], 'WallDurations': [100.0, 0, 254.5404829978943], 'JobIds': ['119333804.0', '119333914.0'], 'State': 'idle', 'RecordedSite': False}, '16': {'Retries': 1, 'Restarts': 0, 'SiteHistory': ['Unknown', 'T1_IT_CNAF', 'T1_IT_CNAF'], 'ResidentSetSize': [237052, 0], 'SubmitTimes': [1741968322.0, 1741968578.0], 'StartTimes': [1741968426.0], 'EndTimes': [1741968510.0], 'TotalUserCpuTimeHistory': [4, 0.0], 'TotalSysCpuTimeHistory': [0, 0.0], 'WallDurations': [84.0, 0, 251.5404829978943], 'JobIds': ['119333805.0', '119333911.0'], 'State': 'idle', 'RecordedSite': False}, '17': {'Retries': 1, 'Restarts': 0, 'SiteHistory': ['Unknown', 'T1_IT_CNAF', 'T1_IT_CNAF'], 'ResidentSetSize': [483340, 0], 'SubmitTimes': [1741968322.0, 1741968598.0], 'StartTimes': [1741968422.0], 'EndTimes': [1741968528.0], 'TotalUserCpuTimeHistory': [10, 0.0], 'TotalSysCpuTimeHistory': [0, 0.0], 'WallDurations': [106.0, 0, 255.5404829978943], 'JobIds': ['119333806.0', '119333915.0'], 'State': 'idle', 'RecordedSite': False}, '18': {'Retries': 1, 'Restarts': 0, 'SiteHistory': ['Unknown', 'T1_IT_CNAF', 'T1_IT_CNAF', 'T1_US_FNAL', 'T1_US_FNAL'], 'ResidentSetSize': [53352, 13736], 'SubmitTimes': [1741968322.0, 1741968556.0], 'StartTimes': [1741968429.0, 1741968624.0], 'EndTimes': [1741968489.0], 'TotalUserCpuTimeHistory': [7, 0.0], 'TotalSysCpuTimeHistory': [0, 0.0], 'WallDurations': [60.0, 9.0, 53.54048299789429, 53.54048299789429, 53.54048299789429], 'JobIds': ['119333807.0', '119333893.0'], 'State': 'running', 'RecordedSite': True}, '19': {'Retries': 1, 'Restarts': 0, 'SiteHistory': ['Unknown', 'T1_IT_CNAF', 'T1_IT_CNAF'], 'ResidentSetSize': [97320, 0], 'SubmitTimes': [1741968322.0, 1741968573.0], 'StartTimes': [1741968423.0], 'EndTimes': [1741968500.0], 'TotalUserCpuTimeHistory': [9, 0.0], 'TotalSysCpuTimeHistory': [0, 0.0], 'WallDurations': [77.0, 0, 254.5404829978943], 'JobIds': ['119333808.0', '119333910.0'], 'State': 'idle', 'RecordedSite': False}, '20': {'Retries': 1, 'Restarts': 0, 'SiteHistory': ['Unknown', 'T1_IT_CNAF', 'T1_IT_CNAF'], 'ResidentSetSize': [536916, 0], 'SubmitTimes': [1741968322.0, 1741968613.0], 'StartTimes': [1741968432.0], 'EndTimes': [1741968543.0], 'TotalUserCpuTimeHistory': [29, 0.0], 'TotalSysCpuTimeHistory': [0, 0.0], 'WallDurations': [111.0, 0, 245.5404829978943], 'JobIds': ['119333809.0', '119333919.0'], 'State': 'idle', 'RecordedSite': False}, '21': {'Retries': 1, 'Restarts': 0, 'SiteHistory': ['Unknown', 'T1_IT_CNAF', 'T1_IT_CNAF', 'T1_US_FNAL', 'T1_US_FNAL'], 'ResidentSetSize': [121772, 108196], 'SubmitTimes': [1741968322.0, 1741968555.0], 'StartTimes': [1741968425.0, 1741968583.0], 'EndTimes': [1741968487.0, 1741968647.0], 'TotalUserCpuTimeHistory': [11, 0], 'TotalSysCpuTimeHistory': [0, 0], 'WallDurations': [62.0, 64.0, 94.54048299789429, 94.54048299789429, 94.54048299789429], 'JobIds': ['119333810.0', '119333887.0'], 'State': 'cooloff', 'RecordedSite': True}, '22': {'Retries': 1, 'Restarts': 0, 'SiteHistory': ['Unknown', 'T1_IT_CNAF', 'T1_IT_CNAF'], 'ResidentSetSize': [284348, 0], 'SubmitTimes': [1741968322.0, 1741968603.0], 'StartTimes': [1741968429.0], 'EndTimes': [1741968535.0], 'TotalUserCpuTimeHistory': [19, 0.0], 'TotalSysCpuTimeHistory': [1, 0.0], 'WallDurations': [106.0, 0, 248.5404829978943], 'JobIds': ['119333811.0', '119333918.0'], 'State': 'idle', 'RecordedSite': False}, '23': {'Retries': 1, 'Restarts': 0, 'SiteHistory': ['Unknown', 'T1_UK_RAL', 'T1_UK_RAL', 'T1_UK_RAL', 'T1_UK_RAL'], 'ResidentSetSize': [144508, 65476], 'SubmitTimes': [1741968322.0, 1741968555.0], 'StartTimes': [1741968424.0, 1741968562.0], 'EndTimes': [1741968485.0, 1741968623.0], 'TotalUserCpuTimeHistory': [7, 5], 'TotalSysCpuTimeHistory': [0, 0], 'WallDurations': [61.0, 61.0, 115.54048299789429, 115.54048299789429, 115.54048299789429], 'JobIds': ['119333812.0', '119333886.0'], 'State': 'cooloff', 'RecordedSite': True}, '24': {'Retries': 1, 'Restarts': 0, 'SiteHistory': ['Unknown', 'T1_UK_RAL', 'T1_UK_RAL', 'T1_UK_RAL', 'T1_UK_RAL'], 'ResidentSetSize': [350820, 57388], 'SubmitTimes': [1741968323.0, 1741968555.0], 'StartTimes': [1741968426.0, 1741968561.0], 'EndTimes': [1741968488.0, 1741968623.0], 'TotalUserCpuTimeHistory': [3, 5], 'TotalSysCpuTimeHistory': [0, 0], 'WallDurations': [62.0, 62.0, 116.54048299789429, 116.54048299789429, 116.54048299789429], 'JobIds': ['119333813.0', '119333884.0'], 'State': 'cooloff', 'RecordedSite': True}, '25': {'Retries': 0, 'Restarts': 0, 'SiteHistory': ['Unknown', 'T1_US_FNAL', 'T1_US_FNAL'], 'ResidentSetSize': [76864], 'SubmitTimes': [1741968323.0], 'StartTimes': [1741968440.0], 'EndTimes': [1741968614.0], 'TotalUserCpuTimeHistory': [13], 'TotalSysCpuTimeHistory': [0], 'WallDurations': [174.0, 237.5404829978943, 237.5404829978943], 'JobIds': ['119333814.0'], 'State': 'cooloff', 'RecordedSite': True}, '26': {'Retries': 1, 'Restarts': 0, 'SiteHistory': ['Unknown', 'T1_UK_RAL', 'T1_UK_RAL', 'T1_UK_RAL', 'T1_UK_RAL'], 'ResidentSetSize': [75576, 59244], 'SubmitTimes': [1741968323.0, 1741968555.0], 'StartTimes': [1741968427.0, 1741968562.0], 'EndTimes': [1741968489.0, 1741968623.0], 'TotalUserCpuTimeHistory': [7, 1], 'TotalSysCpuTimeHistory': [0, 0], 'WallDurations': [62.0, 61.0, 115.54048299789429, 115.54048299789429, 115.54048299789429], 'JobIds': ['119333815.0', '119333885.0'], 'State': 'cooloff', 'RecordedSite': True}, '27': {'Retries': 1, 'Restarts': 0, 'SiteHistory': ['Unknown', 'T1_US_FNAL', 'T1_US_FNAL'], 'ResidentSetSize': [97928, 0], 'SubmitTimes': [1741968323.0, 1741968578.0], 'StartTimes': [1741968440.0], 'EndTimes': [1741968510.0], 'TotalUserCpuTimeHistory': [0, 0.0], 'TotalSysCpuTimeHistory': [0, 0.0], 'WallDurations': [70.0, 0, 237.5404829978943], 'JobIds': ['119333816.0', '119333912.0'], 'State': 'idle', 'RecordedSite': False}, '28': {'Retries': 1, 'Restarts': 0, 'SiteHistory': ['Unknown', 'T1_US_FNAL', 'T1_US_FNAL'], 'ResidentSetSize': [110936, 0], 'SubmitTimes': [1741968323.0, 1741968613.0], 'StartTimes': [1741968435.0], 'EndTimes': [1741968543.0], 'TotalUserCpuTimeHistory': [0, 0.0], 'TotalSysCpuTimeHistory': [0, 0.0], 'WallDurations': [108.0, 0, 242.5404829978943], 'JobIds': ['119333817.0', '119333920.0'], 'State': 'idle', 'RecordedSite': False}, '29': {'Retries': 1, 'Restarts': 0, 'SiteHistory': ['Unknown', 'T1_UK_RAL', 'T1_UK_RAL', 'T1_UK_RAL', 'T1_UK_RAL'], 'ResidentSetSize': [66980, 47728], 'SubmitTimes': [1741968323.0, 1741968555.0], 'StartTimes': [1741968427.0, 1741968626.0], 'EndTimes': [1741968488.0], 'TotalUserCpuTimeHistory': [1, 0.0], 'TotalSysCpuTimeHistory': [0, 0.0], 'WallDurations': [61.0, 9.0, 51.54048299789429, 51.54048299789429, 51.54048299789429], 'JobIds': ['119333818.0', '119333888.0'], 'State': 'running', 'RecordedSite': True}, '45': {'Retries': 1, 'Restarts': 0, 'SiteHistory': ['Unknown', 'T1_UK_RAL', 'T1_UK_RAL', 'T1_UK_RAL', 'T1_UK_RAL'], 'ResidentSetSize': [79312, 52208], 'SubmitTimes': [1741968323.0, 1741968561.0], 'StartTimes': [1741968429.0, 1741968626.0], 'EndTimes': [1741968490.0], 'TotalUserCpuTimeHistory': [5, 3.0], 'TotalSysCpuTimeHistory': [0, 0.0], 'WallDurations': [61.0, 9.0, 51.54048299789429, 51.54048299789429, 51.54048299789429], 'JobIds': ['119333819.0', '119333894.0'], 'State': 'running', 'RecordedSite': True}, '33': {'Retries': 0, 'Restarts': 0, 'SiteHistory': ['Unknown', 'T1_US_FNAL', 'T1_US_FNAL'], 'ResidentSetSize': [19200], 'SubmitTimes': [1741968323.0], 'StartTimes': [1741968432.0], 'EndTimes': [], 'TotalUserCpuTimeHistory': [0.0], 'TotalSysCpuTimeHistory': [0.0], 'WallDurations': [9.0, 245.5404829978943, 245.5404829978943], 'JobIds': ['119333820.0'], 'State': 'running', 'RecordedSite': True}, '31': {'Retries': 1, 'Restarts': 0, 'SiteHistory': ['Unknown', 'T1_FR_CCIN2P3', 'T1_FR_CCIN2P3', 'T1_FR_CCIN2P3', 'T1_FR_CCIN2P3'], 'ResidentSetSize': [43668, 75444], 'SubmitTimes': [1741968323.0, 1741968556.0], 'StartTimes': [1741968424.0, 1741968616.0], 'EndTimes': [1741968486.0], 'TotalUserCpuTimeHistory': [7, 3.0], 'TotalSysCpuTimeHistory': [1, 0.0], 'WallDurations': [62.0, 8.0, 61.54048299789429, 61.54048299789429, 61.54048299789429], 'JobIds': ['119333821.0', '119333891.0'], 'State': 'running', 'RecordedSite': True}, '35': {'Retries': 1, 'Restarts': 0, 'SiteHistory': ['Unknown', 'T1_UK_RAL', 'T1_UK_RAL', 'T1_UK_RAL', 'T1_UK_RAL'], 'ResidentSetSize': [49336, 43440], 'SubmitTimes': [1741968323.0, 1741968561.0], 'StartTimes': [1741968431.0, 1741968623.0], 'EndTimes': [1741968493.0], 'TotalUserCpuTimeHistory': [0, 0.0], 'TotalSysCpuTimeHistory': [0, 0.0], 'WallDurations': [62.0, 10.0, 54.54048299789429, 54.54048299789429, 54.54048299789429], 'JobIds': ['119333822.0', '119333895.0'], 'State': 'running', 'RecordedSite': True}, '38': {'Retries': 1, 'Restarts': 0, 'SiteHistory': ['Unknown', 'T1_UK_RAL', 'T1_UK_RAL', 'T1_UK_RAL', 'T1_UK_RAL'], 'ResidentSetSize': [49888, 4584], 'SubmitTimes': [1741968323.0, 1741968562.0], 'StartTimes': [1741968432.0, 1741968623.0], 'EndTimes': [1741968493.0], 'TotalUserCpuTimeHistory': [16, 0.0], 'TotalSysCpuTimeHistory': [0, 0.0], 'WallDurations': [61.0, 8.0, 54.54048299789429, 54.54048299789429, 54.54048299789429], 'JobIds': ['119333823.0', '119333898.0'], 'State': 'running', 'RecordedSite': True}, '32': {'Retries': 1, 'Restarts': 0, 'SiteHistory': ['Unknown', 'T1_US_FNAL', 'T1_US_FNAL', 'T1_FR_CCIN2P3', 'T1_FR_CCIN2P3'], 'ResidentSetSize': [344600, 0], 'SubmitTimes': [1741968323.0, 1741968567.0], 'StartTimes': [1741968435.0, 1741968675.0], 'EndTimes': [1741968499.0], 'TotalUserCpuTimeHistory': [0, 0.0], 'TotalSysCpuTimeHistory': [0, 0.0], 'WallDurations': [64.0, 0, 2.540482997894287, 2.540482997894287, 2.540482997894287], 'JobIds': ['119333824.0', '119333903.0'], 'State': 'running', 'RecordedSite': True}, '37': {'Retries': 1, 'Restarts': 0, 'SiteHistory': ['Unknown', 'T1_FR_CCIN2P3', 'T1_FR_CCIN2P3', 'T1_UK_RAL', 'T1_UK_RAL'], 'ResidentSetSize': [60216, 51200], 'SubmitTimes': [1741968323.0, 1741968550.0], 'StartTimes': [1741968422.0, 1741968558.0], 'EndTimes': [1741968484.0, 1741968620.0], 'TotalUserCpuTimeHistory': [13, 1], 'TotalSysCpuTimeHistory': [0, 0], 'WallDurations': [62.0, 62.0, 119.54048299789429, 119.54048299789429, 119.54048299789429], 'JobIds': ['119333825.0', '119333878.0'], 'State': 'cooloff', 'RecordedSite': True}, '47': {'Retries': 1, 'Restarts': 0, 'SiteHistory': ['Unknown', 'T1_UK_RAL', 'T1_UK_RAL', 'T1_UK_RAL', 'T1_UK_RAL'], 'ResidentSetSize': [31352, 59740], 'SubmitTimes': [1741968323.0, 1741968562.0], 'StartTimes': [1741968429.0, 1741968623.0], 'EndTimes': [1741968492.0], 'TotalUserCpuTimeHistory': [3, 0.0], 'TotalSysCpuTimeHistory': [0, 0.0], 'WallDurations': [63.0, 8.0, 54.54048299789429, 54.54048299789429, 54.54048299789429], 'JobIds': ['119333826.0', '119333899.0'], 'State': 'running', 'RecordedSite': True}, '34': {'Retries': 1, 'Restarts': 0, 'SiteHistory': ['Unknown', 'T1_FR_CCIN2P3', 'T1_FR_CCIN2P3'], 'ResidentSetSize': [72720, 0], 'SubmitTimes': [1741968323.0, 1741968618.0], 'StartTimes': [1741968483.0], 'EndTimes': [1741968545.0], 'TotalUserCpuTimeHistory': [6, 0.0], 'TotalSysCpuTimeHistory': [0, 0.0], 'WallDurations': [62.0, 0, 194.5404829978943], 'JobIds': ['119333827.0', '119333922.0'], 'State': 'idle', 'RecordedSite': False}, '42': {'Retries': 1, 'Restarts': 0, 'SiteHistory': ['Unknown', 'T1_UK_RAL', 'T1_UK_RAL', 'T1_UK_RAL', 'T1_UK_RAL'], 'ResidentSetSize': [61040, 74292], 'SubmitTimes': [1741968323.0, 1741968556.0], 'StartTimes': [1741968427.0, 1741968618.0], 'EndTimes': [1741968489.0], 'TotalUserCpuTimeHistory': [5, 2.0], 'TotalSysCpuTimeHistory': [0, 0.0], 'WallDurations': [62.0, 8.0, 59.54048299789429, 59.54048299789429, 59.54048299789429], 'JobIds': ['119333828.0', '119333892.0'], 'State': 'running', 'RecordedSite': True}, '41': {'Retries': 1, 'Restarts': 0, 'SiteHistory': ['Unknown', 'T1_UK_RAL', 'T1_UK_RAL', 'T1_UK_RAL', 'T1_UK_RAL'], 'ResidentSetSize': [71300, 57744], 'SubmitTimes': [1741968323.0, 1741968562.0], 'StartTimes': [1741968428.0, 1741968623.0], 'EndTimes': [1741968490.0], 'TotalUserCpuTimeHistory': [7, 1.0], 'TotalSysCpuTimeHistory': [0, 0.0], 'WallDurations': [62.0, 8.0, 54.54048299789429, 54.54048299789429, 54.54048299789429], 'JobIds': ['119333829.0', '119333896.0'], 'State': 'running', 'RecordedSite': True}, '50': {'Retries': 1, 'Restarts': 0, 'SiteHistory': ['Unknown', 'T1_FR_CCIN2P3', 'T1_FR_CCIN2P3'], 'ResidentSetSize': [117832, 0], 'SubmitTimes': [1741968323.0, 1741968618.0], 'StartTimes': [1741968484.0], 'EndTimes': [1741968545.0], 'TotalUserCpuTimeHistory': [8, 0.0], 'TotalSysCpuTimeHistory': [1, 0.0], 'WallDurations': [61.0, 0, 193.5404829978943], 'JobIds': ['119333830.0', '119333923.0'], 'State': 'idle', 'RecordedSite': False}, '40': {'Retries': 0, 'Restarts': 0, 'SiteHistory': ['Unknown', 'T1_FR_CCIN2P3', 'T1_FR_CCIN2P3'], 'ResidentSetSize': [80336], 'SubmitTimes': [1741968323.0], 'StartTimes': [1741968548.0], 'EndTimes': [1741968609.0], 'TotalUserCpuTimeHistory': [2], 'TotalSysCpuTimeHistory': [0], 'WallDurations': [61.0, 129.5404829978943, 129.5404829978943], 'JobIds': ['119333831.0'], 'State': 'cooloff', 'RecordedSite': True}, '36': {'Retries': 1, 'Restarts': 0, 'SiteHistory': ['Unknown', 'T1_US_FNAL', 'T1_US_FNAL'], 'ResidentSetSize': [72220, 0], 'SubmitTimes': [1741968323.0, 1741968659.0], 'StartTimes': [1741968473.0], 'EndTimes': [1741968593.0], 'TotalUserCpuTimeHistory': [1, 0.0], 'TotalSysCpuTimeHistory': [0, 0.0], 'WallDurations': [120.0, 0, 204.5404829978943], 'JobIds': ['119333832.0', '119333939.0'], 'State': 'cooloff', 'RecordedSite': False}, '44': {'Retries': 1, 'Restarts': 0, 'SiteHistory': ['Unknown', 'T1_UK_RAL', 'T1_UK_RAL'], 'ResidentSetSize': [492880, 0], 'SubmitTimes': [1741968323.0, 1741968623.0], 'StartTimes': [1741968488.0], 'EndTimes': [1741968550.0], 'TotalUserCpuTimeHistory': [13, 0.0], 'TotalSysCpuTimeHistory': [0, 0.0], 'WallDurations': [62.0, 0, 189.5404829978943], 'JobIds': ['119333833.0', '119333932.0'], 'State': 'idle', 'RecordedSite': False}, '39': {'Retries': 1, 'Restarts': 0, 'SiteHistory': ['Unknown', 'T1_FR_CCIN2P3', 'T1_FR_CCIN2P3'], 'ResidentSetSize': [45628, 0], 'SubmitTimes': [1741968323.0, 1741968618.0], 'StartTimes': [1741968488.0], 'EndTimes': [1741968549.0], 'TotalUserCpuTimeHistory': [10, 0.0], 'TotalSysCpuTimeHistory': [0, 0.0], 'WallDurations': [61.0, 0, 189.5404829978943], 'JobIds': ['119333834.0', '119333921.0'], 'State': 'idle', 'RecordedSite': False}, '46': {'Retries': 1, 'Restarts': 0, 'SiteHistory': ['Unknown', 'T1_UK_RAL', 'T1_UK_RAL'], 'ResidentSetSize': [72308, 0], 'SubmitTimes': [1741968324.0, 1741968623.0], 'StartTimes': [1741968492.0], 'EndTimes': [1741968554.0], 'TotalUserCpuTimeHistory': [2, 0.0], 'TotalSysCpuTimeHistory': [0, 0.0], 'WallDurations': [62.0, 0, 185.5404829978943], 'JobIds': ['119333835.0', '119333933.0'], 'State': 'idle', 'RecordedSite': False}, '48': {'Retries': 1, 'Restarts': 0, 'SiteHistory': ['Unknown', 'T1_UK_RAL', 'T1_UK_RAL'], 'ResidentSetSize': [85472, 0], 'SubmitTimes': [1741968324.0, 1741968623.0], 'StartTimes': [1741968492.0], 'EndTimes': [1741968554.0], 'TotalUserCpuTimeHistory': [1, 0.0], 'TotalSysCpuTimeHistory': [0, 0.0], 'WallDurations': [62.0, 0, 185.5404829978943], 'JobIds': ['119333836.0', '119333927.0'], 'State': 'idle', 'RecordedSite': False}, '51': {'Retries': 1, 'Restarts': 0, 'SiteHistory': ['Unknown', 'T1_UK_RAL', 'T1_UK_RAL'], 'ResidentSetSize': [84776, 0], 'SubmitTimes': [1741968324.0, 1741968623.0], 'StartTimes': [1741968492.0], 'EndTimes': [1741968553.0], 'TotalUserCpuTimeHistory': [4, 0.0], 'TotalSysCpuTimeHistory': [0, 0.0], 'WallDurations': [61.0, 0, 185.5404829978943], 'JobIds': ['119333837.0', '119333925.0'], 'State': 'idle', 'RecordedSite': False}, '49': {'Retries': 1, 'Restarts': 0, 'SiteHistory': ['Unknown', 'T1_UK_RAL', 'T1_UK_RAL'], 'ResidentSetSize': [72252, 0], 'SubmitTimes': [1741968324.0, 1741968623.0], 'StartTimes': [1741968492.0], 'EndTimes': [1741968554.0], 'TotalUserCpuTimeHistory': [6, 0.0], 'TotalSysCpuTimeHistory': [0, 0.0], 'WallDurations': [62.0, 0, 185.5404829978943], 'JobIds': ['119333838.0', '119333928.0'], 'State': 'idle', 'RecordedSite': False}, '43': {'Retries': 1, 'Restarts': 0, 'SiteHistory': ['Unknown', 'T1_UK_RAL', 'T1_UK_RAL', 'T2_IT_Pisa', 'T2_IT_Pisa'], 'ResidentSetSize': [86052, 50140], 'SubmitTimes': [1741968324.0, 1741968623.0], 'StartTimes': [1741968493.0, 1741968641.0], 'EndTimes': [1741968554.0], 'TotalUserCpuTimeHistory': [4, 0.0], 'TotalSysCpuTimeHistory': [0, 0.0], 'WallDurations': [61.0, 8.0, 36.54048299789429, 36.54048299789429, 36.54048299789429], 'JobIds': ['119333839.0', '119333926.0'], 'State': 'running', 'RecordedSite': True}, '52': {'Retries': 1, 'Restarts': 0, 'SiteHistory': ['Unknown', 'T1_UK_RAL', 'T1_UK_RAL'], 'ResidentSetSize': [66160, 0], 'SubmitTimes': [1741968324.0, 1741968623.0], 'StartTimes': [1741968494.0], 'EndTimes': [1741968556.0], 'TotalUserCpuTimeHistory': [9, 0.0], 'TotalSysCpuTimeHistory': [0, 0.0], 'WallDurations': [62.0, 0, 183.5404829978943], 'JobIds': ['119333840.0', '119333930.0'], 'State': 'idle', 'RecordedSite': False}, '56': {'Retries': 1, 'Restarts': 0, 'SiteHistory': ['Unknown', 'T1_UK_RAL', 'T1_UK_RAL'], 'ResidentSetSize': [46236, 0], 'SubmitTimes': [1741968324.0, 1741968628.0], 'StartTimes': [1741968495.0], 'EndTimes': [1741968559.0], 'TotalUserCpuTimeHistory': [8, 0.0], 'TotalSysCpuTimeHistory': [0, 0.0], 'WallDurations': [64.0, 0, 182.5404829978943], 'JobIds': ['119333841.0', '119333936.0'], 'State': 'idle', 'RecordedSite': False}, '55': {'Retries': 1, 'Restarts': 0, 'SiteHistory': ['Unknown', 'T1_UK_RAL', 'T1_UK_RAL'], 'ResidentSetSize': [38164, 0], 'SubmitTimes': [1741968324.0, 1741968628.0], 'StartTimes': [1741968495.0], 'EndTimes': [1741968559.0], 'TotalUserCpuTimeHistory': [7, 0.0], 'TotalSysCpuTimeHistory': [0, 0.0], 'WallDurations': [64.0, 0, 182.5404829978943], 'JobIds': ['119333842.0', '119333935.0'], 'State': 'idle', 'RecordedSite': False}, '58': {'Retries': 1, 'Restarts': 0, 'SiteHistory': ['Unknown', 'T1_UK_RAL', 'T1_UK_RAL'], 'ResidentSetSize': [76556, 0], 'SubmitTimes': [1741968324.0, 1741968628.0], 'StartTimes': [1741968497.0], 'EndTimes': [1741968559.0], 'TotalUserCpuTimeHistory': [12, 0.0], 'TotalSysCpuTimeHistory': [0, 0.0], 'WallDurations': [62.0, 0, 180.5404829978943], 'JobIds': ['119333843.0', '119333934.0'], 'State': 'idle', 'RecordedSite': False}, '62': {'Retries': 1, 'Restarts': 0, 'SiteHistory': ['Unknown', 'T1_ES_PIC', 'T1_ES_PIC'], 'ResidentSetSize': [136120, 0], 'SubmitTimes': [1741968324.0, 1741968567.0], 'StartTimes': [1741968434.0], 'EndTimes': [1741968495.0], 'TotalUserCpuTimeHistory': [26, 0.0], 'TotalSysCpuTimeHistory': [0, 0.0], 'WallDurations': [61.0, 0, 243.5404829978943], 'JobIds': ['119333844.0', '119333905.0'], 'State': 'idle', 'RecordedSite': False}, '53': {'Retries': 0, 'Restarts': 0, 'SiteHistory': ['Unknown', 'T1_FR_CCIN2P3', 'T1_FR_CCIN2P3'], 'ResidentSetSize': [140492], 'SubmitTimes': [1741968324.0], 'StartTimes': [1741968548.0], 'EndTimes': [1741968611.0], 'TotalUserCpuTimeHistory': [10], 'TotalSysCpuTimeHistory': [1], 'WallDurations': [63.0, 129.5404829978943, 129.5404829978943], 'JobIds': ['119333845.0'], 'State': 'cooloff', 'RecordedSite': True}, '59': {'Retries': 1, 'Restarts': 0, 'SiteHistory': ['Unknown', 'T1_ES_PIC', 'T1_ES_PIC', 'T1_UK_RAL', 'T1_UK_RAL'], 'ResidentSetSize': [318604, 78240], 'SubmitTimes': [1741968324.0, 1741968562.0], 'StartTimes': [1741968431.0, 1741968626.0], 'EndTimes': [1741968494.0], 'TotalUserCpuTimeHistory': [18, 0.0], 'TotalSysCpuTimeHistory': [0, 0.0], 'WallDurations': [63.0, 9.0, 51.54048299789429, 51.54048299789429, 51.54048299789429], 'JobIds': ['119333846.0', '119333901.0'], 'State': 'running', 'RecordedSite': True}, '54': {'Retries': 0, 'Restarts': 0, 'SiteHistory': ['Unknown', 'T2_DE_RWTH', 'T2_DE_RWTH'], 'ResidentSetSize': [47372], 'SubmitTimes': [1741968324.0], 'StartTimes': [1741968551.0], 'EndTimes': [1741968614.0], 'TotalUserCpuTimeHistory': [2], 'TotalSysCpuTimeHistory': [0], 'WallDurations': [63.0, 126.54048299789429, 126.54048299789429], 'JobIds': ['119333847.0'], 'State': 'cooloff', 'RecordedSite': True}, '61': {'Retries': 1, 'Restarts': 0, 'SiteHistory': ['Unknown', 'T1_ES_PIC', 'T1_ES_PIC', 'T1_US_FNAL', 'T1_US_FNAL'], 'ResidentSetSize': [420032, 67396], 'SubmitTimes': [1741968324.0, 1741968555.0], 'StartTimes': [1741968426.0, 1741968605.0], 'EndTimes': [1741968488.0], 'TotalUserCpuTimeHistory': [1, 3.0], 'TotalSysCpuTimeHistory': [0, 0.0], 'WallDurations': [62.0, 8.0, 72.54048299789429, 72.54048299789429, 72.54048299789429], 'JobIds': ['119333848.0', '119333889.0'], 'State': 'running', 'RecordedSite': True}, '64': {'Retries': 1, 'Restarts': 0, 'SiteHistory': ['Unknown', 'T1_ES_PIC', 'T1_ES_PIC'], 'ResidentSetSize': [73132, 0], 'SubmitTimes': [1741968324.0, 1741968572.0], 'StartTimes': [1741968440.0], 'EndTimes': [1741968503.0], 'TotalUserCpuTimeHistory': [5, 0.0], 'TotalSysCpuTimeHistory': [0, 0.0], 'WallDurations': [63.0, 0, 237.5404829978943], 'JobIds': ['119333849.0', '119333908.0'], 'State': 'idle', 'RecordedSite': False}, '60': {'Retries': 1, 'Restarts': 0, 'SiteHistory': ['Unknown', 'T1_ES_PIC', 'T1_ES_PIC'], 'ResidentSetSize': [90676, 0], 'SubmitTimes': [1741968324.0, 1741968572.0], 'StartTimes': [1741968426.0], 'EndTimes': [1741968503.0], 'TotalUserCpuTimeHistory': [24, 0.0], 'TotalSysCpuTimeHistory': [1, 0.0], 'WallDurations': [77.0, 0, 251.5404829978943], 'JobIds': ['119333850.0', '119333907.0'], 'State': 'idle', 'RecordedSite': False}, '57': {'Retries': 0, 'Restarts': 0, 'SiteHistory': ['Unknown', 'T1_FR_CCIN2P3', 'T1_FR_CCIN2P3'], 'ResidentSetSize': [46260], 'SubmitTimes': [1741968324.0], 'StartTimes': [1741968552.0], 'EndTimes': [1741968613.0], 'TotalUserCpuTimeHistory': [7], 'TotalSysCpuTimeHistory': [0], 'WallDurations': [61.0, 125.54048299789429, 125.54048299789429], 'JobIds': ['119333851.0'], 'State': 'cooloff', 'RecordedSite': True}, '65': {'Retries': 1, 'Restarts': 0, 'SiteHistory': ['Unknown', 'T1_ES_PIC', 'T1_ES_PIC'], 'ResidentSetSize': [93684, 0], 'SubmitTimes': [1741968324.0, 1741968567.0], 'StartTimes': [1741968434.0], 'EndTimes': [1741968496.0], 'TotalUserCpuTimeHistory': [27, 0.0], 'TotalSysCpuTimeHistory': [0, 0.0], 'WallDurations': [62.0, 0, 243.5404829978943], 'JobIds': ['119333852.0', '119333904.0'], 'State': 'idle', 'RecordedSite': False}, '63': {'Retries': 1, 'Restarts': 0, 'SiteHistory': ['Unknown', 'T1_ES_PIC', 'T1_ES_PIC', 'T1_UK_RAL', 'T1_UK_RAL'], 'ResidentSetSize': [551764, 52392], 'SubmitTimes': [1741968324.0, 1741968562.0], 'StartTimes': [1741968432.0, 1741968626.0], 'EndTimes': [1741968494.0], 'TotalUserCpuTimeHistory': [15, 3.0], 'TotalSysCpuTimeHistory': [0, 0.0], 'WallDurations': [62.0, 9.0, 51.54048299789429, 51.54048299789429, 51.54048299789429], 'JobIds': ['119333853.0', '119333900.0'], 'State': 'running', 'RecordedSite': True}, '67': {'Retries': 1, 'Restarts': 0, 'SiteHistory': ['Unknown', 'T1_ES_PIC', 'T1_ES_PIC', 'T1_US_FNAL', 'T1_US_FNAL'], 'ResidentSetSize': [316572, 5288], 'SubmitTimes': [1741968324.0, 1741968567.0], 'StartTimes': [1741968425.0, 1741968655.0], 'EndTimes': [1741968499.0], 'TotalUserCpuTimeHistory': [28, 0.0], 'TotalSysCpuTimeHistory': [2, 0.0], 'WallDurations': [74.0, 9.0, 22.540482997894287, 22.540482997894287, 22.540482997894287], 'JobIds': ['119333854.0', '119333902.0'], 'State': 'running', 'RecordedSite': True}, '66': {'Retries': 1, 'Restarts': 0, 'SiteHistory': ['Unknown', 'T1_ES_PIC', 'T1_ES_PIC'], 'ResidentSetSize': [542972, 0], 'SubmitTimes': [1741968324.0, 1741968623.0], 'StartTimes': [1741968492.0], 'EndTimes': [1741968554.0], 'TotalUserCpuTimeHistory': [1, 0.0], 'TotalSysCpuTimeHistory': [0, 0.0], 'WallDurations': [62.0, 0, 185.5404829978943], 'JobIds': ['119333855.0', '119333931.0'], 'State': 'idle', 'RecordedSite': False}, '68': {'Retries': 1, 'Restarts': 0, 'SiteHistory': ['Unknown', 'T1_ES_PIC', 'T1_ES_PIC'], 'ResidentSetSize': [93236, 0], 'SubmitTimes': [1741968325.0, 1741968583.0], 'StartTimes': [1741968440.0], 'EndTimes': [1741968512.0], 'TotalUserCpuTimeHistory': [27, 0.0], 'TotalSysCpuTimeHistory': [1, 0.0], 'WallDurations': [72.0, 0, 237.5404829978943], 'JobIds': ['119333856.0', '119333913.0'], 'State': 'idle', 'RecordedSite': False}, '30': {'Retries': 1, 'Restarts': 0, 'SiteHistory': ['Unknown', 'T1_US_FNAL', 'T1_US_FNAL'], 'ResidentSetSize': [85640, 0], 'SubmitTimes': [1741968325.0, 1741968644.0], 'StartTimes': [1741968510.0], 'EndTimes': [1741968574.0], 'TotalUserCpuTimeHistory': [0, 0.0], 'TotalSysCpuTimeHistory': [0, 0.0], 'WallDurations': [64.0, 0, 167.5404829978943], 'JobIds': ['119333857.0', '119333937.0'], 'State': 'idle', 'RecordedSite': False}}
INFO 2025-03-14 16:15:07.701 UTC: 	 Status on the scheduler:	SUBMITTED
INFO 2025-03-14 16:15:07.701 UTC: 	 
Jobs status:                    idle         		 45.6% (31/68)
INFO 2025-03-14 16:15:07.701 UTC: 	 				running      		 26.5% (18/68)
INFO 2025-03-14 16:15:07.701 UTC: 	 				toRetry      		 27.9% (19/68)
INFO 2025-03-14 16:15:07.701 UTC: 	 
No publication information (publication has been disabled in the CRAB configuration file)
INFO 2025-03-14 16:15:07.702 UTC: 	 
Warning: the max jobs runtime is less than 30% of the task requested value (2700 min), please consider to request a lower value for failed jobs (allowed through crab resubmit) and/or improve the jobs splitting (e.g. config.Data.splitting = 'Automatic') in a new task.
INFO 2025-03-14 16:15:07.702 UTC: 	 
Warning: the average jobs CPU efficiency is less than 50%, please consider to improve the jobs splitting (e.g. config.Data.splitting = 'Automatic') in a new task
INFO 2025-03-14 16:15:07.702 UTC: 	 
Summary of run jobs:
 * Memory: 0MB min, 137MB max, 63MB ave
 * Runtime: 0:00:02 min, 0:03:57 max, 0:02:07 ave
 * CPU eff: 0% min, 8% max, 4% ave
 * Waste: 1:31:12 (69% of total)

INFO 2025-03-14 16:15:07.719 UTC: 	 Log file is /eos/home-a/apuglia/SWAN_projects/thesis/CMSSW_14_1_7/src/PhysicsTools/NanoAODTools/crab/crab_TTTo2J1L1Nu_v5/crab.log
