DEBUG 2025-03-14 14:56:57.918 UTC: 	 CRAB Client version: v3.250217
DEBUG 2025-03-14 14:56:57.918 UTC: 	 Running on: Linux lxplus925.cern.ch 5.14.0-503.19.1.el9_5.x86_64 #1 SMP PREEMPT_DYNAMIC Fri Dec 6 15:53:53 EST 2024 x86_64 x86_64 x86_64 GNU/Linux
DEBUG 2025-03-14 14:56:57.918 UTC: 	 Not using Singularity
DEBUG 2025-03-14 14:56:57.918 UTC: 	 Operating System: Red Hat Enterprise Linux 9.5 (Plow)
DEBUG 2025-03-14 14:56:57.918 UTC: 	 Executing command: 'submit'
DEBUG 2025-03-14 14:56:57.918 UTC: 	 Found CRAB cache file /afs/cern.ch/user/a/apuglia/.crab3
INFO 2025-03-14 14:56:57.920 UTC: 	 Will use CRAB configuration file crab_cfg.py
DEBUG 2025-03-14 14:56:57.920 UTC: 	 Loading CRAB configuration file.
DEBUG 2025-03-14 14:56:57.970 UTC: 	 Will use CRAB plugin ANALYSIS (i.e. will run an analysis job type).
DEBUG 2025-03-14 14:56:57.980 UTC: 	 Checking credentials
DEBUG 2025-03-14 14:56:57.980 UTC: 	 Found proxy file /tmp/x509up_u180940
DEBUG 2025-03-14 14:56:57.980 UTC: 	 Making sure it has proper VOMS extension
DEBUG 2025-03-14 14:56:57.980 UTC: 	 Executing command :
 voms-proxy-info --vo --file /tmp/x509up_u180940
DEBUG 2025-03-14 14:56:58.550 UTC: 	 output : cms

 error: 
 retcode : 0
DEBUG 2025-03-14 14:56:58.550 UTC: 	 Getting proxy life time left
DEBUG 2025-03-14 14:56:58.550 UTC: 	 Executing command :
 voms-proxy-info --actimeleft --timeleft --file /tmp/x509up_u180940
DEBUG 2025-03-14 14:56:58.994 UTC: 	 output : 689496
689496

 error: 
 retcode : 0
DEBUG 2025-03-14 14:56:58.994 UTC: 	 Proxy valid for 191:31:36 hours
DEBUG 2025-03-14 14:56:58.995 UTC: 	 Encoded data for curl request: subresource=delegatedn
DEBUG 2025-03-14 14:56:59.305 UTC: 	 Registering user credentials on myproxy for /DC=ch/DC=cern/OU=computers/CN=crab-(preprod|prod)-tw(01|02).cern.ch|/DC=ch/DC=cern/OU=computers/CN=crab-dev-tw(01|02|03|04).cern.ch|/DC=ch/DC=cern/OU=Organic Units/OU=Users/CN=cmscrab/CN=(817881|373708)/CN=Robot: cms crab|/DC=ch/DC=cern/OU=Organic Units/OU=Users/CN=crabint1/CN=373708/CN=Robot: CMS CRAB Integration 1
DEBUG 2025-03-14 14:56:59.305 UTC: 	 Executing command :
 voms-proxy-info --identity --file /tmp/x509up_u180940
DEBUG 2025-03-14 14:56:59.691 UTC: 	 output : /DC=ch/DC=cern/OU=Organic Units/OU=Users/CN=apuglia/CN=885270/CN=Andrea Camilla Puglia

 error: 
 retcode : 0
DEBUG 2025-03-14 14:56:59.692 UTC: 	 Getting myproxy life time left for bbb60dc5a44802d56653e3a555244abd1d126f21
DEBUG 2025-03-14 14:56:59.692 UTC: 	 Executing command :
 myproxy-info -s myproxy.cern.ch -l bbb60dc5a44802d56653e3a555244abd1d126f21
DEBUG 2025-03-14 14:56:59.978 UTC: 	 output : username: bbb60dc5a44802d56653e3a555244abd1d126f21
owner: /DC=ch/DC=cern/OU=Organic Units/OU=Users/CN=apuglia/CN=885270/CN=Andrea Camilla Puglia
  renewal policy: /DC=ch/DC=cern/OU=computers/CN=crab-(preprod|prod)-tw(01|02).cern.ch|/DC=ch/DC=cern/OU=computers/CN=crab-dev-tw(01|02|03|04).cern.ch|/DC=ch/DC=cern/OU=Organic Units/OU=Users/CN=cmscrab/CN=(817881|373708)/CN=Robot: cms crab|/DC=ch/DC=cern/OU=Organic Units/OU=Users/CN=crabint1/CN=373708/CN=Robot: CMS CRAB Integration 1
  trusted retrieval policy: /DC=ch/DC=cern/OU=computers/CN=crab-(preprod|prod)-tw(01|02).cern.ch|/DC=ch/DC=cern/OU=computers/CN=crab-dev-tw(01|02|03|04).cern.ch|/DC=ch/DC=cern/OU=Organic Units/OU=Users/CN=cmscrab/CN=(817881|373708)/CN=Robot: cms crab|/DC=ch/DC=cern/OU=Organic Units/OU=Users/CN=crabint1/CN=373708/CN=Robot: CMS CRAB Integration 1
  timeleft: 703:37:08  (29.3 days)

 error: 
 retcode : 0
DEBUG 2025-03-14 14:56:59.978 UTC: 	 Myproxy is valid: 2533020
DEBUG 2025-03-14 14:56:59.978 UTC: 	 Result of myproxy credential check:
  Credential exists on myproxy: username: bbb60dc5a44802d56653e3a555244abd1d126f21  - validity: 29 days, 7:37:00
DEBUG 2025-03-14 14:56:59.978 UTC: 	 Command use: submit
DEBUG 2025-03-14 14:56:59.978 UTC: 	 Options use: ['crab_cfg.py']
DEBUG 2025-03-14 14:56:59.978 UTC: 	 Encoded data for curl request: subresource=version
DEBUG 2025-03-14 14:57:00.036 UTC: 	 CRABClient version: v3.250217
DEBUG 2025-03-14 14:57:00.036 UTC: 	 Instance is prod
DEBUG 2025-03-14 14:57:00.036 UTC: 	 Server base url is cmsweb.cern.ch
DEBUG 2025-03-14 14:57:00.036 UTC: 	 Command api workflow
DEBUG 2025-03-14 14:57:00.036 UTC: 	 Started submission
DEBUG 2025-03-14 14:57:00.036 UTC: 	 Working on /eos/home-a/apuglia/SWAN_projects/thesis/CMSSW_14_1_7/src/PhysicsTools/NanoAODTools/crab/crab_TTTo2J1L1Nu_v4
DEBUG 2025-03-14 14:57:00.037 UTC: 	 Encoded data for curl request: subresource=backendurls
DEBUG 2025-03-14 14:57:00.129 UTC: 	 Loading required information from the environment
DEBUG 2025-03-14 14:57:00.129 UTC: 	 Found CMSSW_14_1_7 for el9_amd64_gcc12 with base /eos/home-a/apuglia/SWAN_projects/thesis/CMSSW_14_1_7
DEBUG 2025-03-14 14:57:00.129 UTC: 	 Loading required information from the environment
DEBUG 2025-03-14 14:57:00.129 UTC: 	 Found CMSSW_14_1_7 for el9_amd64_gcc12 with base /eos/home-a/apuglia/SWAN_projects/thesis/CMSSW_14_1_7
DEBUG 2025-03-14 14:57:00.129 UTC: 	 UNIQUE NAME: tarUUID 2ca44647-408c-4ea8-8b03-80eab79baa62 
DEBUG 2025-03-14 14:57:00.129 UTC: 	 self.config: from WMCore.Configuration import Configuration
config = Configuration()
config.section_('General')
config.General.transferLogs = True
config.General.requestName = 'TTTo2J1L1Nu_v4'
config.section_('JobType')
config.JobType.pluginName = 'Analysis'
config.JobType.maxJobRuntimeMin = 2700
config.JobType.psetName = 'PSet.py'
config.JobType.inputFiles = ['crab_script_copy.py', '../scripts/keep_and_drop.txt']
config.JobType.sendVenvFolder = False
config.JobType.scriptExe = 'crab_script.sh'
config.section_('Data')
config.Data.publication = False
config.Data.inputDataset = '/TTTo2J1L1Nu_CP5_13p6TeV_powheg-pythia8/Run3Winter22NanoAOD-122X_mcRun3_2021_realistic_v9-v1/NANOAODSIM'
config.Data.unitsPerJob = 1
config.Data.splitting = 'FileBased'
config.Data.outLFNDirBase = '/store/user/apuglia'
config.Data.outputDatasetTag = 'TTTo2J1L1Nu'
config.Data.inputDBS = 'global'
config.Data.allowNonValidInputDataset = True
config.section_('Site')
config.Site.storageSite = 'T2_IT_Pisa'

DEBUG 2025-03-14 14:57:00.129 UTC: 	 self.config.JobType.psetName: PSet.py
INFO 2025-03-14 14:57:00.129 UTC: 	 Importing CMSSW configuration PSet.py
INFO 2025-03-14 14:57:00.362 UTC: 	 Finished importing CMSSW configuration PSet.py
DEBUG 2025-03-14 14:57:00.363 UTC: 	 Writing CMSSW configuration to /eos/home-a/apuglia/SWAN_projects/thesis/CMSSW_14_1_7/src/PhysicsTools/NanoAODTools/crab/crab_TTTo2J1L1Nu_v4/inputs/PSet.py
DEBUG 2025-03-14 14:57:00.402 UTC: 	 The following EDM output files will be collected: ['tree_hadd.root']
DEBUG 2025-03-14 14:57:00.402 UTC: 	 The following TFile output files will be collected: []
DEBUG 2025-03-14 14:57:00.402 UTC: 	 The following user output files (not listed as PoolOuputModule or TFileService in the CMSSW PSet) will be collected: 
DEBUG 2025-03-14 14:57:00.402 UTC: 	 Loading required information from the environment
DEBUG 2025-03-14 14:57:00.402 UTC: 	 Found CMSSW_14_1_7 for el9_amd64_gcc12 with base /eos/home-a/apuglia/SWAN_projects/thesis/CMSSW_14_1_7
DEBUG 2025-03-14 14:57:00.402 UTC: 	 Making tarball in /eos/home-a/apuglia/SWAN_projects/thesis/CMSSW_14_1_7/src/PhysicsTools/NanoAODTools/crab/crab_TTTo2J1L1Nu_v4/inputs/2ca44647-408c-4ea8-8b03-80eab79baa62default.tgz
DEBUG 2025-03-14 14:57:00.404 UTC: 	 Checking directory /eos/home-a/apuglia/SWAN_projects/thesis/CMSSW_14_1_7/bin
DEBUG 2025-03-14 14:57:00.404 UTC: 	 Adding directory /eos/home-a/apuglia/SWAN_projects/thesis/CMSSW_14_1_7/bin to tarball
DEBUG 2025-03-14 14:57:00.682 UTC: 	 Checking directory /eos/home-a/apuglia/SWAN_projects/thesis/CMSSW_14_1_7/python
DEBUG 2025-03-14 14:57:00.683 UTC: 	 Adding directory /eos/home-a/apuglia/SWAN_projects/thesis/CMSSW_14_1_7/python to tarball
DEBUG 2025-03-14 14:57:01.851 UTC: 	 Checking directory /eos/home-a/apuglia/SWAN_projects/thesis/CMSSW_14_1_7/cfipython
DEBUG 2025-03-14 14:57:01.851 UTC: 	 Adding directory /eos/home-a/apuglia/SWAN_projects/thesis/CMSSW_14_1_7/cfipython to tarball
DEBUG 2025-03-14 14:57:01.859 UTC: 	 Checking directory /eos/home-a/apuglia/SWAN_projects/thesis/CMSSW_14_1_7/lib
DEBUG 2025-03-14 14:57:01.859 UTC: 	 Adding directory /eos/home-a/apuglia/SWAN_projects/thesis/CMSSW_14_1_7/lib to tarball
DEBUG 2025-03-14 14:57:01.947 UTC: 	 Checking directory /eos/home-a/apuglia/SWAN_projects/thesis/CMSSW_14_1_7/biglib
DEBUG 2025-03-14 14:57:01.947 UTC: 	 Adding directory /eos/home-a/apuglia/SWAN_projects/thesis/CMSSW_14_1_7/biglib to tarball
DEBUG 2025-03-14 14:57:01.953 UTC: 	 Checking directory /eos/home-a/apuglia/SWAN_projects/thesis/CMSSW_14_1_7/module
DEBUG 2025-03-14 14:57:01.953 UTC: 	 Checking directory /eos/home-a/apuglia/SWAN_projects/thesis/CMSSW_14_1_7/config/SCRAM/hooks
DEBUG 2025-03-14 14:57:01.954 UTC: 	 Adding directory /eos/home-a/apuglia/SWAN_projects/thesis/CMSSW_14_1_7/config/SCRAM/hooks to tarball
DEBUG 2025-03-14 14:57:02.208 UTC: 	 Adding directory /eos/home-a/apuglia/SWAN_projects/thesis/CMSSW_14_1_7/src/PhysicsTools/NanoAODTools/data to tarball
DEBUG 2025-03-14 14:57:18.678 UTC: 	 Adding directory /eos/home-a/apuglia/SWAN_projects/thesis/CMSSW_14_1_7/src/PhysicsTools/NanoAODTools/interface to tarball
DEBUG 2025-03-14 14:57:18.911 UTC: 	 Adding directory /eos/home-a/apuglia/SWAN_projects/thesis/CMSSW_14_1_7/src/PhysicsTools/NanoAODTools/python to tarball
DEBUG 2025-03-14 14:57:48.547 UTC: 	 Adding directory /eos/home-a/apuglia/SWAN_projects/thesis/CMSSW_14_1_7/src/PhysicsTools/NanoAODTools/python/postprocessing/data to tarball
DEBUG 2025-03-14 14:57:50.316 UTC: 	 Adding file crab_script_copy.py to tarball
DEBUG 2025-03-14 14:57:50.345 UTC: 	 Adding file ../scripts/keep_and_drop.txt to tarball
DEBUG 2025-03-14 14:57:50.432 UTC: 	 Uploading archive /eos/home-a/apuglia/SWAN_projects/thesis/CMSSW_14_1_7/src/PhysicsTools/NanoAODTools/crab/crab_TTTo2J1L1Nu_v4/inputs/2ca44647-408c-4ea8-8b03-80eab79baa62default.tgz (83 MB) to the CRAB cache. Using URI https://cmsweb.cern.ch/S3/crabcache_prod
DEBUG 2025-03-14 14:58:02.535 UTC: 	 Encoded data for curl request: subresource=upload&objecttype=sandbox&tarballname=947d3d816cb2c031181ac81dd8dc0e4e5f35f9045cfe8aa406841002a058ac78.tar.gz
DEBUG 2025-03-14 14:58:02.845 UTC: 	 sandbox 947d3d816cb2c031181ac81dd8dc0e4e5f35f9045cfe8aa406841002a058ac78.tar.gz is already in the S3 store, will not upload again
DEBUG 2025-03-14 14:58:02.845 UTC: 	 Loading required information from the environment
DEBUG 2025-03-14 14:58:02.846 UTC: 	 Found CMSSW_14_1_7 for el9_amd64_gcc12 with base /eos/home-a/apuglia/SWAN_projects/thesis/CMSSW_14_1_7
DEBUG 2025-03-14 14:58:02.846 UTC: 	 Making tarball in /eos/home-a/apuglia/SWAN_projects/thesis/CMSSW_14_1_7/src/PhysicsTools/NanoAODTools/crab/crab_TTTo2J1L1Nu_v4/inputs/debugFiles.tgz
DEBUG 2025-03-14 14:58:02.854 UTC: 	 Uploading archive /eos/home-a/apuglia/SWAN_projects/thesis/CMSSW_14_1_7/src/PhysicsTools/NanoAODTools/crab/crab_TTTo2J1L1Nu_v4/inputs/debugFiles.tgz (1 KB) to the CRAB cache. Using URI https://cmsweb.cern.ch/S3/crabcache_prod
DEBUG 2025-03-14 14:58:02.859 UTC: 	 Encoded data for curl request: subresource=upload&objecttype=sandbox&tarballname=f1bd49ecf737e24272a28e2fadc78d88403331dd73038fa81530b1da3e420968.tar.gz
DEBUG 2025-03-14 14:58:02.944 UTC: 	 Will execute:
curl -f -v -X POST  -H "User-Agent: CRAB" -F "key=apuglia/sandboxes/f1bd49ecf737e24272a28e2fadc78d88403331dd73038fa81530b1da3e420968.tar.gz" -F "AWSAccessKeyId=715203df6482458ba839e73e6dab634b" -F "policy=eyJleHBpcmF0aW9uIjogIjIwMjUtMDMtMTRUMTU6NTg6MDJaIiwgImNvbmRpdGlvbnMiOiBbeyJidWNrZXQiOiAiY3JhYmNhY2hlX3Byb2QifSwgeyJrZXkiOiAiYXB1Z2xpYS9zYW5kYm94ZXMvZjFiZDQ5ZWNmNzM3ZTI0MjcyYTI4ZTJmYWRjNzhkODg0MDMzMzFkZDczMDM4ZmE4MTUzMGIxZGEzZTQyMDk2OC50YXIuZ3oifV19" -F "signature=Q/Hcor2E4HsA15u5ujdcNWk0vYM=" -F "file=@/eos/home-a/apuglia/SWAN_projects/thesis/CMSSW_14_1_7/src/PhysicsTools/NanoAODTools/crab/crab_TTTo2J1L1Nu_v4/inputs/debugFiles.tgz" "https://s3.cern.ch/crabcache_prod"
DEBUG 2025-03-14 14:58:02.987 UTC: 	 exitcode: 0
stdout: b''
DEBUG 2025-03-14 14:58:02.987 UTC: 	 upload to S3 of sandbox /eos/home-a/apuglia/SWAN_projects/thesis/CMSSW_14_1_7/src/PhysicsTools/NanoAODTools/crab/crab_TTTo2J1L1Nu_v4/inputs/debugFiles.tgz completed
DEBUG 2025-03-14 14:58:02.987 UTC: 	 make sure that object is ready for retrieve
DEBUG 2025-03-14 14:58:03.988 UTC: 	 Encoded data for curl request: subresource=download&objecttype=sandbox&tarballname=f1bd49ecf737e24272a28e2fadc78d88403331dd73038fa81530b1da3e420968.tar.gz&clientmethod=head_object
DEBUG 2025-03-14 14:58:04.184 UTC: 	 PreSignedUrl to download sandbox received OK
DEBUG 2025-03-14 14:58:04.186 UTC: 	 Will execute:
 curl -v -s -f -o /dev/null --head  "https://s3.cern.ch/crabcache_prod/apuglia/sandboxes/f1bd49ecf737e24272a28e2fadc78d88403331dd73038fa81530b1da3e420968.tar.gz?AWSAccessKeyId=715203df6482458ba839e73e6dab634b&Signature=xW0cdnfz%2Bx3DAu%2BxQCldiodZ2VQ%3D&Expires=1741967884"
DEBUG 2025-03-14 14:58:04.226 UTC: 	 exitcode: 0
stdout: b''
DEBUG 2025-03-14 14:58:04.226 UTC: 	 sandbox /eos/home-a/apuglia/SWAN_projects/thesis/CMSSW_14_1_7/src/PhysicsTools/NanoAODTools/crab/crab_TTTo2J1L1Nu_v4/inputs/debugFiles.tgz successfully uploaded to S3
DEBUG 2025-03-14 14:58:04.226 UTC: 	 Result uploading input files: 947d3d816cb2c031181ac81dd8dc0e4e5f35f9045cfe8aa406841002a058ac78.tar.gz 
DEBUG 2025-03-14 14:58:04.226 UTC: 	 submit() - self.configuration from WMCore.Configuration import Configuration
config = Configuration()
config.section_('General')
config.General.transferLogs = True
config.General.requestName = 'TTTo2J1L1Nu_v4'
config.section_('JobType')
config.JobType.pluginName = 'Analysis'
config.JobType.maxJobRuntimeMin = 2700
config.JobType.psetName = 'PSet.py'
config.JobType.inputFiles = ['crab_script_copy.py', '../scripts/keep_and_drop.txt']
config.JobType.sendVenvFolder = False
config.JobType.scriptExe = 'crab_script.sh'
config.section_('Data')
config.Data.publication = False
config.Data.inputDataset = '/TTTo2J1L1Nu_CP5_13p6TeV_powheg-pythia8/Run3Winter22NanoAOD-122X_mcRun3_2021_realistic_v9-v1/NANOAODSIM'
config.Data.unitsPerJob = 1
config.Data.splitting = 'FileBased'
config.Data.outLFNDirBase = '/store/user/apuglia'
config.Data.outputDatasetTag = 'TTTo2J1L1Nu'
config.Data.inputDBS = 'global'
config.Data.allowNonValidInputDataset = True
config.section_('Site')
config.Site.storageSite = 'T2_IT_Pisa'

DEBUG 2025-03-14 14:58:04.227 UTC: 	 submit() - self.configreq {'dryrun': 0, 'workflow': 'crab_TTTo2J1L1Nu_v4', 'saveoutput': 1, 'savelogsflag': 1, 'inputdata': '/TTTo2J1L1Nu_CP5_13p6TeV_powheg-pythia8/Run3Winter22NanoAOD-122X_mcRun3_2021_realistic_v9-v1/NANOAODSIM', 'nonvaliddata': 1, 'userfiles': [], 'dbsurl': 'https://cmsweb.cern.ch/dbs/prod/global/DBSReader', 'useparent': 0, 'ignorelocality': 0, 'splitalgo': 'FileBased', 'algoargs': 1, 'totalunits': 0, 'lfn': '/store/user/apuglia', 'publication': 0, 'publishdbsurl': 'https://cmsweb.cern.ch/dbs/prod/phys03/DBSWriter', 'publishname2': 'TTTo2J1L1Nu', 'jobtype': 'Analysis', 'generator': 'pythia', 'addoutputfiles': [], 'maxjobruntime': 2700, 'numcores': 1, 'maxmemory': 2000, 'priority': 10, 'nonprodsw': 0, 'scriptexe': 'crab_script.sh', 'asyncdest': 'T2_IT_Pisa', 'requireaccelerator': 0, 'oneEventMode': 0, 'extrajdl': [], 'ignoreglobalblacklist': 0, 'partialdataset': 0, 'inputblocks': []}
DEBUG 2025-03-14 14:58:04.227 UTC: 	 submit() - jobconfig {'addoutputfiles': [], 'tfileoutfiles': [], 'edmoutfiles': ['tree_hadd.root'], 'jobarch': 'el9_amd64_gcc12', 'jobminuarch': 'any', 'jobsw': 'CMSSW_14_1_7', 'inputdata': '/TTTo2J1L1Nu_CP5_13p6TeV_powheg-pythia8/Run3Winter22NanoAOD-122X_mcRun3_2021_realistic_v9-v1/NANOAODSIM', 'cacheurl': 'https://cmsweb.cern.ch/S3/crabcache_prod', 'cachefilename': '947d3d816cb2c031181ac81dd8dc0e4e5f35f9045cfe8aa406841002a058ac78.tar.gz', 'debugfilename': 'f1bd49ecf737e24272a28e2fadc78d88403331dd73038fa81530b1da3e420968.tar.gz', 'jobtype': 'Analysis'}
INFO 2025-03-14 14:58:04.227 UTC: 	 Sending the request to the server at cmsweb.cern.ch
DEBUG 2025-03-14 14:58:04.227 UTC: 	 Submitting {'dryrun': 0, 'workflow': 'crab_TTTo2J1L1Nu_v4', 'saveoutput': 1, 'savelogsflag': 1, 'inputdata': '/TTTo2J1L1Nu_CP5_13p6TeV_powheg-pythia8/Run3Winter22NanoAOD-122X_mcRun3_2021_realistic_v9-v1/NANOAODSIM', 'nonvaliddata': 1, 'userfiles': [], 'dbsurl': 'https://cmsweb.cern.ch/dbs/prod/global/DBSReader', 'useparent': 0, 'ignorelocality': 0, 'splitalgo': 'FileBased', 'algoargs': 1, 'totalunits': 0, 'lfn': '/store/user/apuglia', 'publication': 0, 'publishdbsurl': 'https://cmsweb.cern.ch/dbs/prod/phys03/DBSWriter', 'publishname2': 'TTTo2J1L1Nu', 'jobtype': 'Analysis', 'generator': 'pythia', 'addoutputfiles': [], 'maxjobruntime': 2700, 'numcores': 1, 'maxmemory': 2000, 'priority': 10, 'nonprodsw': 0, 'scriptexe': 'crab_script.sh', 'asyncdest': 'T2_IT_Pisa', 'requireaccelerator': 0, 'oneEventMode': 0, 'extrajdl': [], 'ignoreglobalblacklist': 0, 'partialdataset': 0, 'inputblocks': [], 'tfileoutfiles': [], 'edmoutfiles': ['tree_hadd.root'], 'jobarch': 'el9_amd64_gcc12', 'jobminuarch': 'any', 'jobsw': 'CMSSW_14_1_7', 'cacheurl': 'https://cmsweb.cern.ch/S3/crabcache_prod', 'cachefilename': '947d3d816cb2c031181ac81dd8dc0e4e5f35f9045cfe8aa406841002a058ac78.tar.gz', 'debugfilename': 'f1bd49ecf737e24272a28e2fadc78d88403331dd73038fa81530b1da3e420968.tar.gz'} 
DEBUG 2025-03-14 14:58:04.227 UTC: 	 Encoded data for curl request: dryrun=0&workflow=crab_TTTo2J1L1Nu_v4&saveoutput=1&savelogsflag=1&inputdata=%2FTTTo2J1L1Nu_CP5_13p6TeV_powheg-pythia8%2FRun3Winter22NanoAOD-122X_mcRun3_2021_realistic_v9-v1%2FNANOAODSIM&nonvaliddata=1&dbsurl=https%3A%2F%2Fcmsweb.cern.ch%2Fdbs%2Fprod%2Fglobal%2FDBSReader&useparent=0&ignorelocality=0&splitalgo=FileBased&algoargs=1&totalunits=0&lfn=%2Fstore%2Fuser%2Fapuglia&publication=0&publishdbsurl=https%3A%2F%2Fcmsweb.cern.ch%2Fdbs%2Fprod%2Fphys03%2FDBSWriter&publishname2=TTTo2J1L1Nu&jobtype=Analysis&generator=pythia&maxjobruntime=2700&numcores=1&maxmemory=2000&priority=10&nonprodsw=0&scriptexe=crab_script.sh&asyncdest=T2_IT_Pisa&requireaccelerator=0&oneEventMode=0&ignoreglobalblacklist=0&partialdataset=0&jobarch=el9_amd64_gcc12&jobminuarch=any&jobsw=CMSSW_14_1_7&cacheurl=https%3A%2F%2Fcmsweb.cern.ch%2FS3%2Fcrabcache_prod&cachefilename=947d3d816cb2c031181ac81dd8dc0e4e5f35f9045cfe8aa406841002a058ac78.tar.gz&debugfilename=f1bd49ecf737e24272a28e2fadc78d88403331dd73038fa81530b1da3e420968.tar.gz&edmoutfiles=tree_hadd.root
DEBUG 2025-03-14 14:58:04.822 UTC: 	 Result: {'result': [{'RequestName': '250314_145804:apuglia_crab_TTTo2J1L1Nu_v4'}]}
INFO 2025-03-14 14:58:04.831 UTC: 	 Success: Your task has been delivered to the prod CRAB3 server.
INFO 2025-03-14 14:58:04.831 UTC: 	 Task name: 250314_145804:apuglia_crab_TTTo2J1L1Nu_v4
INFO 2025-03-14 14:58:04.831 UTC: 	 Project dir: ./crab_TTTo2J1L1Nu_v4
INFO 2025-03-14 14:58:04.831 UTC: 	 Please use ' crab status -d ./crab_TTTo2J1L1Nu_v4 ' to check how the submission process proceeds.
DEBUG 2025-03-14 14:58:04.831 UTC: 	 About to return
INFO 2025-03-14 14:58:04.869 UTC: 	 Log file is /eos/home-a/apuglia/SWAN_projects/thesis/CMSSW_14_1_7/src/PhysicsTools/NanoAODTools/crab/crab_TTTo2J1L1Nu_v4/crab.log
DEBUG 2025-03-14 15:33:11.907 UTC: 	 CRAB Client version: v3.250217
DEBUG 2025-03-14 15:33:11.908 UTC: 	 Running on: Linux lxplus925.cern.ch 5.14.0-503.19.1.el9_5.x86_64 #1 SMP PREEMPT_DYNAMIC Fri Dec 6 15:53:53 EST 2024 x86_64 x86_64 x86_64 GNU/Linux
DEBUG 2025-03-14 15:33:11.908 UTC: 	 Not using Singularity
DEBUG 2025-03-14 15:33:11.908 UTC: 	 Operating System: Red Hat Enterprise Linux 9.5 (Plow)
DEBUG 2025-03-14 15:33:11.908 UTC: 	 Executing command: 'status'
DEBUG 2025-03-14 15:33:11.908 UTC: 	 Found CRAB cache file /afs/cern.ch/user/a/apuglia/.crab3
DEBUG 2025-03-14 15:33:11.951 UTC: 	 Checking credentials
DEBUG 2025-03-14 15:33:11.951 UTC: 	 Found proxy file /tmp/x509up_u180940
DEBUG 2025-03-14 15:33:11.951 UTC: 	 Making sure it has proper VOMS extension
DEBUG 2025-03-14 15:33:11.951 UTC: 	 Executing command :
 voms-proxy-info --vo --file /tmp/x509up_u180940
DEBUG 2025-03-14 15:33:12.517 UTC: 	 output : cms

 error: 
 retcode : 0
DEBUG 2025-03-14 15:33:12.518 UTC: 	 Getting proxy life time left
DEBUG 2025-03-14 15:33:12.518 UTC: 	 Executing command :
 voms-proxy-info --actimeleft --timeleft --file /tmp/x509up_u180940
DEBUG 2025-03-14 15:33:12.899 UTC: 	 output : 687322
687322

 error: 
 retcode : 0
DEBUG 2025-03-14 15:33:12.899 UTC: 	 Proxy valid for 190:55:22 hours
DEBUG 2025-03-14 15:33:12.900 UTC: 	 Encoded data for curl request: subresource=delegatedn
DEBUG 2025-03-14 15:33:12.994 UTC: 	 Registering user credentials on myproxy for /DC=ch/DC=cern/OU=computers/CN=crab-(preprod|prod)-tw(01|02).cern.ch|/DC=ch/DC=cern/OU=computers/CN=crab-dev-tw(01|02|03|04).cern.ch|/DC=ch/DC=cern/OU=Organic Units/OU=Users/CN=cmscrab/CN=(817881|373708)/CN=Robot: cms crab|/DC=ch/DC=cern/OU=Organic Units/OU=Users/CN=crabint1/CN=373708/CN=Robot: CMS CRAB Integration 1
DEBUG 2025-03-14 15:33:12.994 UTC: 	 Executing command :
 voms-proxy-info --identity --file /tmp/x509up_u180940
DEBUG 2025-03-14 15:33:13.405 UTC: 	 output : /DC=ch/DC=cern/OU=Organic Units/OU=Users/CN=apuglia/CN=885270/CN=Andrea Camilla Puglia

 error: 
 retcode : 0
DEBUG 2025-03-14 15:33:13.405 UTC: 	 Getting myproxy life time left for bbb60dc5a44802d56653e3a555244abd1d126f21
DEBUG 2025-03-14 15:33:13.405 UTC: 	 Executing command :
 myproxy-info -s myproxy.cern.ch -l bbb60dc5a44802d56653e3a555244abd1d126f21
DEBUG 2025-03-14 15:33:13.702 UTC: 	 output : username: bbb60dc5a44802d56653e3a555244abd1d126f21
owner: /DC=ch/DC=cern/OU=Organic Units/OU=Users/CN=apuglia/CN=885270/CN=Andrea Camilla Puglia
  renewal policy: /DC=ch/DC=cern/OU=computers/CN=crab-(preprod|prod)-tw(01|02).cern.ch|/DC=ch/DC=cern/OU=computers/CN=crab-dev-tw(01|02|03|04).cern.ch|/DC=ch/DC=cern/OU=Organic Units/OU=Users/CN=cmscrab/CN=(817881|373708)/CN=Robot: cms crab|/DC=ch/DC=cern/OU=Organic Units/OU=Users/CN=crabint1/CN=373708/CN=Robot: CMS CRAB Integration 1
  trusted retrieval policy: /DC=ch/DC=cern/OU=computers/CN=crab-(preprod|prod)-tw(01|02).cern.ch|/DC=ch/DC=cern/OU=computers/CN=crab-dev-tw(01|02|03|04).cern.ch|/DC=ch/DC=cern/OU=Organic Units/OU=Users/CN=cmscrab/CN=(817881|373708)/CN=Robot: cms crab|/DC=ch/DC=cern/OU=Organic Units/OU=Users/CN=crabint1/CN=373708/CN=Robot: CMS CRAB Integration 1
  timeleft: 703:00:54  (29.3 days)

 error: 
 retcode : 0
DEBUG 2025-03-14 15:33:13.703 UTC: 	 Myproxy is valid: 2530800
DEBUG 2025-03-14 15:33:13.703 UTC: 	 Result of myproxy credential check:
  Credential exists on myproxy: username: bbb60dc5a44802d56653e3a555244abd1d126f21  - validity: 29 days, 7:00:00
DEBUG 2025-03-14 15:33:13.703 UTC: 	 Retrieving username ...
DEBUG 2025-03-14 15:33:13.703 UTC: 	 Retrieving username from CRIC...
DEBUG 2025-03-14 15:33:14.360 UTC: 	 username is apuglia
INFO 2025-03-14 15:33:15.415 UTC: 	 Rucio client intialized for account apuglia
DEBUG 2025-03-14 15:33:15.417 UTC: 	 Command use: status
DEBUG 2025-03-14 15:33:15.417 UTC: 	 Options use: ['-d', './crab_TTTo2J1L1Nu_v4']
DEBUG 2025-03-14 15:33:15.417 UTC: 	 Encoded data for curl request: subresource=version
DEBUG 2025-03-14 15:33:15.510 UTC: 	 CRABClient version: v3.250217
DEBUG 2025-03-14 15:33:15.510 UTC: 	 Instance is prod
DEBUG 2025-03-14 15:33:15.510 UTC: 	 Server base url is cmsweb.cern.ch
DEBUG 2025-03-14 15:33:15.510 UTC: 	 Command api workflow
DEBUG 2025-03-14 15:33:15.511 UTC: 	 Encoded data for curl request: subresource=search&workflow=250314_145804%3Aapuglia_crab_TTTo2J1L1Nu_v4
DEBUG 2025-03-14 15:33:15.562 UTC: 	 Got information from server oracle database: {'desc': {'columns': ['tm_taskname', 'tm_activity', 'tm_task_status', 'tm_task_command', 'tm_start_time', 'tm_start_injection', 'tm_end_injection', 'tm_task_failure', 'tm_job_sw', 'tm_job_arch', 'tm_input_dataset', 'tm_nonvalid_input_dataset', 'tm_use_parent', 'tm_site_whitelist', 'tm_site_blacklist', 'tm_split_algo', 'tm_split_args', 'tm_user_sandbox', 'tm_cache_url', 'tm_username', 'tm_user_dn', 'tm_user_vo', 'tm_user_role', 'tm_user_group', 'tm_publish_name', 'tm_publish_groupname', 'tm_asyncdest', 'tm_dbs_url', 'tm_publish_dbs_url', 'tm_publication', 'tm_outfiles', 'tm_tfile_outfiles', 'tm_edm_outfiles', 'tm_job_type', 'tm_generator', 'tm_events_per_lumi', 'tm_arguments', 'tm_save_logs', 'tw_name', 'tm_user_infiles', 'tm_maxjobruntime', 'tm_numcores', 'tm_maxmemory', 'tm_priority', 'tm_output_dataset', 'tm_task_warnings', 'tm_user_webdir', 'tm_scriptexe', 'tm_scriptargs', 'tm_extrajdl', 'tm_collector', 'tm_schedd', 'tm_dry_run', 'tm_user_files', 'tm_transfer_outputs', 'tm_output_lfn', 'tm_ignore_locality', 'tm_fail_limit', 'tm_one_event_mode', 'tm_secondary_input_dataset', 'tm_primary_dataset', 'tm_last_publication', 'tm_debug_files', 'clusterid', 'tm_ignore_global_blacklist', 'tm_submitter_ip_addr', 'tm_totalunits', 'tm_ddm_reqid', 'tm_user_config', 'tm_transfer_container', 'tm_transfer_rule', 'tm_publish_rule', 'tm_multipub_rule', 'tm_job_min_microarch']}, 'result': ['250314_145804:apuglia_crab_TTTo2J1L1Nu_v4', 'None', 'SUBMITTED', 'SUBMIT', '2025-03-14 14:58:04.814799', 'None', '2025-03-14 14:59:30.051425', 'None', 'CMSSW_14_1_7', 'el9_amd64_gcc12', '/TTTo2J1L1Nu_CP5_13p6TeV_powheg-pythia8/Run3Winter22NanoAOD-122X_mcRun3_2021_realistic_v9-v1/NANOAODSIM', 'T', '0', '[]', '[]', 'FileBased', "{'halt_job_on_file_boundaries': False, 'splitOnRun': False, 'files_per_job': 1, 'runs': [], 'lumis': []}", '947d3d816cb2c031181ac81dd8dc0e4e5f35f9045cfe8aa406841002a058ac78.tar.gz', 'https://cmsweb.cern.ch/S3/crabcache_prod', 'apuglia', '/DC=ch/DC=cern/OU=Organic Units/OU=Users/CN=apuglia/CN=885270/CN=Andrea Camilla Puglia', 'cms', 'None', 'None', 'TTTo2J1L1Nu-00000000000000000000000000000000', 'F', 'T2_IT_Pisa', 'https://cmsweb.cern.ch/dbs/prod/global/DBSReader', 'https://cmsweb.cern.ch/dbs/prod/phys03/DBSWriter', 'F', '[]', '[]', "['tree_hadd.root']", 'Analysis', 'pythia', 'None', '{}', 'T', 'crab-prod-tw01', '[]', '2700', '1', '2000', '10', 'None', '[]', 'http://vocms0196.cern.ch/mon/apuglia/250314_145804:apuglia_crab_TTTo2J1L1Nu_v4', 'crab_script.sh', '[]', '[]', 'cmsgwms-collector-global.cern.ch:9620,cmsgwms-collector-global.fnal.gov:9620', 'crab3@vocms0196.cern.ch', 'F', '[]', 'T', '/store/user/apuglia', 'F', 'None', 'F', 'None', 'TTTo2J1L1Nu_CP5_13p6TeV_powheg-pythia8', 'None', 'f1bd49ecf737e24272a28e2fadc78d88403331dd73038fa81530b1da3e420968.tar.gz', '117809470', 'F', '188.184.73.32', '0.0', 'None', '{"partialdataset": false, "requireaccelerator": false, "acceleratorparams": null, "inputblocks": null}', 'None', 'None', 'None', 'None', 'any']}
INFO 2025-03-14 15:33:15.562 UTC: 	 CRAB project directory:		/eos/home-a/apuglia/SWAN_projects/thesis/CMSSW_14_1_7/src/PhysicsTools/NanoAODTools/crab/crab_TTTo2J1L1Nu_v4
INFO 2025-03-14 15:33:15.562 UTC: 	 Task name:			250314_145804:apuglia_crab_TTTo2J1L1Nu_v4
INFO 2025-03-14 15:33:15.562 UTC: 	 Grid scheduler - Task Worker:	crab3@vocms0196.cern.ch - crab-prod-tw01
INFO 2025-03-14 15:33:15.563 UTC: 	 Status on the CRAB server:	SUBMITTED
INFO 2025-03-14 15:33:15.563 UTC: 	 Task URL to use for HELP:	https://cmsweb.cern.ch/crabserver/ui/task/250314_145804%3Aapuglia_crab_TTTo2J1L1Nu_v4
INFO 2025-03-14 15:33:15.570 UTC: 	 Dashboard monitoring URL:	https://monit-grafana.cern.ch/d/cmsTMDetail/cms-task-monitoring-task-view?orgId=11&var-user=apuglia&var-task=250314_145804%3Aapuglia_crab_TTTo2J1L1Nu_v4&from=1741960684000&to=now
DEBUG 2025-03-14 15:33:15.570 UTC: 	 The CRAB server submitted your task to the Grid scheduler (cluster ID: 117809470)
DEBUG 2025-03-14 15:33:15.570 UTC: 	 Webdir is located at http://vocms0196.cern.ch/mon/apuglia/250314_145804:apuglia_crab_TTTo2J1L1Nu_v4
DEBUG 2025-03-14 15:33:15.570 UTC: 	 Encoded data for curl request: subresource=webdirprx&workflow=250314_145804%3Aapuglia_crab_TTTo2J1L1Nu_v4
DEBUG 2025-03-14 15:33:15.814 UTC: 	 Proxied webdir is located at https://cmsweb.cern.ch:8443/scheddmon/0196/apuglia/250314_145804:apuglia_crab_TTTo2J1L1Nu_v4
DEBUG 2025-03-14 15:33:15.843 UTC: 	 Retrieving 'status_cache' file from https://cmsweb.cern.ch:8443/scheddmon/0196/apuglia/250314_145804:apuglia_crab_TTTo2J1L1Nu_v4/status_cache.pkl
DEBUG 2025-03-14 15:33:15.843 UTC: 	 Will execute:
curl -sS --capath /etc/grid-security/certificates --cert /tmp/x509up_u180940 --key /tmp/x509up_u180940 -o /tmp/crab_status-cache-b3nky2vt.pkl -w %"{http_code}" "https://cmsweb.cern.ch:8443/scheddmon/0196/apuglia/250314_145804:apuglia_crab_TTTo2J1L1Nu_v4/status_cache.pkl"
DEBUG 2025-03-14 15:33:15.843 UTC: 	 Executing command :
 curl -sS --capath /etc/grid-security/certificates --cert /tmp/x509up_u180940 --key /tmp/x509up_u180940 -o /tmp/crab_status-cache-b3nky2vt.pkl -w %"{http_code}" "https://cmsweb.cern.ch:8443/scheddmon/0196/apuglia/250314_145804:apuglia_crab_TTTo2J1L1Nu_v4/status_cache.pkl"
DEBUG 2025-03-14 15:33:15.889 UTC: 	 output : 200
 error: 
 retcode : 0
DEBUG 2025-03-14 15:33:15.889 UTC: 	 exitcode: 0
stdout: 200
stderr: 
error details: 
DEBUG 2025-03-14 15:33:15.890 UTC: 	 Got information from status cache file: {'7': {'Retries': 2, 'Restarts': 0, 'SiteHistory': ['Unknown', 'T2_US_MIT', 'T2_US_MIT', 'T1_UK_RAL', 'T1_UK_RAL', 'T1_UK_RAL', 'T1_UK_RAL'], 'ResidentSetSize': [11468, 50100, 55536], 'SubmitTimes': [1741964435.0, 1741964696.0, 1741964925.0], 'StartTimes': [1741964563.0, 1741964735.0, 1741964930.0], 'EndTimes': [1741964627.0, 1741964795.0, 1741964991.0], 'TotalUserCpuTimeHistory': [7, 0, 4], 'TotalSysCpuTimeHistory': [0, 0, 0], 'WallDurations': [64.0, 60.0, 63.07230615615845, 63.07230615615845, 63.07230615615845, 61.0, 168.33724093437195], 'JobIds': ['117809474.0', '117809563.0', '117809669.0'], 'State': 'failed', 'RecordedSite': True, 'Error': [50115, 'BadFWJRXML', {}]}, '8': {'Retries': 2, 'Restarts': 0, 'SiteHistory': ['Unknown', 'T2_US_UCSD', 'T2_US_UCSD', 'T2_BE_IIHE', 'T2_BE_IIHE', 'T1_UK_RAL', 'T1_UK_RAL'], 'ResidentSetSize': [508516, 67556, 45356], 'SubmitTimes': [1741964435.0, 1741964733.0, 1741964957.0], 'StartTimes': [1741964572.0, 1741964762.0, 1741965002.0], 'EndTimes': [1741964664.0, 1741964825.0, 1741965063.0], 'TotalUserCpuTimeHistory': [9, 4, 1], 'TotalSysCpuTimeHistory': [0, 0, 0], 'WallDurations': [92.0, 9.0, 36.07230615615845, 36.07230615615845, 63.0, 61.0, 96.33724093437195], 'JobIds': ['117809475.0', '117809599.0', '117809683.0'], 'State': 'failed', 'RecordedSite': True, 'Error': [50115, 'BadFWJRXML', {}]}, '4': {'Retries': 2, 'Restarts': 0, 'SiteHistory': ['Unknown', 'T2_US_Caltech', 'T2_US_Caltech', 'T2_IT_Pisa', 'T2_IT_Pisa', 'T2_IT_Pisa', 'T2_IT_Pisa'], 'ResidentSetSize': [56660, 219820, 4080], 'SubmitTimes': [1741964435.0, 1741964718.0, 1741964982.0], 'StartTimes': [1741964578.0, 1741964761.0, 1741965023.0], 'EndTimes': [1741964650.0, 1741964851.0, 1741965085.0], 'TotalUserCpuTimeHistory': [0, 4, 1], 'TotalSysCpuTimeHistory': [0, 0, 0], 'WallDurations': [72.0, 8.0, 37.07230615615845, 37.07230615615845, 90.0, 62.0, 75.33724093437195], 'JobIds': ['117809476.0', '117809595.0', '117809693.0'], 'State': 'failed', 'RecordedSite': True}, '5': {'Retries': 2, 'Restarts': 0, 'SiteHistory': ['Unknown', 'T2_US_Vanderbilt', 'T2_US_Vanderbilt', 'T2_US_Caltech', 'T2_US_Caltech', 'T2_US_Caltech', 'T2_US_Caltech'], 'ResidentSetSize': [334432, 91120, 89380], 'SubmitTimes': [1741964435.0, 1741964786.0, 1741965003.0], 'StartTimes': [1741964572.0, 1741964816.0, 1741965060.0], 'EndTimes': [1741964717.0, 1741964879.0, 1741965123.0], 'TotalUserCpuTimeHistory': [22, 0, 0], 'TotalSysCpuTimeHistory': [0, 0, 0], 'WallDurations': [145.0, 0, 63.0, 9.0, 38.33724093437195, 38.33724093437195, 63.0], 'JobIds': ['117809477.0', '117809605.0', '117809707.0'], 'State': 'failed', 'RecordedSite': True, 'Error': [50115, 'BadFWJRXML', {}]}, '9': {'Retries': 2, 'Restarts': 0, 'SiteHistory': ['Unknown', 'T2_US_Caltech', 'T2_US_Caltech', 'T2_BE_IIHE', 'T2_BE_IIHE', 'T2_US_Caltech', 'T2_US_Caltech'], 'ResidentSetSize': [100244, 39820, 499192], 'SubmitTimes': [1741964435.0, 1741964707.0, 1741964957.0], 'StartTimes': [1741964574.0, 1741964767.0, 1741965070.0], 'EndTimes': [1741964638.0, 1741964828.0, 1741965134.0], 'TotalUserCpuTimeHistory': [12, 1, 16], 'TotalSysCpuTimeHistory': [0, 0, 0], 'WallDurations': [64.0, 8.0, 31.072306156158447, 31.072306156158447, 61.0, 9.0, 64.0], 'JobIds': ['117809478.0', '117809588.0', '117809686.0'], 'State': 'failed', 'RecordedSite': True, 'Error': [50115, 'BadFWJRXML', {}]}, '1': {'Retries': 2, 'Restarts': 0, 'SiteHistory': ['Unknown', 'T2_US_Caltech', 'T2_US_Caltech', 'T2_US_Caltech', 'T2_US_Caltech', 'T2_US_Caltech', 'T2_US_Caltech'], 'ResidentSetSize': [553228, 45292, 88360], 'SubmitTimes': [1741964435.0, 1741964702.0, 1741965003.0], 'StartTimes': [1741964571.0, 1741964811.0, 1741965057.0], 'EndTimes': [1741964634.0, 1741964874.0, 1741965122.0], 'TotalUserCpuTimeHistory': [11, 1, 5], 'TotalSysCpuTimeHistory': [0, 0, 0], 'WallDurations': [63.0, 0, 63.0, 9.0, 41.33724093437195, 41.33724093437195, 65.0], 'JobIds': ['117809479.0', '117809580.0', '117809705.0'], 'State': 'failed', 'RecordedSite': True, 'Error': [50115, 'BadFWJRXML', {}]}, '6': {'Retries': 2, 'Restarts': 0, 'SiteHistory': ['Unknown', 'T2_US_Caltech', 'T2_US_Caltech', 'T1_FR_CCIN2P3', 'T1_FR_CCIN2P3', 'T2_US_Caltech', 'T2_US_Caltech'], 'ResidentSetSize': [75372, 87008, 40968], 'SubmitTimes': [1741964436.0, 1741964707.0, 1741964992.0], 'StartTimes': [1741964571.0, 1741964799.0, 1741965060.0], 'EndTimes': [1741964639.0, 1741964861.0, 1741965123.0], 'TotalUserCpuTimeHistory': [2, 1, 3], 'TotalSysCpuTimeHistory': [0, 0, 0], 'WallDurations': [68.0, 0, 227.07230615615845, 62.0, 9.0, 38.33724093437195, 63.0], 'JobIds': ['117809480.0', '117809582.0', '117809694.0'], 'State': 'failed', 'RecordedSite': True, 'Error': [50115, 'BadFWJRXML', {}]}, '15': {'Retries': 2, 'Restarts': 0, 'SiteHistory': ['Unknown', 'T2_US_Nebraska', 'T2_US_Nebraska', 'T2_US_Nebraska', 'T2_US_Nebraska', 'T1_IT_CNAF', 'T1_IT_CNAF'], 'ResidentSetSize': [127080, 98492, 51340], 'SubmitTimes': [1741964436.0, 1741964701.0, 1741965054.0], 'StartTimes': [1741964569.0, 1741964759.0, 1741965077.0], 'EndTimes': [1741964632.0, 1741964923.0, 1741965184.0], 'TotalUserCpuTimeHistory': [13, 41, 28], 'TotalSysCpuTimeHistory': [0, 0, 0], 'WallDurations': [63.0, 9.0, 39.07230615615845, 39.07230615615845, 164.0, 9.0, 107.0], 'JobIds': ['117809481.0', '117809573.0', '117809718.0'], 'State': 'failed', 'RecordedSite': True, 'Error': [50115, 'BadFWJRXML', {}]}, '18': {'Retries': 2, 'Restarts': 0, 'SiteHistory': ['Unknown', 'T2_US_Nebraska', 'T2_US_Nebraska', 'T1_IT_CNAF', 'T1_IT_CNAF', 'T1_UK_RAL', 'T1_UK_RAL'], 'ResidentSetSize': [156024, 227388, 80032], 'SubmitTimes': [1741964436.0, 1741964904.0, 1741965200.0], 'StartTimes': [1741964731.0, 1741964924.0, 1741965239.0], 'EndTimes': [1741964834.0, 1741965072.0, 1741965301.0], 'TotalUserCpuTimeHistory': [10, 24, 9], 'TotalSysCpuTimeHistory': [0, 0, 0], 'WallDurations': [8.0, 67.07230615615845, 103.0, 148.0, 174.33724093437195, 62.0, 159.53688406944275], 'JobIds': ['117809482.0', '117809664.0', '117809751.0'], 'State': 'failed', 'RecordedSite': True, 'Error': [50115, 'BadFWJRXML', {}]}, '12': {'Retries': 2, 'Restarts': 0, 'SiteHistory': ['Unknown', 'T2_US_Nebraska', 'T2_US_Nebraska', 'T2_US_Nebraska', 'T2_US_Nebraska', 'T2_US_Nebraska', 'T2_US_Nebraska'], 'ResidentSetSize': [390728, 45012, 53412], 'SubmitTimes': [1741964436.0, 1741964701.0, 1741965059.0], 'StartTimes': [1741964570.0, 1741964866.0, 1741965091.0], 'EndTimes': [1741964633.0, 1741964929.0, 1741965154.0], 'TotalUserCpuTimeHistory': [0, 2, 3], 'TotalSysCpuTimeHistory': [0, 0, 0], 'WallDurations': [63.0, 0, 228.07230615615845, 63.0, 0, 7.337240934371948, 63.0], 'JobIds': ['117809483.0', '117809574.0', '117809720.0'], 'State': 'failed', 'RecordedSite': True, 'Error': [50115, 'BadFWJRXML', {}]}, '13': {'Retries': 2, 'Restarts': 0, 'SiteHistory': ['Unknown', 'T2_US_Nebraska', 'T2_US_Nebraska', 'T2_US_Nebraska', 'T2_US_Nebraska', 'T1_UK_RAL', 'T1_UK_RAL'], 'ResidentSetSize': [140708, 123640, 68696], 'SubmitTimes': [1741964436.0, 1741964787.0, 1741965236.0], 'StartTimes': [1741964649.0, 1741965031.0, 1741965304.0], 'EndTimes': [1741964715.0, 1741965107.0, 1741965366.0], 'TotalUserCpuTimeHistory': [18, 15, 4], 'TotalSysCpuTimeHistory': [0, 0, 0], 'WallDurations': [66.0, 0, 9.0, 67.33724093437195, 76.0, 62.0, 94.53688406944275], 'JobIds': ['117809484.0', '117809606.0', '117809758.0'], 'State': 'failed', 'RecordedSite': True, 'Error': [50115, 'BadFWJRXML', {}]}, '10': {'Retries': 2, 'Restarts': 0, 'SiteHistory': ['Unknown', 'T2_US_Nebraska', 'T2_US_Nebraska', 'T2_US_Nebraska', 'T2_US_Nebraska', 'T2_US_Nebraska', 'T2_US_Nebraska'], 'ResidentSetSize': [90796, 51328, 94956], 'SubmitTimes': [1741964441.0, 1741964696.0, 1741965139.0], 'StartTimes': [1741964565.0, 1741964949.0, 1741965471.0], 'EndTimes': [1741964628.0, 1741965012.0, 1741965548.0], 'TotalUserCpuTimeHistory': [11, 5, 6], 'TotalSysCpuTimeHistory': [0, 0, 0], 'WallDurations': [63.0, 0, 233.07230615615845, 63.0, 149.33724093437195, 77.0, 227.7052936553955], 'JobIds': ['117809485.0', '117809565.0', '117809738.0'], 'State': 'failed', 'RecordedSite': True, 'Error': [50115, 'BadFWJRXML', {}]}, '2': {'Retries': 2, 'Restarts': 0, 'SiteHistory': ['Unknown', 'T2_US_Caltech', 'T2_US_Caltech', 'T2_US_Caltech', 'T2_US_Caltech', 'T2_US_MIT', 'T2_US_MIT'], 'ResidentSetSize': [49360, 118468, 99556], 'SubmitTimes': [1741964441.0, 1741964723.0, 1741965064.0], 'StartTimes': [1741964587.0, 1741964872.0, 1741965123.0], 'EndTimes': [1741964654.0, 1741964938.0, 1741965186.0], 'TotalUserCpuTimeHistory': [11, 0, 11], 'TotalSysCpuTimeHistory': [0, 0, 0], 'WallDurations': [67.0, 0, 66.0, 0, 63.0, 275.53688406944275, 275.53688406944275], 'JobIds': ['117809486.0', '117809596.0', '117809727.0'], 'State': 'failed', 'RecordedSite': True, 'Error': [50115, 'BadFWJRXML', {}]}, '3': {'Retries': 2, 'Restarts': 0, 'SiteHistory': ['Unknown', 'T2_US_Nebraska', 'T2_US_Nebraska', 'T2_IT_Pisa', 'T2_IT_Pisa', 'T2_IT_Pisa', 'T2_IT_Pisa'], 'ResidentSetSize': [53248, 206888, 4068], 'SubmitTimes': [1741964441.0, 1741964701.0, 1741964977.0], 'StartTimes': [1741964570.0, 1741964761.0, 1741965022.0], 'EndTimes': [1741964632.0, 1741964851.0, 1741965084.0], 'TotalUserCpuTimeHistory': [4, 7, 0], 'TotalSysCpuTimeHistory': [0, 0, 0], 'WallDurations': [62.0, 8.0, 37.07230615615845, 37.07230615615845, 90.0, 62.0, 76.33724093437195], 'JobIds': ['117809487.0', '117809576.0', '117809690.0'], 'State': 'failed', 'RecordedSite': True}, '11': {'Retries': 2, 'Restarts': 0, 'SiteHistory': ['Unknown', 'T2_US_Nebraska', 'T2_US_Nebraska', 'T1_UK_RAL', 'T1_UK_RAL', 'T2_US_Nebraska', 'T2_US_Nebraska'], 'ResidentSetSize': [47952, 48024, 54284], 'SubmitTimes': [1741964442.0, 1741964701.0, 1741964930.0], 'StartTimes': [1741964567.0, 1741964737.0, 1741964946.0], 'EndTimes': [1741964631.0, 1741964800.0, 1741965014.0], 'TotalUserCpuTimeHistory': [0, 10, 0], 'TotalSysCpuTimeHistory': [0, 0, 0], 'WallDurations': [64.0, 9.0, 61.07230615615845, 61.07230615615845, 63.0, 68.0, 152.33724093437195], 'JobIds': ['117809488.0', '117809570.0', '117809673.0'], 'State': 'failed', 'RecordedSite': True, 'Error': [50115, 'BadFWJRXML', {}]}, '14': {'Retries': 2, 'Restarts': 0, 'SiteHistory': ['Unknown', 'T2_US_Nebraska', 'T2_US_Nebraska', 'T2_US_Nebraska', 'T2_US_Nebraska', 'T2_US_Nebraska', 'T2_US_Nebraska'], 'ResidentSetSize': [222212, 492432, 134872], 'SubmitTimes': [1741964442.0, 1741965074.0, 1741965480.0], 'StartTimes': [1741964910.0, 1741965287.0, 1741965811.0], 'EndTimes': [1741965005.0, 1741965352.0, 1741965898.0], 'TotalUserCpuTimeHistory': [11, 2, 11], 'TotalSysCpuTimeHistory': [0, 0, 0], 'WallDurations': [0, 95.0, 65.0, 111.53688406944275, 111.53688406944275, 87.0, 187.86864137649536], 'JobIds': ['117809489.0', '117809728.0', '117809778.0'], 'State': 'failed', 'RecordedSite': True, 'Error': [50115, 'BadFWJRXML', {}]}, '16': {'Retries': 2, 'Restarts': 0, 'SiteHistory': ['Unknown', 'T2_US_Nebraska', 'T2_US_Nebraska', 'T1_UK_RAL', 'T1_UK_RAL', 'T2_US_Nebraska', 'T2_US_Nebraska'], 'ResidentSetSize': [545852, 66548, 136804], 'SubmitTimes': [1741964442.0, 1741964702.0, 1741964992.0], 'StartTimes': [1741964569.0, 1741964799.0, 1741965045.0], 'EndTimes': [1741964633.0, 1741964861.0, 1741965109.0], 'TotalUserCpuTimeHistory': [9, 4, 7], 'TotalSysCpuTimeHistory': [0, 0, 0], 'WallDurations': [64.0, 0, 229.07230615615845, 62.0, 9.0, 53.33724093437195, 64.0], 'JobIds': ['117809490.0', '117809577.0', '117809696.0'], 'State': 'failed', 'RecordedSite': True, 'Error': [50115, 'BadFWJRXML', {}]}, '17': {'Retries': 2, 'Restarts': 0, 'SiteHistory': ['Unknown', 'T2_US_Nebraska', 'T2_US_Nebraska', 'T2_US_Nebraska', 'T2_US_Nebraska', 'T2_US_Nebraska', 'T2_US_Nebraska'], 'ResidentSetSize': [134496, 54220, 91160], 'SubmitTimes': [1741964442.0, 1741964864.0, 1741965064.0], 'StartTimes': [1741964729.0, 1741964876.0, 1741965095.0], 'EndTimes': [1741964793.0, 1741964939.0, 1741965250.0], 'TotalUserCpuTimeHistory': [4, 0, 50], 'TotalSysCpuTimeHistory': [0, 0, 0], 'WallDurations': [64.0, 69.07230615615845, 69.07230615615845, 63.0, 0, 3.3372409343719482, 155.0], 'JobIds': ['117809491.0', '117809653.0', '117809726.0'], 'State': 'failed', 'RecordedSite': True, 'Error': [50115, 'BadFWJRXML', {}]}, '19': {'Retries': 2, 'Restarts': 0, 'SiteHistory': ['Unknown', 'T2_US_Nebraska', 'T2_US_Nebraska', 'T1_FR_CCIN2P3', 'T1_FR_CCIN2P3', 'T2_US_Nebraska', 'T2_US_Nebraska'], 'ResidentSetSize': [217536, 47232, 302760], 'SubmitTimes': [1741964442.0, 1741964884.0, 1741965114.0], 'StartTimes': [1741964730.0, 1741964922.0, 1741965123.0], 'EndTimes': [1741964817.0, 1741964983.0, 1741965191.0], 'TotalUserCpuTimeHistory': [14, 7, 8], 'TotalSysCpuTimeHistory': [0, 1, 0], 'WallDurations': [10.0, 68.07230615615845, 87.0, 61.0, 176.33724093437195, 68.0, 275.53688406944275], 'JobIds': ['117809492.0', '117809659.0', '117809736.0'], 'State': 'failed', 'RecordedSite': True, 'Error': [50115, 'BadFWJRXML', {}]}, '20': {'Retries': 2, 'Restarts': 0, 'SiteHistory': ['Unknown', 'T2_US_Nebraska', 'T2_US_Nebraska', 'T2_US_Nebraska', 'T2_US_Nebraska', 'T2_US_Nebraska', 'T2_US_Nebraska'], 'ResidentSetSize': [181132, 76452, 520432], 'SubmitTimes': [1741964442.0, 1741964879.0, 1741965094.0], 'StartTimes': [1741964729.0, 1741964900.0, 1741965444.0], 'EndTimes': [1741964810.0, 1741964963.0, 1741965543.0], 'TotalUserCpuTimeHistory': [9, 11, 22], 'TotalSysCpuTimeHistory': [0, 0, 0], 'WallDurations': [8.0, 69.07230615615845, 81.0, 63.0, 0, 99.0, 254.7052936553955], 'JobIds': ['117809493.0', '117809658.0', '117809733.0'], 'State': 'failed', 'RecordedSite': True, 'Error': [50115, 'BadFWJRXML', {}]}, '21': {'Retries': 2, 'Restarts': 0, 'SiteHistory': ['Unknown', 'T2_US_Nebraska', 'T2_US_Nebraska', 'T2_US_Nebraska', 'T2_US_Nebraska', 'T2_US_Nebraska', 'T2_US_Nebraska'], 'ResidentSetSize': [279312, 229808, 314496], 'SubmitTimes': [1741964442.0, 1741964738.0, 1741965287.0], 'StartTimes': [1741964583.0, 1741965091.0, 1741965310.0], 'EndTimes': [1741964669.0, 1741965155.0, 1741965468.0], 'TotalUserCpuTimeHistory': [5, 9, 33], 'TotalSysCpuTimeHistory': [0, 0, 1], 'WallDurations': [86.0, 0, 215.07230615615845, 7.337240934371948, 64.0, 9.0, 158.0], 'JobIds': ['117809494.0', '117809600.0', '117809761.0'], 'State': 'failed', 'RecordedSite': True, 'Error': [50115, 'BadFWJRXML', {}]}, '22': {'Retries': 2, 'Restarts': 0, 'SiteHistory': ['Unknown', 'T2_US_Nebraska', 'T2_US_Nebraska', 'T2_US_Nebraska', 'T2_US_Nebraska', 'T2_US_Nebraska', 'T2_US_Nebraska'], 'ResidentSetSize': [476896, 43292, 349672], 'SubmitTimes': [1741964442.0, 1741964764.0, 1741965023.0], 'StartTimes': [1741964603.0, 1741964824.0, 1741965379.0], 'EndTimes': [1741964693.0, 1741964893.0, 1741965485.0], 'TotalUserCpuTimeHistory': [17, 7, 4], 'TotalSysCpuTimeHistory': [1, 0, 0], 'WallDurations': [90.0, 0, 69.0, 0, 274.33724093437195, 9.0, 106.0], 'JobIds': ['117809495.0', '117809604.0', '117809709.0'], 'State': 'failed', 'RecordedSite': True, 'Error': [50115, 'BadFWJRXML', {}]}, '23': {'Retries': 2, 'Restarts': 0, 'SiteHistory': ['Unknown', 'T2_US_Nebraska', 'T2_US_Nebraska', 'T2_US_Nebraska', 'T2_US_Nebraska', 'T1_UK_RAL', 'T1_UK_RAL'], 'ResidentSetSize': [243672, 82976, 86460], 'SubmitTimes': [1741964442.0, 1741964743.0, 1741965003.0], 'StartTimes': [1741964602.0, 1741964809.0, 1741965058.0], 'EndTimes': [1741964672.0, 1741964875.0, 1741965121.0], 'TotalUserCpuTimeHistory': [8, 7, 3], 'TotalSysCpuTimeHistory': [0, 0, 0], 'WallDurations': [70.0, 0, 66.0, 8.0, 40.33724093437195, 40.33724093437195, 63.0], 'JobIds': ['117809496.0', '117809601.0', '117809706.0'], 'State': 'failed', 'RecordedSite': True, 'Error': [50115, 'BadFWJRXML', {}]}, '24': {'Retries': 2, 'Restarts': 0, 'SiteHistory': ['Unknown', 'T2_US_Nebraska', 'T2_US_Nebraska', 'T2_US_Nebraska', 'T2_US_Nebraska', 'T2_US_Nebraska', 'T2_US_Nebraska'], 'ResidentSetSize': [51896, 46520, 44104], 'SubmitTimes': [1741964442.0, 1741964707.0, 1741965003.0], 'StartTimes': [1741964571.0, 1741964808.0, 1741965048.0], 'EndTimes': [1741964640.0, 1741964870.0, 1741965116.0], 'TotalUserCpuTimeHistory': [6, 4, 1], 'TotalSysCpuTimeHistory': [0, 0, 0], 'WallDurations': [69.0, 0, 62.0, 9.0, 50.33724093437195, 50.33724093437195, 68.0], 'JobIds': ['117809497.0', '117809587.0', '117809703.0'], 'State': 'failed', 'RecordedSite': True, 'Error': [50115, 'BadFWJRXML', {}]}, '25': {'Retries': 2, 'Restarts': 0, 'SiteHistory': ['Unknown', 'T2_US_Nebraska', 'T2_US_Nebraska', 'T2_US_Nebraska', 'T2_US_Nebraska', 'T2_US_Nebraska', 'T2_US_Nebraska'], 'ResidentSetSize': [133616, 541156, 88936], 'SubmitTimes': [1741964442.0, 1741964920.0, 1741965216.0], 'StartTimes': [1741964779.0, 1741964930.0, 1741965257.0], 'EndTimes': [1741964848.0, 1741965087.0, 1741965422.0], 'TotalUserCpuTimeHistory': [9, 43, 37], 'TotalSysCpuTimeHistory': [0, 0, 1], 'WallDurations': [8.0, 19.072306156158447, 69.0, 157.0, 168.33724093437195, 9.0, 165.0], 'JobIds': ['117809498.0', '117809667.0', '117809755.0'], 'State': 'failed', 'RecordedSite': True, 'Error': [50115, 'BadFWJRXML', {}]}, '26': {'Retries': 2, 'Restarts': 0, 'SiteHistory': ['Unknown', 'T2_US_Nebraska', 'T2_US_Nebraska', 'T1_UK_RAL', 'T1_UK_RAL', 'T2_US_Nebraska', 'T2_US_Nebraska'], 'ResidentSetSize': [80468, 48124, 84696], 'SubmitTimes': [1741964442.0, 1741964707.0, 1741964992.0], 'StartTimes': [1741964572.0, 1741964801.0, 1741965030.0], 'EndTimes': [1741964637.0, 1741964862.0, 1741965109.0], 'TotalUserCpuTimeHistory': [2, 3, 8], 'TotalSysCpuTimeHistory': [0, 0, 0], 'WallDurations': [65.0, 0, 61.0, 9.0, 68.33724093437195, 68.33724093437195, 79.0], 'JobIds': ['117809499.0', '117809583.0', '117809695.0'], 'State': 'failed', 'RecordedSite': True, 'Error': [50115, 'BadFWJRXML', {}]}, '27': {'Retries': 2, 'Restarts': 0, 'SiteHistory': ['Unknown', 'T2_US_Nebraska', 'T2_US_Nebraska', 'T2_US_Nebraska', 'T2_US_Nebraska', 'T2_US_Nebraska', 'T2_US_Nebraska'], 'ResidentSetSize': [135656, 521340, 133100], 'SubmitTimes': [1741964442.0, 1741965079.0, 1741965327.0], 'StartTimes': [1741964922.0, 1741965130.0, 1741965631.0], 'EndTimes': [1741965012.0, 1741965197.0, 1741965695.0], 'TotalUserCpuTimeHistory': [3, 1, 2], 'TotalSysCpuTimeHistory': [0, 0, 0], 'WallDurations': [0, 90.0, 67.0, 0, 268.53688406944275, 64.0, 67.70529365539551], 'JobIds': ['117809500.0', '117809730.0', '117809763.0'], 'State': 'failed', 'RecordedSite': True, 'Error': [50115, 'BadFWJRXML', {}]}, '28': {'Retries': 2, 'Restarts': 0, 'SiteHistory': ['Unknown', 'T2_US_Nebraska', 'T2_US_Nebraska', 'T2_US_Nebraska', 'T2_US_Nebraska', 'T2_US_Nebraska', 'T2_US_Nebraska'], 'ResidentSetSize': [51344, 53428, 52472], 'SubmitTimes': [1741964442.0, 1741964713.0, 1741965003.0], 'StartTimes': [1741964572.0, 1741964808.0, 1741965021.0], 'EndTimes': [1741964640.0, 1741964869.0, 1741965084.0], 'TotalUserCpuTimeHistory': [5, 0, 2], 'TotalSysCpuTimeHistory': [0, 0, 0], 'WallDurations': [68.0, 0, 61.0, 63.0, 77.33724093437195, 77.33724093437195, 77.33724093437195], 'JobIds': ['117809501.0', '117809590.0', '117809701.0'], 'State': 'failed', 'RecordedSite': True}, '29': {'Retries': 1, 'Restarts': 0, 'SiteHistory': ['Unknown', 'T2_US_UCSD', 'T2_US_UCSD', 'T2_US_UCSD', 'T2_US_UCSD'], 'ResidentSetSize': [45876, 306460], 'SubmitTimes': [1741964442.0, 1741965043.0], 'StartTimes': [1741964909.0, 1741965545.0], 'EndTimes': [1741964973.0, 1741966270.0], 'TotalUserCpuTimeHistory': [2, 107], 'TotalSysCpuTimeHistory': [0, 4], 'WallDurations': [0, 64.0, 0, 9.0, 725.0], 'JobIds': ['117809502.0', '117809714.0'], 'State': 'cooloff', 'RecordedSite': True}, '30': {'Retries': 2, 'Restarts': 0, 'SiteHistory': ['Unknown', 'T1_UK_RAL', 'T1_UK_RAL', 'T1_FR_CCIN2P3', 'T1_FR_CCIN2P3', 'T1_UK_RAL', 'T1_UK_RAL'], 'ResidentSetSize': [64352, 74200, 39404], 'SubmitTimes': [1741964442.0, 1741964797.0, 1741965054.0], 'StartTimes': [1741964671.0, 1741964862.0, 1741965125.0], 'EndTimes': [1741964732.0, 1741964923.0, 1741965186.0], 'TotalUserCpuTimeHistory': [2, 3, 0], 'TotalSysCpuTimeHistory': [0, 0, 0], 'WallDurations': [61.0, 0, 61.0, 0, 61.0, 273.53688406944275, 273.53688406944275], 'JobIds': ['117809503.0', '117809611.0', '117809717.0'], 'State': 'failed', 'RecordedSite': True, 'Error': [50115, 'BadFWJRXML', {}]}, '31': {'Retries': 2, 'Restarts': 0, 'SiteHistory': ['Unknown', 'T1_FR_CCIN2P3', 'T1_FR_CCIN2P3', 'T1_UK_RAL', 'T1_UK_RAL', 'T1_FR_CCIN2P3', 'T1_FR_CCIN2P3'], 'ResidentSetSize': [82692, 72712, 44880], 'SubmitTimes': [1741964442.0, 1741964797.0, 1741964997.0], 'StartTimes': [1741964670.0, 1741964803.0, 1741965051.0], 'EndTimes': [1741964732.0, 1741964865.0, 1741965112.0], 'TotalUserCpuTimeHistory': [3, 12, 10], 'TotalSysCpuTimeHistory': [0, 0, 2], 'WallDurations': [62.0, 0, 62.0, 9.0, 47.33724093437195, 47.33724093437195, 61.0], 'JobIds': ['117809504.0', '117809609.0', '117809700.0'], 'State': 'failed', 'RecordedSite': True, 'Error': [50115, 'BadFWJRXML', {}]}, '37': {'Retries': 2, 'Restarts': 0, 'SiteHistory': ['Unknown', 'T2_US_Caltech', 'T2_US_Caltech', 'T1_FR_CCIN2P3', 'T1_FR_CCIN2P3', 'T2_US_Caltech', 'T2_US_Caltech'], 'ResidentSetSize': [50292, 92248, 60024], 'SubmitTimes': [1741964442.0, 1741964702.0, 1741964992.0], 'StartTimes': [1741964573.0, 1741964799.0, 1741965069.0], 'EndTimes': [1741964635.0, 1741964861.0, 1741965139.0], 'TotalUserCpuTimeHistory': [0, 2, 7], 'TotalSysCpuTimeHistory': [0, 0, 0], 'WallDurations': [62.0, 0, 62.0, 8.0, 29.33724093437195, 29.33724093437195, 70.0], 'JobIds': ['117809505.0', '117809578.0', '117809697.0'], 'State': 'failed', 'RecordedSite': True, 'Error': [50115, 'BadFWJRXML', {}]}, '39': {'Retries': 2, 'Restarts': 0, 'SiteHistory': ['Unknown', 'T2_US_Caltech', 'T2_US_Caltech', 'T2_BE_UCL', 'T2_BE_UCL', 'T2_US_Caltech', 'T2_US_Caltech'], 'ResidentSetSize': [91000, 156668, 90668], 'SubmitTimes': [1741964442.0, 1741964701.0, 1741965023.0], 'StartTimes': [1741964572.0, 1741964760.0, 1741965089.0], 'EndTimes': [1741964635.0, 1741964892.0, 1741965157.0], 'TotalUserCpuTimeHistory': [7, 8, 21], 'TotalSysCpuTimeHistory': [0, 0, 0], 'WallDurations': [63.0, 9.0, 38.07230615615845, 38.07230615615845, 132.0, 0, 68.0], 'JobIds': ['117809506.0', '117809572.0', '117809710.0'], 'State': 'failed', 'RecordedSite': True, 'Error': [50115, 'BadFWJRXML', {}]}, '41': {'Retries': 2, 'Restarts': 0, 'SiteHistory': ['Unknown', 'T2_US_Nebraska', 'T2_US_Nebraska', 'T2_IT_Pisa', 'T2_IT_Pisa', 'T2_US_Nebraska', 'T2_US_Nebraska'], 'ResidentSetSize': [131456, 4080, 151376], 'SubmitTimes': [1741964442.0, 1741964818.0, 1741965023.0], 'StartTimes': [1741964569.0, 1741964826.0, 1741965074.0], 'EndTimes': [1741964746.0, 1741964887.0, 1741965146.0], 'TotalUserCpuTimeHistory': [36, 2, 6], 'TotalSysCpuTimeHistory': [2, 0, 0], 'WallDurations': [177.0, 229.07230615615845, 229.07230615615845, 61.0, 8.0, 24.33724093437195, 72.0], 'JobIds': ['117809507.0', '117809616.0', '117809711.0'], 'State': 'failed', 'RecordedSite': True, 'Error': [50115, 'BadFWJRXML', {}]}, '44': {'Retries': 2, 'Restarts': 0, 'SiteHistory': ['Unknown', 'T2_US_Caltech', 'T2_US_Caltech', 'T2_IT_Pisa', 'T2_IT_Pisa', 'T1_UK_RAL', 'T1_UK_RAL'], 'ResidentSetSize': [48272, 52060, 70932], 'SubmitTimes': [1741964443.0, 1741964713.0, 1741964951.0], 'StartTimes': [1741964576.0, 1741964761.0, 1741964994.0], 'EndTimes': [1741964641.0, 1741964822.0, 1741965055.0], 'TotalUserCpuTimeHistory': [3, 14, 7], 'TotalSysCpuTimeHistory': [0, 0, 0], 'WallDurations': [65.0, 9.0, 37.07230615615845, 37.07230615615845, 61.0, 61.0, 104.33724093437195], 'JobIds': ['117809508.0', '117809589.0', '117809679.0'], 'State': 'failed', 'RecordedSite': True, 'Error': [50115, 'BadFWJRXML', {}]}, '40': {'Retries': 2, 'Restarts': 0, 'SiteHistory': ['Unknown', 'T2_US_Nebraska', 'T2_US_Nebraska', 'T2_IT_Pisa', 'T2_IT_Pisa', 'T2_IT_Pisa', 'T2_IT_Pisa'], 'ResidentSetSize': [552144, 4084, 38696], 'SubmitTimes': [1741964443.0, 1741964884.0, 1741965084.0], 'StartTimes': [1741964730.0, 1741964890.0, 1741965088.0], 'EndTimes': [1741964815.0, 1741964951.0, 1741965150.0], 'TotalUserCpuTimeHistory': [12, 1, 5], 'TotalSysCpuTimeHistory': [0, 0, 0], 'WallDurations': [8.0, 68.07230615615845, 85.0, 61.0, 8.0, 10.337240934371948, 62.0], 'JobIds': ['117809509.0', '117809660.0', '117809731.0'], 'State': 'failed', 'RecordedSite': True, 'Error': [50115, 'BadFWJRXML', {}]}, '35': {'Retries': 2, 'Restarts': 0, 'SiteHistory': ['Unknown', 'T1_FR_CCIN2P3', 'T1_FR_CCIN2P3', 'T1_UK_RAL', 'T1_UK_RAL', 'T1_UK_RAL', 'T1_UK_RAL'], 'ResidentSetSize': [78396, 46720, 38204], 'SubmitTimes': [1741964443.0, 1741964797.0, 1741965003.0], 'StartTimes': [1741964671.0, 1741964808.0, 1741965058.0], 'EndTimes': [1741964733.0, 1741964869.0, 1741965120.0], 'TotalUserCpuTimeHistory': [3, 8, 6], 'TotalSysCpuTimeHistory': [0, 0, 0], 'WallDurations': [62.0, 0, 61.0, 8.0, 40.33724093437195, 40.33724093437195, 62.0], 'JobIds': ['117809510.0', '117809610.0', '117809702.0'], 'State': 'failed', 'RecordedSite': True, 'Error': [50115, 'BadFWJRXML', {}]}, '34': {'Retries': 2, 'Restarts': 0, 'SiteHistory': ['Unknown', 'T1_UK_RAL', 'T1_UK_RAL', 'T1_UK_RAL', 'T1_UK_RAL', 'T1_UK_RAL', 'T1_UK_RAL'], 'ResidentSetSize': [61232, 34540, 47212], 'SubmitTimes': [1741964443.0, 1741964797.0, 1741965003.0], 'StartTimes': [1741964672.0, 1741964802.0, 1741965058.0], 'EndTimes': [1741964732.0, 1741964862.0, 1741965120.0], 'TotalUserCpuTimeHistory': [1, 1, 0], 'TotalSysCpuTimeHistory': [0, 0, 0], 'WallDurations': [60.0, 0, 60.0, 8.0, 40.33724093437195, 40.33724093437195, 62.0], 'JobIds': ['117809511.0', '117809608.0', '117809704.0'], 'State': 'failed', 'RecordedSite': True, 'Error': [50115, 'BadFWJRXML', {}]}, '49': {'Retries': 1, 'Restarts': 0, 'SiteHistory': ['Unknown', 'T2_US_UCSD', 'T2_US_UCSD', 'T2_US_UCSD'], 'ResidentSetSize': [87668, 0], 'SubmitTimes': [1741964443.0, 1741965907.0], 'StartTimes': [1741965081.0], 'EndTimes': [1741965841.0], 'TotalUserCpuTimeHistory': [108, 0.0], 'TotalSysCpuTimeHistory': [6, 0.0], 'WallDurations': [0, 9.0, 760.0, 0], 'JobIds': ['117809512.0', '117809809.0'], 'State': 'idle', 'RecordedSite': True}, '36': {'Retries': 2, 'Restarts': 0, 'SiteHistory': ['Unknown', 'T1_UK_RAL', 'T1_UK_RAL', 'T1_FR_CCIN2P3', 'T1_FR_CCIN2P3', 'T1_FR_CCIN2P3', 'T1_FR_CCIN2P3'], 'ResidentSetSize': [79844, 73764, 121140], 'SubmitTimes': [1741964443.0, 1741964807.0, 1741965054.0], 'StartTimes': [1741964672.0, 1741964863.0, 1741965115.0], 'EndTimes': [1741964733.0, 1741964923.0, 1741965176.0], 'TotalUserCpuTimeHistory': [3, 3, 11], 'TotalSysCpuTimeHistory': [0, 0, 2], 'WallDurations': [61.0, 126.07230615615845, 126.07230615615845, 60.0, 61.0, 283.53688406944275, 283.53688406944275], 'JobIds': ['117809513.0', '117809613.0', '117809716.0'], 'State': 'failed', 'RecordedSite': True, 'Error': [50115, 'BadFWJRXML', {}]}, '51': {'Retries': 2, 'Restarts': 0, 'SiteHistory': ['Unknown', 'T2_US_Wisconsin', 'T2_US_Wisconsin', 'T1_UK_RAL', 'T1_UK_RAL', 'T1_UK_RAL', 'T1_UK_RAL'], 'ResidentSetSize': [44436, 31544, 78380], 'SubmitTimes': [1741964443.0, 1741964696.0, 1741964930.0], 'StartTimes': [1741964567.0, 1741964736.0, 1741964937.0], 'EndTimes': [1741964629.0, 1741964799.0, 1741964999.0], 'TotalUserCpuTimeHistory': [2, 6, 7], 'TotalSysCpuTimeHistory': [0, 0, 0], 'WallDurations': [62.0, 61.0, 62.07230615615845, 62.07230615615845, 63.0, 62.0, 161.33724093437195], 'JobIds': ['117809514.0', '117809566.0', '117809671.0'], 'State': 'failed', 'RecordedSite': True, 'Error': [50115, 'BadFWJRXML', {}]}, '46': {'Retries': 2, 'Restarts': 0, 'SiteHistory': ['Unknown', 'T2_US_Caltech', 'T2_US_Caltech', 'T2_IT_Pisa', 'T2_IT_Pisa', 'T2_IT_Pisa', 'T2_IT_Pisa'], 'ResidentSetSize': [93476, 57816, 38764], 'SubmitTimes': [1741964443.0, 1741964702.0, 1741964951.0], 'StartTimes': [1741964571.0, 1741964761.0, 1741964954.0], 'EndTimes': [1741964634.0, 1741964821.0, 1741965015.0], 'TotalUserCpuTimeHistory': [3, 0, 4], 'TotalSysCpuTimeHistory': [0, 0, 0], 'WallDurations': [63.0, 8.0, 37.07230615615845, 37.07230615615845, 60.0, 61.0, 144.33724093437195], 'JobIds': ['117809515.0', '117809579.0', '117809678.0'], 'State': 'failed', 'RecordedSite': True, 'Error': [50115, 'BadFWJRXML', {}]}, '43': {'Retries': 2, 'Restarts': 0, 'SiteHistory': ['Unknown', 'T2_US_Nebraska', 'T2_US_Nebraska', 'T2_IT_Pisa', 'T2_IT_Pisa', 'T2_US_Nebraska', 'T2_US_Nebraska'], 'ResidentSetSize': [88460, 342772, 131572], 'SubmitTimes': [1741964443.0, 1741964707.0, 1741964977.0], 'StartTimes': [1741964573.0, 1741964766.0, 1741965073.0], 'EndTimes': [1741964638.0, 1741964851.0, 1741965148.0], 'TotalUserCpuTimeHistory': [1, 5, 23], 'TotalSysCpuTimeHistory': [0, 0, 0], 'WallDurations': [65.0, 8.0, 32.07230615615845, 32.07230615615845, 85.0, 9.0, 75.0], 'JobIds': ['117809516.0', '117809586.0', '117809689.0'], 'State': 'failed', 'RecordedSite': True, 'Error': [50115, 'BadFWJRXML', {}]}, '48': {'Retries': 2, 'Restarts': 0, 'SiteHistory': ['Unknown', 'T2_US_Vanderbilt', 'T2_US_Vanderbilt', 'T1_UK_RAL', 'T1_UK_RAL', 'T1_UK_RAL', 'T1_UK_RAL'], 'ResidentSetSize': [222344, 80476, 51232], 'SubmitTimes': [1741964443.0, 1741964848.0, 1741965059.0], 'StartTimes': [1741964576.0, 1741964873.0, 1741965173.0], 'EndTimes': [1741964776.0, 1741964935.0, 1741965235.0], 'TotalUserCpuTimeHistory': [33, 4, 12], 'TotalSysCpuTimeHistory': [0, 0, 0], 'WallDurations': [200.0, 222.07230615615845, 222.07230615615845, 62.0, 62.0, 225.53688406944275, 225.53688406944275], 'JobIds': ['117809517.0', '117809650.0', '117809725.0'], 'State': 'failed', 'RecordedSite': True, 'Error': [50115, 'BadFWJRXML', {}]}, '47': {'Retries': 2, 'Restarts': 0, 'SiteHistory': ['Unknown', 'T2_US_Caltech', 'T2_US_Caltech', 'T2_IT_Pisa', 'T2_IT_Pisa', 'T2_IT_Pisa', 'T2_IT_Pisa'], 'ResidentSetSize': [74544, 114460, 38672], 'SubmitTimes': [1741964443.0, 1741964718.0, 1741964977.0], 'StartTimes': [1741964577.0, 1741964761.0, 1741965018.0], 'EndTimes': [1741964646.0, 1741964851.0, 1741965080.0], 'TotalUserCpuTimeHistory': [2, 5, 2], 'TotalSysCpuTimeHistory': [0, 0, 0], 'WallDurations': [69.0, 9.0, 37.07230615615845, 37.07230615615845, 90.0, 62.0, 80.33724093437195], 'JobIds': ['117809518.0', '117809594.0', '117809691.0'], 'State': 'failed', 'RecordedSite': True}, '50': {'Retries': 2, 'Restarts': 0, 'SiteHistory': ['Unknown', 'T2_US_UCSD', 'T2_US_UCSD', 'T2_US_MIT', 'T2_US_MIT', 'T2_US_MIT', 'T2_US_MIT'], 'ResidentSetSize': [509000, 219932, 62648], 'SubmitTimes': [1741964443.0, 1741964733.0, 1741965028.0], 'StartTimes': [1741964573.0, 1741964805.0, 1741965053.0], 'EndTimes': [1741964664.0, 1741964900.0, 1741965115.0], 'TotalUserCpuTimeHistory': [8, 11, 12], 'TotalSysCpuTimeHistory': [0, 0, 0], 'WallDurations': [91.0, 0, 95.0, 8.0, 45.33724093437195, 45.33724093437195, 62.0], 'JobIds': ['117809519.0', '117809598.0', '117809712.0'], 'State': 'failed', 'RecordedSite': True, 'Error': [50115, 'BadFWJRXML', {}]}, '38': {'Retries': 2, 'Restarts': 0, 'SiteHistory': ['Unknown', 'T2_US_Caltech', 'T2_US_Caltech', 'T2_US_Vanderbilt', 'T2_US_Vanderbilt', 'T1_UK_RAL', 'T1_UK_RAL'], 'ResidentSetSize': [553708, 68264, 62612], 'SubmitTimes': [1741964443.0, 1741965419.0, 1741965772.0], 'StartTimes': [1741964733.0, 1741965569.0, 1741965966.0], 'EndTimes': [1741965349.0, 1741965643.0, 1741966027.0], 'TotalUserCpuTimeHistory': [15, 2, 7], 'TotalSysCpuTimeHistory': [0, 0, 0], 'WallDurations': [9.0, 65.07230615615845, 616.0, 74.0, 129.7052936553955, 9.0, 61.0], 'JobIds': ['117809520.0', '117809768.0', '117809796.0'], 'State': 'failed', 'RecordedSite': True, 'Error': [50115, 'BadFWJRXML', {}]}, '57': {'Retries': 2, 'Restarts': 0, 'SiteHistory': ['Unknown', 'T2_US_Nebraska', 'T2_US_Nebraska', 'T2_US_Nebraska', 'T2_US_Nebraska', 'T2_US_Nebraska', 'T2_US_Nebraska'], 'ResidentSetSize': [415332, 53896, 79316], 'SubmitTimes': [1741964443.0, 1741964874.0, 1741965074.0], 'StartTimes': [1741964728.0, 1741964883.0, 1741965399.0], 'EndTimes': [1741964805.0, 1741964946.0, 1741965472.0], 'TotalUserCpuTimeHistory': [9, 0, 16], 'TotalSysCpuTimeHistory': [0, 0, 0], 'WallDurations': [9.0, 70.07230615615845, 77.0, 63.0, 0, 73.0, 299.7052936553955], 'JobIds': ['117809521.0', '117809655.0', '117809729.0'], 'State': 'failed', 'RecordedSite': True, 'Error': [50115, 'BadFWJRXML', {}]}, '52': {'Retries': 2, 'Restarts': 0, 'SiteHistory': ['Unknown', 'T2_US_Wisconsin', 'T2_US_Wisconsin', 'T1_FR_CCIN2P3', 'T1_FR_CCIN2P3', 'T1_UK_RAL', 'T1_UK_RAL'], 'ResidentSetSize': [48684, 82324, 65156], 'SubmitTimes': [1741964443.0, 1741964701.0, 1741964925.0], 'StartTimes': [1741964568.0, 1741964735.0, 1741964929.0], 'EndTimes': [1741964631.0, 1741964796.0, 1741964991.0], 'TotalUserCpuTimeHistory': [2, 2, 4], 'TotalSysCpuTimeHistory': [0, 0, 0], 'WallDurations': [63.0, 61.0, 63.07230615615845, 63.07230615615845, 63.07230615615845, 62.0, 169.33724093437195], 'JobIds': ['117809522.0', '117809568.0', '117809668.0'], 'State': 'failed', 'RecordedSite': True, 'Error': [50115, 'BadFWJRXML', {}]}, '33': {'Retries': 2, 'Restarts': 0, 'SiteHistory': ['Unknown', 'T1_UK_RAL', 'T1_UK_RAL', 'T1_UK_RAL', 'T1_UK_RAL', 'T1_UK_RAL', 'T1_UK_RAL'], 'ResidentSetSize': [65272, 72184, 71944], 'SubmitTimes': [1741964444.0, 1741964807.0, 1741965059.0], 'StartTimes': [1741964672.0, 1741964864.0, 1741965123.0], 'EndTimes': [1741964734.0, 1741964926.0, 1741965185.0], 'TotalUserCpuTimeHistory': [3, 6, 1], 'TotalSysCpuTimeHistory': [0, 0, 0], 'WallDurations': [62.0, 126.07230615615845, 126.07230615615845, 62.0, 62.0, 275.53688406944275, 275.53688406944275], 'JobIds': ['117809523.0', '117809612.0', '117809722.0'], 'State': 'failed', 'RecordedSite': True, 'Error': [50115, 'BadFWJRXML', {}]}, '42': {'Retries': 2, 'Restarts': 0, 'SiteHistory': ['Unknown', 'T2_US_UCSD', 'T2_US_UCSD', 'T2_IT_Pisa', 'T2_IT_Pisa', 'T2_IT_Pisa', 'T2_IT_Pisa'], 'ResidentSetSize': [493084, 4084, 4072], 'SubmitTimes': [1741964444.0, 1741964957.0, 1741965216.0], 'StartTimes': [1741964725.0, 1741965022.0, 1741965273.0], 'EndTimes': [1741964844.0, 1741965085.0, 1741965333.0], 'TotalUserCpuTimeHistory': [6, 2, 2], 'TotalSysCpuTimeHistory': [0, 0, 0], 'WallDurations': [9.0, 73.07230615615845, 119.0, 63.0, 76.33724093437195, 60.0, 125.53688406944275], 'JobIds': ['117809524.0', '117809685.0', '117809754.0'], 'State': 'failed', 'RecordedSite': True, 'Error': [50115, 'BadFWJRXML', {}]}, '54': {'Retries': 2, 'Restarts': 0, 'SiteHistory': ['Unknown', 'T2_US_Nebraska', 'T2_US_Nebraska', 'T2_DE_RWTH', 'T2_DE_RWTH', 'T2_US_Nebraska', 'T2_US_Nebraska'], 'ResidentSetSize': [104156, 43012, 43076], 'SubmitTimes': [1741964444.0, 1741964707.0, 1741964957.0], 'StartTimes': [1741964573.0, 1741964760.0, 1741964973.0], 'EndTimes': [1741964638.0, 1741964824.0, 1741965041.0], 'TotalUserCpuTimeHistory': [14, 3, 14], 'TotalSysCpuTimeHistory': [0, 0, 0], 'WallDurations': [65.0, 9.0, 38.07230615615845, 38.07230615615845, 64.0, 68.0, 125.33724093437195], 'JobIds': ['117809525.0', '117809585.0', '117809682.0'], 'State': 'failed', 'RecordedSite': True, 'Error': [50115, 'BadFWJRXML', {}]}, '45': {'Retries': 2, 'Restarts': 0, 'SiteHistory': ['Unknown', 'T2_US_Caltech', 'T2_US_Caltech', 'T2_IT_Pisa', 'T2_IT_Pisa', 'T1_UK_RAL', 'T1_UK_RAL'], 'ResidentSetSize': [341832, 51604, 74000], 'SubmitTimes': [1741964444.0, 1741964707.0, 1741964957.0], 'StartTimes': [1741964574.0, 1741964761.0, 1741964995.0], 'EndTimes': [1741964639.0, 1741964824.0, 1741965055.0], 'TotalUserCpuTimeHistory': [2, 1, 4], 'TotalSysCpuTimeHistory': [0, 0, 0], 'WallDurations': [65.0, 8.0, 37.07230615615845, 37.07230615615845, 63.0, 60.0, 103.33724093437195], 'JobIds': ['117809526.0', '117809581.0', '117809681.0'], 'State': 'failed', 'RecordedSite': True, 'Error': [50115, 'BadFWJRXML', {}]}, '56': {'Retries': 2, 'Restarts': 0, 'SiteHistory': ['Unknown', 'T2_US_Purdue', 'T2_US_Purdue', 'T1_FR_CCIN2P3', 'T1_FR_CCIN2P3', 'T1_UK_RAL', 'T1_UK_RAL'], 'ResidentSetSize': [44100, 82132, 79728], 'SubmitTimes': [1741964444.0, 1741964696.0, 1741964925.0], 'StartTimes': [1741964565.0, 1741964734.0, 1741964932.0], 'EndTimes': [1741964629.0, 1741964796.0, 1741964992.0], 'TotalUserCpuTimeHistory': [2, 9, 4], 'TotalSysCpuTimeHistory': [0, 0, 0], 'WallDurations': [64.0, 62.0, 64.07230615615845, 64.07230615615845, 64.07230615615845, 60.0, 166.33724093437195], 'JobIds': ['117809527.0', '117809564.0', '117809670.0'], 'State': 'failed', 'RecordedSite': True, 'Error': [50115, 'BadFWJRXML', {}]}, '58': {'Retries': 2, 'Restarts': 0, 'SiteHistory': ['Unknown', 'T2_US_Wisconsin', 'T2_US_Wisconsin', 'T2_BE_UCL', 'T2_BE_UCL', 'T2_BE_UCL', 'T2_BE_UCL'], 'ResidentSetSize': [44916, 51292, 367212], 'SubmitTimes': [1741964444.0, 1741964701.0, 1741964957.0], 'StartTimes': [1741964570.0, 1741964761.0, 1741965023.0], 'EndTimes': [1741964634.0, 1741964824.0, 1741965121.0], 'TotalUserCpuTimeHistory': [1, 0, 0], 'TotalSysCpuTimeHistory': [0, 0, 0], 'WallDurations': [64.0, 9.0, 37.07230615615845, 37.07230615615845, 63.0, 9.0, 98.0], 'JobIds': ['117809528.0', '117809575.0', '117809684.0'], 'State': 'failed', 'RecordedSite': True, 'Error': [50115, 'BadFWJRXML', {}]}, '60': {'Retries': 2, 'Restarts': 0, 'SiteHistory': ['Unknown', 'T2_US_UCSD', 'T2_US_UCSD', 'T2_US_UCSD', 'T2_US_UCSD', 'T1_ES_PIC', 'T1_ES_PIC'], 'ResidentSetSize': [527656, 80096, 4844], 'SubmitTimes': [1741964444.0, 1741964992.0, 1741966064.0], 'StartTimes': [1741964830.0, 1741965221.0, 1741966183.0], 'EndTimes': [1741964901.0, 1741965935.0, 1741966257.0], 'TotalUserCpuTimeHistory': [1, 102, 17], 'TotalSysCpuTimeHistory': [0, 3, 1], 'WallDurations': [0, 71.0, 0, 10.0, 714.0, 74.0, 116.02925109863281], 'JobIds': ['117809529.0', '117809698.0', '117809838.0'], 'State': 'failed', 'RecordedSite': True, 'Error': [50115, 'BadFWJRXML', {}]}, '53': {'Retries': 2, 'Restarts': 0, 'SiteHistory': ['Unknown', 'T2_US_Wisconsin', 'T2_US_Wisconsin', 'T1_UK_RAL', 'T1_UK_RAL', 'T1_FR_CCIN2P3', 'T1_FR_CCIN2P3'], 'ResidentSetSize': [106156, 48884, 86812], 'SubmitTimes': [1741964444.0, 1741964701.0, 1741964935.0], 'StartTimes': [1741964570.0, 1741964743.0, 1741964985.0], 'EndTimes': [1741964633.0, 1741964806.0, 1741965046.0], 'TotalUserCpuTimeHistory': [5, 4, 11], 'TotalSysCpuTimeHistory': [0, 0, 2], 'WallDurations': [63.0, 10.0, 55.07230615615845, 55.07230615615845, 63.0, 61.0, 113.33724093437195], 'JobIds': ['117809530.0', '117809571.0', '117809675.0'], 'State': 'failed', 'RecordedSite': True, 'Error': [50115, 'BadFWJRXML', {}]}, '59': {'Retries': 2, 'Restarts': 0, 'SiteHistory': ['Unknown', 'T2_US_UCSD', 'T2_US_UCSD', 'T1_ES_PIC', 'T1_ES_PIC', 'T1_ES_PIC', 'T1_ES_PIC'], 'ResidentSetSize': [549236, 113900, 91964], 'SubmitTimes': [1741964444.0, 1741964733.0, 1741964962.0], 'StartTimes': [1741964571.0, 1741964757.0, 1741965015.0], 'EndTimes': [1741964662.0, 1741964837.0, 1741965100.0], 'TotalUserCpuTimeHistory': [12, 31, 25], 'TotalSysCpuTimeHistory': [0, 2, 2], 'WallDurations': [91.0, 8.0, 41.07230615615845, 41.07230615615845, 80.0, 8.0, 85.0], 'JobIds': ['117809531.0', '117809597.0', '117809687.0'], 'State': 'failed', 'RecordedSite': True, 'Error': [50115, 'BadFWJRXML', {}]}, '55': {'Retries': 2, 'Restarts': 0, 'SiteHistory': ['Unknown', 'T2_US_Nebraska', 'T2_US_Nebraska', 'T2_US_Nebraska', 'T2_US_Nebraska', 'T2_DE_RWTH', 'T2_DE_RWTH'], 'ResidentSetSize': [179232, 73580, 77036], 'SubmitTimes': [1741964444.0, 1741965043.0, 1741965251.0], 'StartTimes': [1741964885.0, 1741965058.0, 1741965272.0], 'EndTimes': [1741964975.0, 1741965123.0, 1741965334.0], 'TotalUserCpuTimeHistory': [22, 10, 0], 'TotalSysCpuTimeHistory': [0, 0, 0], 'WallDurations': [0, 90.0, 9.0, 40.33724093437195, 65.0, 62.0, 126.53688406944275], 'JobIds': ['117809532.0', '117809713.0', '117809760.0'], 'State': 'failed', 'RecordedSite': True, 'Error': [50115, 'BadFWJRXML', {}]}, '64': {'Retries': 2, 'Restarts': 0, 'SiteHistory': ['Unknown', 'T1_ES_PIC', 'T1_ES_PIC', 'T1_ES_PIC', 'T1_ES_PIC', 'T1_ES_PIC', 'T1_ES_PIC'], 'ResidentSetSize': [84940, 75816, 67584], 'SubmitTimes': [1741964444.0, 1741964859.0, 1741965140.0], 'StartTimes': [1741964729.0, 1741964925.0, 1741965167.0], 'EndTimes': [1741964791.0, 1741965009.0, 1741965245.0], 'TotalUserCpuTimeHistory': [14, 17, 19], 'TotalSysCpuTimeHistory': [0, 0, 0], 'WallDurations': [62.0, 69.07230615615845, 69.07230615615845, 84.0, 173.33724093437195, 78.0, 231.53688406944275], 'JobIds': ['117809533.0', '117809652.0', '117809739.0'], 'State': 'failed', 'RecordedSite': True, 'Error': [50115, 'BadFWJRXML', {}]}, '61': {'Retries': 2, 'Restarts': 0, 'SiteHistory': ['Unknown', 'T2_US_UCSD', 'T2_US_UCSD', 'T1_ES_PIC', 'T1_ES_PIC', 'T1_UK_RAL', 'T1_UK_RAL'], 'ResidentSetSize': [487948, 129580, 75888], 'SubmitTimes': [1741964444.0, 1741964707.0, 1741964945.0], 'StartTimes': [1741964572.0, 1741964751.0, 1741964994.0], 'EndTimes': [1741964638.0, 1741964814.0, 1741965055.0], 'TotalUserCpuTimeHistory': [17, 4, 0], 'TotalSysCpuTimeHistory': [0, 0, 0], 'WallDurations': [66.0, 9.0, 47.07230615615845, 47.07230615615845, 63.0, 61.0, 104.33724093437195], 'JobIds': ['117809534.0', '117809584.0', '117809677.0'], 'State': 'failed', 'RecordedSite': True, 'Error': [50115, 'BadFWJRXML', {}]}, '67': {'Retries': 2, 'Restarts': 0, 'SiteHistory': ['Unknown', 'T1_ES_PIC', 'T1_ES_PIC', 'T1_UK_RAL', 'T1_UK_RAL', 'T1_ES_PIC', 'T1_ES_PIC'], 'ResidentSetSize': [207952, 51468, 323452], 'SubmitTimes': [1741964444.0, 1741964833.0, 1741965059.0], 'StartTimes': [1741964673.0, 1741964866.0, 1741965087.0], 'EndTimes': [1741964767.0, 1741964928.0, 1741965163.0], 'TotalUserCpuTimeHistory': [12, 7, 30], 'TotalSysCpuTimeHistory': [1, 0, 2], 'WallDurations': [94.0, 125.07230615615845, 125.07230615615845, 62.0, 8.0, 11.337240934371948, 76.0], 'JobIds': ['117809535.0', '117809645.0', '117809719.0'], 'State': 'failed', 'RecordedSite': True, 'Error': [50115, 'BadFWJRXML', {}]}, '65': {'Retries': 2, 'Restarts': 0, 'SiteHistory': ['Unknown', 'T1_ES_PIC', 'T1_ES_PIC', 'T1_UK_RAL', 'T1_UK_RAL', 'T1_ES_PIC', 'T1_ES_PIC'], 'ResidentSetSize': [250364, 67736, 92716], 'SubmitTimes': [1741964444.0, 1741964843.0, 1741965059.0], 'StartTimes': [1741964675.0, 1741964868.0, 1741965105.0], 'EndTimes': [1741964774.0, 1741964929.0, 1741965197.0], 'TotalUserCpuTimeHistory': [1, 6, 13], 'TotalSysCpuTimeHistory': [0, 0, 1], 'WallDurations': [99.0, 123.07230615615845, 123.07230615615845, 61.0, 92.0, 293.53688406944275, 293.53688406944275], 'JobIds': ['117809536.0', '117809648.0', '117809723.0'], 'State': 'failed', 'RecordedSite': True, 'Error': [50115, 'BadFWJRXML', {}]}, '63': {'Retries': 2, 'Restarts': 0, 'SiteHistory': ['Unknown', 'T1_ES_PIC', 'T1_ES_PIC', 'T1_ES_PIC', 'T1_ES_PIC', 'T1_UK_RAL', 'T1_UK_RAL'], 'ResidentSetSize': [93428, 510656, 48680], 'SubmitTimes': [1741964444.0, 1741964818.0, 1741965059.0], 'StartTimes': [1741964674.0, 1741964850.0, 1741965131.0], 'EndTimes': [1741964749.0, 1741964932.0, 1741965192.0], 'TotalUserCpuTimeHistory': [28, 21, 8], 'TotalSysCpuTimeHistory': [1, 0, 0], 'WallDurations': [75.0, 124.07230615615845, 124.07230615615845, 82.0, 61.0, 267.53688406944275, 267.53688406944275], 'JobIds': ['117809537.0', '117809618.0', '117809724.0'], 'State': 'failed', 'RecordedSite': True, 'Error': [50115, 'BadFWJRXML', {}]}, '62': {'Retries': 2, 'Restarts': 0, 'SiteHistory': ['Unknown', 'T2_US_UCSD', 'T2_US_UCSD', 'T1_ES_PIC', 'T1_ES_PIC', 'T1_ES_PIC', 'T1_ES_PIC'], 'ResidentSetSize': [52052, 131172, 130000], 'SubmitTimes': [1741964444.0, 1741964749.0, 1741964972.0], 'StartTimes': [1741964613.0, 1741964770.0, 1741965014.0], 'EndTimes': [1741964677.0, 1741964846.0, 1741965083.0], 'TotalUserCpuTimeHistory': [5, 24, 13], 'TotalSysCpuTimeHistory': [0, 1, 1], 'WallDurations': [64.0, 10.0, 28.072306156158447, 28.072306156158447, 76.0, 69.0, 84.33724093437195], 'JobIds': ['117809538.0', '117809603.0', '117809688.0'], 'State': 'failed', 'RecordedSite': True}, '32': {'Retries': 2, 'Restarts': 0, 'SiteHistory': ['Unknown', 'T1_UK_RAL', 'T1_UK_RAL', 'T1_UK_RAL', 'T1_UK_RAL', 'T1_UK_RAL', 'T1_UK_RAL'], 'ResidentSetSize': [179712, 72540, 59768], 'SubmitTimes': [1741964444.0, 1741964807.0, 1741965059.0], 'StartTimes': [1741964672.0, 1741964866.0, 1741965122.0], 'EndTimes': [1741964740.0, 1741964927.0, 1741965184.0], 'TotalUserCpuTimeHistory': [4, 5, 3], 'TotalSysCpuTimeHistory': [0, 0, 0], 'WallDurations': [68.0, 126.07230615615845, 126.07230615615845, 61.0, 62.0, 276.53688406944275, 276.53688406944275], 'JobIds': ['117809539.0', '117809614.0', '117809721.0'], 'State': 'failed', 'RecordedSite': True, 'Error': [50115, 'BadFWJRXML', {}]}, '68': {'Retries': 2, 'Restarts': 0, 'SiteHistory': ['Unknown', 'T2_US_Purdue', 'T2_US_Purdue', 'T1_UK_RAL', 'T1_UK_RAL', 'T1_ES_PIC', 'T1_ES_PIC'], 'ResidentSetSize': [83496, 72632, 301424], 'SubmitTimes': [1741964444.0, 1741964701.0, 1741964930.0], 'StartTimes': [1741964569.0, 1741964737.0, 1741964937.0], 'EndTimes': [1741964633.0, 1741964797.0, 1741965010.0], 'TotalUserCpuTimeHistory': [3, 7, 4], 'TotalSysCpuTimeHistory': [0, 0, 0], 'WallDurations': [64.0, 60.0, 61.07230615615845, 61.07230615615845, 61.07230615615845, 73.0, 161.33724093437195], 'JobIds': ['117809540.0', '117809569.0', '117809672.0'], 'State': 'failed', 'RecordedSite': True, 'Error': [50115, 'BadFWJRXML', {}]}, '66': {'Retries': 2, 'Restarts': 0, 'SiteHistory': ['Unknown', 'T1_ES_PIC', 'T1_ES_PIC', 'T1_ES_PIC', 'T1_ES_PIC', 'T1_UK_RAL', 'T1_UK_RAL'], 'ResidentSetSize': [262520, 126160, 39296], 'SubmitTimes': [1741964444.0, 1741964818.0, 1741965048.0], 'StartTimes': [1741964673.0, 1741964840.0, 1741965066.0], 'EndTimes': [1741964747.0, 1741964920.0, 1741965128.0], 'TotalUserCpuTimeHistory': [20, 32, 10], 'TotalSysCpuTimeHistory': [1, 3, 0], 'WallDurations': [74.0, 125.07230615615845, 125.07230615615845, 80.0, 9.0, 32.33724093437195, 62.0], 'JobIds': ['117809541.0', '117809617.0', '117809715.0'], 'State': 'failed', 'RecordedSite': True, 'Error': [50115, 'BadFWJRXML', {}]}}
INFO 2025-03-14 15:33:15.890 UTC: 	 Status on the scheduler:	SUBMITTED
INFO 2025-03-14 15:33:15.890 UTC: 	 
Jobs status:                    failed       		 97.1% (66/68)
INFO 2025-03-14 15:33:15.890 UTC: 	 				idle         		  1.5% ( 1/68)
INFO 2025-03-14 15:33:15.890 UTC: 	 				toRetry      		  1.5% ( 1/68)
INFO 2025-03-14 15:33:15.890 UTC: 	 
No publication information (publication has been disabled in the CRAB configuration file)
INFO 2025-03-14 15:33:15.891 UTC: 	 
Error Summary: (use crab status --verboseErrors for details about the errors)

61 jobs failed with exit code 50115

Could not find exit code details for 5 jobs.

Have a look at https://twiki.cern.ch/twiki/bin/viewauth/CMSPublic/JobExitCodes for a description of the exit codes.
INFO 2025-03-14 15:33:15.892 UTC: 	 
Warning: the max jobs runtime is less than 30% of the task requested value (2700 min), please consider to request a lower value for failed jobs (allowed through crab resubmit) and/or improve the jobs splitting (e.g. config.Data.splitting = 'Automatic') in a new task.
INFO 2025-03-14 15:33:15.892 UTC: 	 
Warning: the average jobs CPU efficiency is less than 50%, please consider to improve the jobs splitting (e.g. config.Data.splitting = 'Automatic') in a new task
INFO 2025-03-14 15:33:15.892 UTC: 	 
Summary of run jobs:
 * Memory: 0MB min, 508MB max, 107MB ave
 * Runtime: 0:00:00 min, 0:12:05 max, 0:02:21 ave
 * CPU eff: 0% min, 42% max, 8% ave
 * Waste: 7:18:00 (73% of total)

INFO 2025-03-14 15:33:15.905 UTC: 	 Log file is /eos/home-a/apuglia/SWAN_projects/thesis/CMSSW_14_1_7/src/PhysicsTools/NanoAODTools/crab/crab_TTTo2J1L1Nu_v4/crab.log
