DEBUG 2025-06-27 15:54:14.564 UTC: 	 CRAB Client version: v3.250522
DEBUG 2025-06-27 15:54:14.565 UTC: 	 Running on: Linux lxplus989.cern.ch 5.14.0-503.38.1.el9_5.x86_64 #1 SMP PREEMPT_DYNAMIC Sun Apr 13 22:01:49 EDT 2025 x86_64 x86_64 x86_64 GNU/Linux
DEBUG 2025-06-27 15:54:14.565 UTC: 	 Not using Singularity
DEBUG 2025-06-27 15:54:14.565 UTC: 	 Operating System: Red Hat Enterprise Linux 9.6 (Plow)
DEBUG 2025-06-27 15:54:14.565 UTC: 	 Executing command: 'checkwrite'
DEBUG 2025-06-27 15:54:14.565 UTC: 	 Found CRAB cache file /afs/cern.ch/user/a/apuglia/.crab3
DEBUG 2025-06-27 15:54:23.204 UTC: 	 CRAB Client version: v3.250522
DEBUG 2025-06-27 15:54:23.204 UTC: 	 Running on: Linux lxplus989.cern.ch 5.14.0-503.38.1.el9_5.x86_64 #1 SMP PREEMPT_DYNAMIC Sun Apr 13 22:01:49 EDT 2025 x86_64 x86_64 x86_64 GNU/Linux
DEBUG 2025-06-27 15:54:23.204 UTC: 	 Not using Singularity
DEBUG 2025-06-27 15:54:23.204 UTC: 	 Operating System: Red Hat Enterprise Linux 9.6 (Plow)
DEBUG 2025-06-27 15:54:23.204 UTC: 	 Executing command: 'checkwrite'
DEBUG 2025-06-27 15:54:23.204 UTC: 	 Found CRAB cache file /afs/cern.ch/user/a/apuglia/.crab3
DEBUG 2025-06-27 15:57:11.651 UTC: 	 CRAB Client version: v3.250522
DEBUG 2025-06-27 15:57:11.652 UTC: 	 Running on: Linux lxplus989.cern.ch 5.14.0-503.38.1.el9_5.x86_64 #1 SMP PREEMPT_DYNAMIC Sun Apr 13 22:01:49 EDT 2025 x86_64 x86_64 x86_64 GNU/Linux
DEBUG 2025-06-27 15:57:11.652 UTC: 	 Not using Singularity
DEBUG 2025-06-27 15:57:11.652 UTC: 	 Operating System: Red Hat Enterprise Linux 9.6 (Plow)
DEBUG 2025-06-27 15:57:11.652 UTC: 	 Executing command: 'checkwrite'
DEBUG 2025-06-27 15:57:11.652 UTC: 	 Found CRAB cache file /afs/cern.ch/user/a/apuglia/.crab3
DEBUG 2025-06-27 15:57:11.652 UTC: 	 Checking credentials
DEBUG 2025-06-27 15:57:11.652 UTC: 	 Found proxy file /tmp/x509up_u180940
DEBUG 2025-06-27 15:57:11.652 UTC: 	 Making sure it has proper VOMS extension
DEBUG 2025-06-27 15:57:11.652 UTC: 	 Executing command :
 voms-proxy-info --vo --file /tmp/x509up_u180940
DEBUG 2025-06-27 15:57:12.019 UTC: 	 output : cms

 error: 
 retcode : 0
DEBUG 2025-06-27 15:57:12.019 UTC: 	 Getting proxy life time left
DEBUG 2025-06-27 15:57:12.019 UTC: 	 Executing command :
 voms-proxy-info --actimeleft --timeleft --file /tmp/x509up_u180940
DEBUG 2025-06-27 15:57:12.363 UTC: 	 output : 691044
691044

 error: 
 retcode : 0
DEBUG 2025-06-27 15:57:12.363 UTC: 	 Proxy valid for 191:57:24 hours
DEBUG 2025-06-27 15:57:12.363 UTC: 	 Retrieving username ...
DEBUG 2025-06-27 15:57:12.363 UTC: 	 Retrieving username from CRIC...
DEBUG 2025-06-27 15:57:13.091 UTC: 	 username is apuglia
INFO 2025-06-27 15:57:13.563 UTC: 	 Rucio client intialized for account apuglia
DEBUG 2025-06-27 15:57:13.563 UTC: 	 Command use: checkwrite
DEBUG 2025-06-27 15:57:13.563 UTC: 	 Options use: ['--site', 'T2_IT_Bari']
DEBUG 2025-06-27 15:57:13.563 UTC: 	 Instance is None
DEBUG 2025-06-27 15:57:13.563 UTC: 	 Server base url is None
DEBUG 2025-06-27 15:57:13.563 UTC: 	 Retrieving username ...
DEBUG 2025-06-27 15:57:13.563 UTC: 	 Retrieving username from CRIC...
DEBUG 2025-06-27 15:57:14.401 UTC: 	 username is apuglia
INFO 2025-06-27 15:57:14.401 UTC: 	 Will check write permission in the default location /store/user/<username>
INFO 2025-06-27 15:57:14.401 UTC: 	 Validating LFN /store/user/apuglia...
INFO 2025-06-27 15:57:14.401 UTC: 	 LFN /store/user/apuglia is valid.
INFO 2025-06-27 15:57:14.414 UTC: 	 Will use `gfal-copy`, `gfal-rm` commands for checking write permissions
INFO 2025-06-27 15:57:14.415 UTC: 	 Will check write permission in /store/user/apuglia on site T2_IT_Bari
INFO 2025-06-27 15:57:14.468 UTC: 	 Will use PFN: davs://webdav.recas.ba.infn.it:8443/cms/store/user/apuglia/crab3checkwrite_20250627_175714_def5ee5b-64d0-407e-a54b-a7aef53ebd2f/def5ee5b-64d0-407e-a54b-a7aef53ebd2f.tmp
INFO 2025-06-27 15:57:14.468 UTC: 	 
Attempting to create (dummy) directory crab3checkwrite_20250627_175714_def5ee5b-64d0-407e-a54b-a7aef53ebd2f and copy (dummy) file def5ee5b-64d0-407e-a54b-a7aef53ebd2f.tmp to /store/user/apuglia

INFO 2025-06-27 15:57:14.473 UTC: 	 Executing command: which scram >/dev/null 2>&1 && eval `scram unsetenv -sh`; gfal-copy -p -v -t 180 file:///afs/cern.ch/user/a/apuglia/CMSSW_14_1_7/src/PhysicsTools/NanoAODTools/python/postprocessing/AndreaThesis/utilities/stack_plot/def5ee5b-64d0-407e-a54b-a7aef53ebd2f.tmp 'davs://webdav.recas.ba.infn.it:8443/cms/store/user/apuglia/crab3checkwrite_20250627_175714_def5ee5b-64d0-407e-a54b-a7aef53ebd2f/def5ee5b-64d0-407e-a54b-a7aef53ebd2f.tmp'
INFO 2025-06-27 15:57:14.474 UTC: 	 Please wait...
INFO 2025-06-27 15:57:15.642 UTC: 	 
Successfully created directory crab3checkwrite_20250627_175714_def5ee5b-64d0-407e-a54b-a7aef53ebd2f and copied file def5ee5b-64d0-407e-a54b-a7aef53ebd2f.tmp to /store/user/apuglia
INFO 2025-06-27 15:57:15.643 UTC: 	 
Attempting to delete file davs://webdav.recas.ba.infn.it:8443/cms/store/user/apuglia/crab3checkwrite_20250627_175714_def5ee5b-64d0-407e-a54b-a7aef53ebd2f/def5ee5b-64d0-407e-a54b-a7aef53ebd2f.tmp

INFO 2025-06-27 15:57:15.643 UTC: 	 Executing command: which scram >/dev/null 2>&1 && eval `scram unsetenv -sh`; gfal-rm -v -t 180 'davs://webdav.recas.ba.infn.it:8443/cms/store/user/apuglia/crab3checkwrite_20250627_175714_def5ee5b-64d0-407e-a54b-a7aef53ebd2f/def5ee5b-64d0-407e-a54b-a7aef53ebd2f.tmp'
INFO 2025-06-27 15:57:15.643 UTC: 	 Please wait...
INFO 2025-06-27 15:57:16.771 UTC: 	 
Successfully deleted file davs://webdav.recas.ba.infn.it:8443/cms/store/user/apuglia/crab3checkwrite_20250627_175714_def5ee5b-64d0-407e-a54b-a7aef53ebd2f/def5ee5b-64d0-407e-a54b-a7aef53ebd2f.tmp
INFO 2025-06-27 15:57:16.772 UTC: 	 
Attempting to delete directory davs://webdav.recas.ba.infn.it:8443/cms/store/user/apuglia/crab3checkwrite_20250627_175714_def5ee5b-64d0-407e-a54b-a7aef53ebd2f/

INFO 2025-06-27 15:57:16.772 UTC: 	 Executing command: which scram >/dev/null 2>&1 && eval `scram unsetenv -sh`; gfal-rm -r -v -t 180 'davs://webdav.recas.ba.infn.it:8443/cms/store/user/apuglia/crab3checkwrite_20250627_175714_def5ee5b-64d0-407e-a54b-a7aef53ebd2f/'
INFO 2025-06-27 15:57:16.772 UTC: 	 Please wait...
INFO 2025-06-27 15:57:17.826 UTC: 	 
Successfully deleted directory davs://webdav.recas.ba.infn.it:8443/cms/store/user/apuglia/crab3checkwrite_20250627_175714_def5ee5b-64d0-407e-a54b-a7aef53ebd2f/
INFO 2025-06-27 15:57:17.839 UTC: 	 
Checkwrite Result:
INFO 2025-06-27 15:57:17.839 UTC: 	 Success: Able to write in /store/user/apuglia on site T2_IT_Bari
